Archive member included to satisfy reference by file (symbol)

c:/program files (x86)/atollic/truestudio for arm 5.5.1/armtools/bin/../lib/gcc/arm-atollic-eabi/5.3.1/../../../../arm-atollic-eabi/lib/armv7e-m/fpu\libc.a(lib_a-init.o)
                              Drivers\CMSIS\Device\ST\STM32F3xx\Source\Templates\gcc\startup_stm32f303xc.o (__libc_init_array)
c:/program files (x86)/atollic/truestudio for arm 5.5.1/armtools/bin/../lib/gcc/arm-atollic-eabi/5.3.1/../../../../arm-atollic-eabi/lib/armv7e-m/fpu\libc.a(lib_a-malloc.o)
                              Src\usbd_conf.o (free)
c:/program files (x86)/atollic/truestudio for arm 5.5.1/armtools/bin/../lib/gcc/arm-atollic-eabi/5.3.1/../../../../arm-atollic-eabi/lib/armv7e-m/fpu\libc.a(lib_a-mallocr.o)
                              c:/program files (x86)/atollic/truestudio for arm 5.5.1/armtools/bin/../lib/gcc/arm-atollic-eabi/5.3.1/../../../../arm-atollic-eabi/lib/armv7e-m/fpu\libc.a(lib_a-malloc.o) (_malloc_r)
c:/program files (x86)/atollic/truestudio for arm 5.5.1/armtools/bin/../lib/gcc/arm-atollic-eabi/5.3.1/../../../../arm-atollic-eabi/lib/armv7e-m/fpu\libc.a(lib_a-memcpy-stub.o)
                              Src\commands.o (memcpy)
c:/program files (x86)/atollic/truestudio for arm 5.5.1/armtools/bin/../lib/gcc/arm-atollic-eabi/5.3.1/../../../../arm-atollic-eabi/lib/armv7e-m/fpu\libc.a(lib_a-mlock.o)
                              c:/program files (x86)/atollic/truestudio for arm 5.5.1/armtools/bin/../lib/gcc/arm-atollic-eabi/5.3.1/../../../../arm-atollic-eabi/lib/armv7e-m/fpu\libc.a(lib_a-mallocr.o) (__malloc_lock)
c:/program files (x86)/atollic/truestudio for arm 5.5.1/armtools/bin/../lib/gcc/arm-atollic-eabi/5.3.1/../../../../arm-atollic-eabi/lib/armv7e-m/fpu\libc.a(lib_a-sbrkr.o)
                              c:/program files (x86)/atollic/truestudio for arm 5.5.1/armtools/bin/../lib/gcc/arm-atollic-eabi/5.3.1/../../../../arm-atollic-eabi/lib/armv7e-m/fpu\libc.a(lib_a-mallocr.o) (_sbrk_r)
c:/program files (x86)/atollic/truestudio for arm 5.5.1/armtools/bin/../lib/gcc/arm-atollic-eabi/5.3.1/../../../../arm-atollic-eabi/lib/armv7e-m/fpu\libc.a(lib_a-sprintf.o)
                              Src\commands.o (sprintf)
c:/program files (x86)/atollic/truestudio for arm 5.5.1/armtools/bin/../lib/gcc/arm-atollic-eabi/5.3.1/../../../../arm-atollic-eabi/lib/armv7e-m/fpu\libc.a(lib_a-svfprintf.o)
                              c:/program files (x86)/atollic/truestudio for arm 5.5.1/armtools/bin/../lib/gcc/arm-atollic-eabi/5.3.1/../../../../arm-atollic-eabi/lib/armv7e-m/fpu\libc.a(lib_a-sprintf.o) (_svfprintf_r)
c:/program files (x86)/atollic/truestudio for arm 5.5.1/armtools/bin/../lib/gcc/arm-atollic-eabi/5.3.1/../../../../arm-atollic-eabi/lib/armv7e-m/fpu\libc.a(lib_a-dtoa.o)
                              c:/program files (x86)/atollic/truestudio for arm 5.5.1/armtools/bin/../lib/gcc/arm-atollic-eabi/5.3.1/../../../../arm-atollic-eabi/lib/armv7e-m/fpu\libc.a(lib_a-svfprintf.o) (_dtoa_r)
c:/program files (x86)/atollic/truestudio for arm 5.5.1/armtools/bin/../lib/gcc/arm-atollic-eabi/5.3.1/../../../../arm-atollic-eabi/lib/armv7e-m/fpu\libc.a(lib_a-freer.o)
                              c:/program files (x86)/atollic/truestudio for arm 5.5.1/armtools/bin/../lib/gcc/arm-atollic-eabi/5.3.1/../../../../arm-atollic-eabi/lib/armv7e-m/fpu\libc.a(lib_a-malloc.o) (_free_r)
c:/program files (x86)/atollic/truestudio for arm 5.5.1/armtools/bin/../lib/gcc/arm-atollic-eabi/5.3.1/../../../../arm-atollic-eabi/lib/armv7e-m/fpu\libc.a(lib_a-impure.o)
                              c:/program files (x86)/atollic/truestudio for arm 5.5.1/armtools/bin/../lib/gcc/arm-atollic-eabi/5.3.1/../../../../arm-atollic-eabi/lib/armv7e-m/fpu\libc.a(lib_a-malloc.o) (_impure_ptr)
c:/program files (x86)/atollic/truestudio for arm 5.5.1/armtools/bin/../lib/gcc/arm-atollic-eabi/5.3.1/../../../../arm-atollic-eabi/lib/armv7e-m/fpu\libc.a(lib_a-locale.o)
                              c:/program files (x86)/atollic/truestudio for arm 5.5.1/armtools/bin/../lib/gcc/arm-atollic-eabi/5.3.1/../../../../arm-atollic-eabi/lib/armv7e-m/fpu\libc.a(lib_a-svfprintf.o) (_localeconv_r)
c:/program files (x86)/atollic/truestudio for arm 5.5.1/armtools/bin/../lib/gcc/arm-atollic-eabi/5.3.1/../../../../arm-atollic-eabi/lib/armv7e-m/fpu\libc.a(lib_a-memchr.o)
                              c:/program files (x86)/atollic/truestudio for arm 5.5.1/armtools/bin/../lib/gcc/arm-atollic-eabi/5.3.1/../../../../arm-atollic-eabi/lib/armv7e-m/fpu\libc.a(lib_a-svfprintf.o) (memchr)
c:/program files (x86)/atollic/truestudio for arm 5.5.1/armtools/bin/../lib/gcc/arm-atollic-eabi/5.3.1/../../../../arm-atollic-eabi/lib/armv7e-m/fpu\libc.a(lib_a-mprec.o)
                              c:/program files (x86)/atollic/truestudio for arm 5.5.1/armtools/bin/../lib/gcc/arm-atollic-eabi/5.3.1/../../../../arm-atollic-eabi/lib/armv7e-m/fpu\libc.a(lib_a-dtoa.o) (_Balloc)
[...]
Memory Configuration

Name             Origin             Length             Attributes
FLASH            0x08000000         0x00020000         xr
RAM              0x20000000         0x00008000         xrw
CCMRAM           0x10000000         0x00002000         rw
*default*        0x00000000         0xffffffff

Linker script and memory map

LOAD c:/program files (x86)/atollic/truestudio for arm 5.5.1/armtools/bin/../lib/gcc/arm-atollic-eabi/5.3.1/armv7e-m/fpu/crti.o
LOAD c:/program files (x86)/atollic/truestudio for arm 5.5.1/armtools/bin/../lib/gcc/arm-atollic-eabi/5.3.1/armv7e-m/fpu/crtbegin.o
LOAD hx711\hx711.o
LOAD Src\usbd_desc.o
LOAD Src\usbd_conf.o
LOAD Src\usbd_cdc_if.o
LOAD Src\usb_device.o
LOAD Src\stm32f3xx_it.o
LOAD Src\stm32f3xx_hal_msp.o
LOAD Src\main.o
LOAD Src\commands.o
LOAD Middlewares\ST\STM32_USB_Device_Library\Core\Src\usbd_ioreq.o
LOAD Middlewares\ST\STM32_USB_Device_Library\Core\Src\usbd_ctlreq.o
LOAD Middlewares\ST\STM32_USB_Device_Library\Core\Src\usbd_core.o
LOAD Middlewares\ST\STM32_USB_Device_Library\Class\CDC\Src\usbd_cdc.o
LOAD Drivers\STM32F3xx_HAL_Driver\Src\stm32f3xx_hal_tim_ex.o
LOAD Drivers\STM32F3xx_HAL_Driver\Src\stm32f3xx_hal_tim.o
LOAD Drivers\STM32F3xx_HAL_Driver\Src\stm32f3xx_hal_rcc_ex.o
LOAD Drivers\STM32F3xx_HAL_Driver\Src\stm32f3xx_hal_rcc.o
LOAD Drivers\STM32F3xx_HAL_Driver\Src\stm32f3xx_hal_pwr_ex.o
LOAD Drivers\STM32F3xx_HAL_Driver\Src\stm32f3xx_hal_pwr.o
LOAD Drivers\STM32F3xx_HAL_Driver\Src\stm32f3xx_hal_pcd_ex.o
LOAD Drivers\STM32F3xx_HAL_Driver\Src\stm32f3xx_hal_pcd.o
LOAD Drivers\STM32F3xx_HAL_Driver\Src\stm32f3xx_hal_i2c_ex.o
LOAD Drivers\STM32F3xx_HAL_Driver\Src\stm32f3xx_hal_i2c.o
LOAD Drivers\STM32F3xx_HAL_Driver\Src\stm32f3xx_hal_gpio.o
LOAD Drivers\STM32F3xx_HAL_Driver\Src\stm32f3xx_hal_flash_ex.o
LOAD Drivers\STM32F3xx_HAL_Driver\Src\stm32f3xx_hal_flash.o
LOAD Drivers\STM32F3xx_HAL_Driver\Src\stm32f3xx_hal_dma.o
LOAD Drivers\STM32F3xx_HAL_Driver\Src\stm32f3xx_hal_crc_ex.o
LOAD Drivers\STM32F3xx_HAL_Driver\Src\stm32f3xx_hal_crc.o
LOAD Drivers\STM32F3xx_HAL_Driver\Src\stm32f3xx_hal_cortex.o
LOAD Drivers\STM32F3xx_HAL_Driver\Src\stm32f3xx_hal.o
LOAD Drivers\CMSIS\Device\ST\STM32F3xx\Source\Templates\system_stm32f3xx.o
LOAD Drivers\CMSIS\Device\ST\STM32F3xx\Source\Templates\gcc\startup_stm32f303xc.o
START GROUP
LOAD c:/program files (x86)/atollic/truestudio for arm 5.5.1/armtools/bin/../lib/gcc/arm-atollic-eabi/5.3.1/../../../../arm-atollic-eabi/lib/armv7e-m/fpu\libc.a
LOAD c:/program files (x86)/atollic/truestudio for arm 5.5.1/armtools/bin/../lib/gcc/arm-atollic-eabi/5.3.1/../../../../arm-atollic-eabi/lib/armv7e-m/fpu\libm.a
END GROUP
                0x00000080                malloc_getpagesize_P = 0x80
START GROUP
LOAD c:/program files (x86)/atollic/truestudio for arm 5.5.1/armtools/bin/../lib/gcc/arm-atollic-eabi/5.3.1/armv7e-m/fpu\libgcc.a
LOAD c:/program files (x86)/atollic/truestudio for arm 5.5.1/armtools/bin/../lib/gcc/arm-atollic-eabi/5.3.1/../../../../arm-atollic-eabi/lib/armv7e-m/fpu\libc.a
END GROUP
START GROUP
LOAD c:/program files (x86)/atollic/truestudio for arm 5.5.1/armtools/bin/../lib/gcc/arm-atollic-eabi/5.3.1/armv7e-m/fpu\libgcc.a
LOAD c:/program files (x86)/atollic/truestudio for arm 5.5.1/armtools/bin/../lib/gcc/arm-atollic-eabi/5.3.1/../../../../arm-atollic-eabi/lib/armv7e-m/fpu\libc.a
LOAD c:/program files (x86)/atollic/truestudio for arm 5.5.1/armtools/bin/../lib/gcc/arm-atollic-eabi/5.3.1/../../../../arm-atollic-eabi/lib/armv7e-m/fpu\libnosys.a
END GROUP
LOAD c:/program files (x86)/atollic/truestudio for arm 5.5.1/armtools/bin/../lib/gcc/arm-atollic-eabi/5.3.1/armv7e-m/fpu/crtend.o
LOAD c:/program files (x86)/atollic/truestudio for arm 5.5.1/armtools/bin/../lib/gcc/arm-atollic-eabi/5.3.1/armv7e-m/fpu/crtn.o
                0x20008000                _estack = 0x20008000
                0x00000200                _Min_Heap_Size = 0x200
                0x00000400                _Min_Stack_Size = 0x400

.isr_vector     0x08000000      0x188
                0x08000000                . = ALIGN (0x4)
 *(.isr_vector)
 .isr_vector    0x08000000      0x188 Drivers\CMSIS\Device\ST\STM32F3xx\Source\Templates\gcc\startup_stm32f303xc.o
                0x08000000                g_pfnVectors
                0x08000188                . = ALIGN (0x4)

.text           0x08000190     0xb098
                0x08000190                . = ALIGN (0x4)
 *(.text)
 .text          0x08000190       0x40 c:/program files (x86)/atollic/truestudio for arm 5.5.1/armtools/bin/../lib/gcc/arm-atollic-eabi/5.3.1/armv7e-m/fpu/crtbegin.o
 .text          0x080001d0       0xa0 c:/program files (x86)/atollic/truestudio for arm 5.5.1/armtools/bin/../lib/gcc/arm-atollic-eabi/5.3.1/../../../../arm-atollic-eabi/lib/armv7e-m/fpu\libc.a(lib_a-memchr.o)
                0x080001d0                memchr
 .text          0x08000270       0x10 c:/program files (x86)/atollic/truestudio for arm 5.5.1/armtools/bin/../lib/gcc/arm-atollic-eabi/5.3.1/../../../../arm-atollic-eabi/lib/armv7e-m/fpu\libc.a(lib_a-strlen.o)
                0x08000270                strlen
 .text          0x08000280      0x370 c:/program files (x86)/atollic/truestudio for arm 5.5.1/armtools/bin/../lib/gcc/arm-atollic-eabi/5.3.1/armv7e-m/fpu\libgcc.a(_arm_addsubdf3.o)
                0x08000280                __aeabi_drsub
                0x08000288                __aeabi_dsub
                0x08000288                __subdf3
                0x0800028c                __aeabi_dadd
                0x0800028c                __adddf3
                0x08000504                __floatunsidf
                0x08000504                __aeabi_ui2d
                0x08000524                __floatsidf
                0x08000524                __aeabi_i2d
                0x08000548                __aeabi_f2d
                0x08000548                __extendsfdf2
                0x08000584                __floatundidf
                0x08000584                __aeabi_ul2d
                0x08000594                __floatdidf
                0x08000594                __aeabi_l2d
 .text          0x080005f0      0x424 c:/program files (x86)/atollic/truestudio for arm 5.5.1/armtools/bin/../lib/gcc/arm-atollic-eabi/5.3.1/armv7e-m/fpu\libgcc.a(_arm_muldivdf3.o)
                0x080005f0                __aeabi_dmul
                0x080005f0                __muldf3
                0x08000844                __divdf3
                0x08000844                __aeabi_ddiv
 .text          0x08000a14      0x110 c:/program files (x86)/atollic/truestudio for arm 5.5.1/armtools/bin/../lib/gcc/arm-atollic-eabi/5.3.1/armv7e-m/fpu\libgcc.a(_arm_cmpdf2.o)
                0x08000a14                __gtdf2
                0x08000a14                __gedf2
                0x08000a1c                __ltdf2
                0x08000a1c                __ledf2
                0x08000a24                __nedf2
                0x08000a24                __eqdf2
                0x08000a24                __cmpdf2
                0x08000aa0                __aeabi_cdrcmple
                0x08000ab0                __aeabi_cdcmpeq
                0x08000ab0                __aeabi_cdcmple
                0x08000ac0                __aeabi_dcmpeq
                0x08000ad4                __aeabi_dcmplt
                0x08000ae8                __aeabi_dcmple
                0x08000afc                __aeabi_dcmpge
                0x08000b10                __aeabi_dcmpgt
 .text          0x08000b24       0x2c c:/program files (x86)/atollic/truestudio for arm 5.5.1/armtools/bin/../lib/gcc/arm-atollic-eabi/5.3.1/armv7e-m/fpu\libgcc.a(_arm_unorddf2.o)
                0x08000b24                __unorddf2
                0x08000b24                __aeabi_dcmpun
 .text          0x08000b50       0x50 c:/program files (x86)/atollic/truestudio for arm 5.5.1/armtools/bin/../lib/gcc/arm-atollic-eabi/5.3.1/armv7e-m/fpu\libgcc.a(_arm_fixdfsi.o)
                0x08000b50                __aeabi_d2iz
                0x08000b50                __fixdfsi
 .text          0x08000ba0       0x30 c:/program files (x86)/atollic/truestudio for arm 5.5.1/armtools/bin/../lib/gcc/arm-atollic-eabi/5.3.1/armv7e-m/fpu\libgcc.a(_aeabi_uldivmod.o)
                0x08000ba0                __aeabi_uldivmod
 .text          0x08000bd0      0x2e4 c:/program files (x86)/atollic/truestudio for arm 5.5.1/armtools/bin/../lib/gcc/arm-atollic-eabi/5.3.1/armv7e-m/fpu\libgcc.a(_udivmoddi4.o)
                0x08000bd0                __udivmoddi4
 .text          0x08000eb4        0x4 c:/program files (x86)/atollic/truestudio for arm 5.5.1/armtools/bin/../lib/gcc/arm-atollic-eabi/5.3.1/armv7e-m/fpu\libgcc.a(_dvmd_tls.o)
                0x08000eb4                __aeabi_idiv0
                0x08000eb4                __aeabi_ldiv0
 *(.text*)
 .text.HX711_Init
                0x08000eb8       0x74 hx711\hx711.o
                0x08000eb8                HX711_Init
 .text.HX711_Average_Value
                0x08000f2c       0x60 hx711\hx711.o
                0x08000f2c                HX711_Average_Value
 .text.HX711_Value
                0x08000f8c       0xb4 hx711\hx711.o
                0x08000f8c                HX711_Value
 .text.USBD_FS_DeviceDescriptor
                0x08001040       0x24 Src\usbd_desc.o
                0x08001040                USBD_FS_DeviceDescriptor
 .text.USBD_FS_LangIDStrDescriptor
                0x08001064       0x24 Src\usbd_desc.o
                0x08001064                USBD_FS_LangIDStrDescriptor
 .text.USBD_FS_ProductStrDescriptor
                0x08001088       0x3c Src\usbd_desc.o
                0x08001088                USBD_FS_ProductStrDescriptor
 .text.USBD_FS_ManufacturerStrDescriptor
                0x080010c4       0x28 Src\usbd_desc.o
                0x080010c4                USBD_FS_ManufacturerStrDescriptor
 .text.USBD_FS_SerialStrDescriptor
                0x080010ec       0x3c Src\usbd_desc.o
                0x080010ec                USBD_FS_SerialStrDescriptor
 .text.USBD_FS_ConfigStrDescriptor
                0x08001128       0x3c Src\usbd_desc.o
                0x08001128                USBD_FS_ConfigStrDescriptor
 .text.USBD_FS_InterfaceStrDescriptor
                0x08001164       0x3c Src\usbd_desc.o
                0x08001164                USBD_FS_InterfaceStrDescriptor
 .text.HAL_PCD_MspInit
                0x080011a0       0x70 Src\usbd_conf.o
                0x080011a0                HAL_PCD_MspInit
 .text.HAL_PCD_SetupStageCallback
                0x08001210       0x24 Src\usbd_conf.o
                0x08001210                HAL_PCD_SetupStageCallback
 .text.HAL_PCD_DataOutStageCallback
                0x08001234       0x38 Src\usbd_conf.o
                0x08001234                HAL_PCD_DataOutStageCallback
 .text.HAL_PCD_DataInStageCallback
                0x0800126c       0x34 Src\usbd_conf.o
                0x0800126c                HAL_PCD_DataInStageCallback
 .text.HAL_PCD_SOFCallback
                0x080012a0       0x1c Src\usbd_conf.o
                0x080012a0                HAL_PCD_SOFCallback
 .text.HAL_PCD_ResetCallback
                0x080012bc       0x44 Src\usbd_conf.o
                0x080012bc                HAL_PCD_ResetCallback
 .text.HAL_PCD_SuspendCallback
                0x08001300       0x34 Src\usbd_conf.o
                0x08001300                HAL_PCD_SuspendCallback
 .text.HAL_PCD_ResumeCallback
                0x08001334       0x1c Src\usbd_conf.o
                0x08001334                HAL_PCD_ResumeCallback
 .text.USBD_LL_Init
                0x08001350       0xb8 Src\usbd_conf.o
                0x08001350                USBD_LL_Init
 .text.USBD_LL_Start
                0x08001408       0x20 Src\usbd_conf.o
                0x08001408                USBD_LL_Start
 .text.USBD_LL_OpenEP
                0x08001428       0x34 Src\usbd_conf.o
                0x08001428                USBD_LL_OpenEP
 .text.USBD_LL_CloseEP
                0x0800145c       0x28 Src\usbd_conf.o
                0x0800145c                USBD_LL_CloseEP
 .text.USBD_LL_StallEP
                0x08001484       0x28 Src\usbd_conf.o
                0x08001484                USBD_LL_StallEP
 .text.USBD_LL_ClearStallEP
                0x080014ac       0x28 Src\usbd_conf.o
                0x080014ac                USBD_LL_ClearStallEP
 .text.USBD_LL_IsStallEP
                0x080014d4       0x58 Src\usbd_conf.o
                0x080014d4                USBD_LL_IsStallEP
 .text.USBD_LL_SetUSBAddress
                0x0800152c       0x28 Src\usbd_conf.o
                0x0800152c                USBD_LL_SetUSBAddress
 .text.USBD_LL_Transmit
                0x08001554       0x30 Src\usbd_conf.o
                0x08001554                USBD_LL_Transmit
 .text.USBD_LL_PrepareReceive
                0x08001584       0x30 Src\usbd_conf.o
                0x08001584                USBD_LL_PrepareReceive
 .text.USBD_LL_GetRxDataSize
                0x080015b4       0x28 Src\usbd_conf.o
                0x080015b4                USBD_LL_GetRxDataSize
 .text.USBD_static_malloc
                0x080015dc       0x1c Src\usbd_conf.o
                0x080015dc                USBD_static_malloc
 .text.USBD_static_free
                0x080015f8       0x18 Src\usbd_conf.o
                0x080015f8                USBD_static_free
 .text.HAL_PCDEx_SetConnectionState
                0x08001610       0x18 Src\usbd_conf.o
                0x08001610                HAL_PCDEx_SetConnectionState
 .text.CDC_Init_FS
                0x08001628       0x28 Src\usbd_cdc_if.o
 .text.CDC_DeInit_FS
                0x08001650       0x10 Src\usbd_cdc_if.o
 .text.CDC_Control_FS
                0x08001660       0xbc Src\usbd_cdc_if.o
 .text.CDC_Receive_FS
                0x0800171c       0x30 Src\usbd_cdc_if.o
 .text.CDC_Transmit_FS
                0x0800174c       0x4c Src\usbd_cdc_if.o
                0x0800174c                CDC_Transmit_FS
 .text.MX_USB_DEVICE_Init
                0x08001798       0x38 Src\usb_device.o
                0x08001798                MX_USB_DEVICE_Init
 .text.NMI_Handler
                0x080017d0       0x10 Src\stm32f3xx_it.o
                0x080017d0                NMI_Handler
 .text.HardFault_Handler
                0x080017e0        0x8 Src\stm32f3xx_it.o
                0x080017e0                HardFault_Handler
 .text.MemManage_Handler
                0x080017e8        0x8 Src\stm32f3xx_it.o
                0x080017e8                MemManage_Handler
 .text.BusFault_Handler
                0x080017f0        0x8 Src\stm32f3xx_it.o
                0x080017f0                BusFault_Handler
 .text.UsageFault_Handler
                0x080017f8        0x8 Src\stm32f3xx_it.o
                0x080017f8                UsageFault_Handler
 .text.SVC_Handler
                0x08001800       0x10 Src\stm32f3xx_it.o
                0x08001800                SVC_Handler
 .text.DebugMon_Handler
                0x08001810       0x10 Src\stm32f3xx_it.o
                0x08001810                DebugMon_Handler
 .text.PendSV_Handler
                0x08001820       0x10 Src\stm32f3xx_it.o
                0x08001820                PendSV_Handler
 .text.SysTick_Handler
                0x08001830       0x10 Src\stm32f3xx_it.o
                0x08001830                SysTick_Handler
 .text.USB_LP_CAN_RX0_IRQHandler
                0x08001840       0x14 Src\stm32f3xx_it.o
                0x08001840                USB_LP_CAN_RX0_IRQHandler
 .text.HAL_MspInit
                0x08001854       0x84 Src\stm32f3xx_hal_msp.o
                0x08001854                HAL_MspInit
 .text.HAL_CRC_MspInit
                0x080018d8       0x40 Src\stm32f3xx_hal_msp.o
                0x080018d8                HAL_CRC_MspInit
 .text.HAL_TIM_PWM_MspInit
                0x08001918       0x40 Src\stm32f3xx_hal_msp.o
                0x08001918                HAL_TIM_PWM_MspInit
 .text.HAL_TIM_MspPostInit
                0x08001958       0x44 Src\stm32f3xx_hal_msp.o
                0x08001958                HAL_TIM_MspPostInit
 .text.main     0x0800199c      0x34c Src\main.o
                0x0800199c                main
 .text.SystemClock_Config
                0x08001ce8       0xb4 Src\main.o
                0x08001ce8                SystemClock_Config
 .text.MX_CRC_Init
                0x08001d9c       0x44 Src\main.o
 .text.MX_TIM15_Init
                0x08001de0       0xd8 Src\main.o
 .text.MX_GPIO_Init
                0x08001eb8       0xd4 Src\main.o
 .text.Error_Handler
                0x08001f8c        0x8 Src\main.o
                0x08001f8c                Error_Handler
 .text.Commands_BufferHandle
                0x08001f94       0xa4 Src\commands.o
                0x08001f94                Commands_BufferHandle
 .text._cmd_check
                0x08002038       0x5c Src\commands.o
                0x08002038                _cmd_check
 .text.Commands_Parse
                0x08002094      0x268 Src\commands.o
                0x08002094                Commands_Parse
 .text.USBD_CtlSendData
                0x080022fc       0x38 Middlewares\ST\STM32_USB_Device_Library\Core\Src\usbd_ioreq.o
                0x080022fc                USBD_CtlSendData
 .text.USBD_CtlContinueSendData
                0x08002334       0x24 Middlewares\ST\STM32_USB_Device_Library\Core\Src\usbd_ioreq.o
                0x08002334                USBD_CtlContinueSendData
 .text.USBD_CtlPrepareRx
                0x08002358       0x3c Middlewares\ST\STM32_USB_Device_Library\Core\Src\usbd_ioreq.o
                0x08002358                USBD_CtlPrepareRx
 .text.USBD_CtlContinueRx
                0x08002394       0x24 Middlewares\ST\STM32_USB_Device_Library\Core\Src\usbd_ioreq.o
                0x08002394                USBD_CtlContinueRx
 .text.USBD_CtlSendStatus
                0x080023b8       0x28 Middlewares\ST\STM32_USB_Device_Library\Core\Src\usbd_ioreq.o
                0x080023b8                USBD_CtlSendStatus
 .text.USBD_CtlReceiveStatus
                0x080023e0       0x28 Middlewares\ST\STM32_USB_Device_Library\Core\Src\usbd_ioreq.o
                0x080023e0                USBD_CtlReceiveStatus
 .text.USBD_StdDevReq
                0x08002408       0xa0 Middlewares\ST\STM32_USB_Device_Library\Core\Src\usbd_ctlreq.o
                0x08002408                USBD_StdDevReq
 .text.USBD_StdItfReq
                0x080024a8       0x68 Middlewares\ST\STM32_USB_Device_Library\Core\Src\usbd_ctlreq.o
                0x080024a8                USBD_StdItfReq
 .text.USBD_StdEPReq
                0x08002510      0x1b0 Middlewares\ST\STM32_USB_Device_Library\Core\Src\usbd_ctlreq.o
                0x08002510                USBD_StdEPReq
 .text.USBD_GetDescriptor
                0x080026c0      0x1e8 Middlewares\ST\STM32_USB_Device_Library\Core\Src\usbd_ctlreq.o
 .text.USBD_SetAddress
                0x080028a8       0x7c Middlewares\ST\STM32_USB_Device_Library\Core\Src\usbd_ctlreq.o
 .text.USBD_SetConfig
                0x08002924      0x110 Middlewares\ST\STM32_USB_Device_Library\Core\Src\usbd_ctlreq.o
 .text.USBD_GetConfig
                0x08002a34       0x64 Middlewares\ST\STM32_USB_Device_Library\Core\Src\usbd_ctlreq.o
 .text.USBD_GetStatus
                0x08002a98       0x54 Middlewares\ST\STM32_USB_Device_Library\Core\Src\usbd_ctlreq.o
 .text.USBD_SetFeature
                0x08002aec       0x38 Middlewares\ST\STM32_USB_Device_Library\Core\Src\usbd_ctlreq.o
 .text.USBD_ClrFeature
                0x08002b24       0x50 Middlewares\ST\STM32_USB_Device_Library\Core\Src\usbd_ctlreq.o
 .text.USBD_ParseSetupRequest
                0x08002b74       0x7c Middlewares\ST\STM32_USB_Device_Library\Core\Src\usbd_ctlreq.o
                0x08002b74                USBD_ParseSetupRequest
 .text.USBD_CtlError
                0x08002bf0       0x24 Middlewares\ST\STM32_USB_Device_Library\Core\Src\usbd_ctlreq.o
                0x08002bf0                USBD_CtlError
 .text.USBD_GetString
                0x08002c14       0x88 Middlewares\ST\STM32_USB_Device_Library\Core\Src\usbd_ctlreq.o
                0x08002c14                USBD_GetString
 .text.USBD_GetLen
                0x08002c9c       0x30 Middlewares\ST\STM32_USB_Device_Library\Core\Src\usbd_ctlreq.o
 .text.USBD_Init
                0x08002ccc       0x58 Middlewares\ST\STM32_USB_Device_Library\Core\Src\usbd_core.o
                0x08002ccc                USBD_Init
 .text.USBD_RegisterClass
                0x08002d24       0x34 Middlewares\ST\STM32_USB_Device_Library\Core\Src\usbd_core.o
                0x08002d24                USBD_RegisterClass
 .text.USBD_Start
                0x08002d58       0x18 Middlewares\ST\STM32_USB_Device_Library\Core\Src\usbd_core.o
                0x08002d58                USBD_Start
 .text.USBD_RunTestMode
                0x08002d70       0x18 Middlewares\ST\STM32_USB_Device_Library\Core\Src\usbd_core.o
                0x08002d70                USBD_RunTestMode
 .text.USBD_SetClassConfig
                0x08002d88       0x40 Middlewares\ST\STM32_USB_Device_Library\Core\Src\usbd_core.o
                0x08002d88                USBD_SetClassConfig
 .text.USBD_ClrClassConfig
                0x08002dc8       0x28 Middlewares\ST\STM32_USB_Device_Library\Core\Src\usbd_core.o
                0x08002dc8                USBD_ClrClassConfig
 .text.USBD_LL_SetupStage
                0x08002df0       0x94 Middlewares\ST\STM32_USB_Device_Library\Core\Src\usbd_core.o
                0x08002df0                USBD_LL_SetupStage
 .text.USBD_LL_DataOutStage
                0x08002e84       0xb8 Middlewares\ST\STM32_USB_Device_Library\Core\Src\usbd_core.o
                0x08002e84                USBD_LL_DataOutStage
 .text.USBD_LL_DataInStage
                0x08002f3c      0x120 Middlewares\ST\STM32_USB_Device_Library\Core\Src\usbd_core.o
                0x08002f3c                USBD_LL_DataInStage
 .text.USBD_LL_Reset
                0x0800305c       0x60 Middlewares\ST\STM32_USB_Device_Library\Core\Src\usbd_core.o
                0x0800305c                USBD_LL_Reset
 .text.USBD_LL_SetSpeed
                0x080030bc       0x20 Middlewares\ST\STM32_USB_Device_Library\Core\Src\usbd_core.o
                0x080030bc                USBD_LL_SetSpeed
 .text.USBD_LL_Suspend
                0x080030dc       0x2c Middlewares\ST\STM32_USB_Device_Library\Core\Src\usbd_core.o
                0x080030dc                USBD_LL_Suspend
 .text.USBD_LL_Resume
                0x08003108       0x24 Middlewares\ST\STM32_USB_Device_Library\Core\Src\usbd_core.o
                0x08003108                USBD_LL_Resume
 .text.USBD_LL_SOF
                0x0800312c       0x34 Middlewares\ST\STM32_USB_Device_Library\Core\Src\usbd_core.o
                0x0800312c                USBD_LL_SOF
 .text.USBD_CDC_Init
                0x08003160       0xd4 Middlewares\ST\STM32_USB_Device_Library\Class\CDC\Src\usbd_cdc.o
 .text.USBD_CDC_DeInit
                0x08003234       0x5c Middlewares\ST\STM32_USB_Device_Library\Class\CDC\Src\usbd_cdc.o
 .text.USBD_CDC_Setup
                0x08003290       0xbc Middlewares\ST\STM32_USB_Device_Library\Class\CDC\Src\usbd_cdc.o
 .text.USBD_CDC_DataIn
                0x0800334c       0x38 Middlewares\ST\STM32_USB_Device_Library\Class\CDC\Src\usbd_cdc.o
 .text.USBD_CDC_DataOut
                0x08003384       0x58 Middlewares\ST\STM32_USB_Device_Library\Class\CDC\Src\usbd_cdc.o
 .text.USBD_CDC_EP0_RxReady
                0x080033dc       0x50 Middlewares\ST\STM32_USB_Device_Library\Class\CDC\Src\usbd_cdc.o
 .text.USBD_CDC_GetFSCfgDesc
                0x0800342c       0x20 Middlewares\ST\STM32_USB_Device_Library\Class\CDC\Src\usbd_cdc.o
 .text.USBD_CDC_GetHSCfgDesc
                0x0800344c       0x20 Middlewares\ST\STM32_USB_Device_Library\Class\CDC\Src\usbd_cdc.o
 .text.USBD_CDC_GetOtherSpeedCfgDesc
                0x0800346c       0x20 Middlewares\ST\STM32_USB_Device_Library\Class\CDC\Src\usbd_cdc.o
 .text.USBD_CDC_GetDeviceQualifierDescriptor
                0x0800348c       0x20 Middlewares\ST\STM32_USB_Device_Library\Class\CDC\Src\usbd_cdc.o
                0x0800348c                USBD_CDC_GetDeviceQualifierDescriptor
 .text.USBD_CDC_RegisterInterface
                0x080034ac       0x30 Middlewares\ST\STM32_USB_Device_Library\Class\CDC\Src\usbd_cdc.o
                0x080034ac                USBD_CDC_RegisterInterface
 .text.USBD_CDC_SetTxBuffer
                0x080034dc       0x34 Middlewares\ST\STM32_USB_Device_Library\Class\CDC\Src\usbd_cdc.o
                0x080034dc                USBD_CDC_SetTxBuffer
 .text.USBD_CDC_SetRxBuffer
                0x08003510       0x28 Middlewares\ST\STM32_USB_Device_Library\Class\CDC\Src\usbd_cdc.o
                0x08003510                USBD_CDC_SetRxBuffer
 .text.USBD_CDC_TransmitPacket
                0x08003538       0x54 Middlewares\ST\STM32_USB_Device_Library\Class\CDC\Src\usbd_cdc.o
                0x08003538                USBD_CDC_TransmitPacket
 .text.USBD_CDC_ReceivePacket
                0x0800358c       0x54 Middlewares\ST\STM32_USB_Device_Library\Class\CDC\Src\usbd_cdc.o
                0x0800358c                USBD_CDC_ReceivePacket
 .text.HAL_TIM_PWM_ConfigChannel
                0x080035e0      0x230 Drivers\STM32F3xx_HAL_Driver\Src\stm32f3xx_hal_tim_ex.o
                0x080035e0                HAL_TIM_PWM_ConfigChannel
 .text.HAL_TIMEx_MasterConfigSynchronization
                0x08003810       0xa8 Drivers\STM32F3xx_HAL_Driver\Src\stm32f3xx_hal_tim_ex.o
                0x08003810                HAL_TIMEx_MasterConfigSynchronization
 .text.HAL_TIMEx_ConfigBreakDeadTime
                0x080038b8      0x134 Drivers\STM32F3xx_HAL_Driver\Src\stm32f3xx_hal_tim_ex.o
                0x080038b8                HAL_TIMEx_ConfigBreakDeadTime
 .text.TIM_OC5_SetConfig
                0x080039ec       0xd4 Drivers\STM32F3xx_HAL_Driver\Src\stm32f3xx_hal_tim_ex.o
 .text.TIM_OC6_SetConfig
                0x08003ac0       0xd8 Drivers\STM32F3xx_HAL_Driver\Src\stm32f3xx_hal_tim_ex.o
 .text.HAL_TIM_PWM_Init
                0x08003b98       0x58 Drivers\STM32F3xx_HAL_Driver\Src\stm32f3xx_hal_tim.o
                0x08003b98                HAL_TIM_PWM_Init
 .text.HAL_TIM_PWM_Start
                0x08003bf0       0x94 Drivers\STM32F3xx_HAL_Driver\Src\stm32f3xx_hal_tim.o
                0x08003bf0                HAL_TIM_PWM_Start
 .text.TIM_Base_SetConfig
                0x08003c84      0x114 Drivers\STM32F3xx_HAL_Driver\Src\stm32f3xx_hal_tim.o
                0x08003c84                TIM_Base_SetConfig
 .text.TIM_OC1_SetConfig
                0x08003d98      0x12c Drivers\STM32F3xx_HAL_Driver\Src\stm32f3xx_hal_tim.o
                0x08003d98                TIM_OC1_SetConfig
 .text.TIM_OC2_SetConfig
                0x08003ec4      0x120 Drivers\STM32F3xx_HAL_Driver\Src\stm32f3xx_hal_tim.o
                0x08003ec4                TIM_OC2_SetConfig
 .text.TIM_OC3_SetConfig
                0x08003fe4      0x11c Drivers\STM32F3xx_HAL_Driver\Src\stm32f3xx_hal_tim.o
                0x08003fe4                TIM_OC3_SetConfig
 .text.TIM_OC4_SetConfig
                0x08004100       0xe0 Drivers\STM32F3xx_HAL_Driver\Src\stm32f3xx_hal_tim.o
                0x08004100                TIM_OC4_SetConfig
 .text.TIM_CCxChannelCmd
                0x080041e0       0x48 Drivers\STM32F3xx_HAL_Driver\Src\stm32f3xx_hal_tim.o
                0x080041e0                TIM_CCxChannelCmd
 .text.HAL_RCCEx_PeriphCLKConfig
                0x08004228      0x39c Drivers\STM32F3xx_HAL_Driver\Src\stm32f3xx_hal_rcc_ex.o
                0x08004228                HAL_RCCEx_PeriphCLKConfig
 .text.HAL_RCC_OscConfig
                0x080045c4     0x1184 Drivers\STM32F3xx_HAL_Driver\Src\stm32f3xx_hal_rcc.o
                0x080045c4                HAL_RCC_OscConfig
 .text.HAL_RCC_ClockConfig
                0x08005748      0x3f8 Drivers\STM32F3xx_HAL_Driver\Src\stm32f3xx_hal_rcc.o
                0x08005748                HAL_RCC_ClockConfig
 .text.HAL_RCC_GetSysClockFreq
                0x08005b40       0xd4 Drivers\STM32F3xx_HAL_Driver\Src\stm32f3xx_hal_rcc.o
                0x08005b40                HAL_RCC_GetSysClockFreq
 .text.HAL_RCC_GetHCLKFreq
                0x08005c14       0x18 Drivers\STM32F3xx_HAL_Driver\Src\stm32f3xx_hal_rcc.o
                0x08005c14                HAL_RCC_GetHCLKFreq
 .text.HAL_PCDEx_PMAConfig
                0x08005c2c       0x88 Drivers\STM32F3xx_HAL_Driver\Src\stm32f3xx_hal_pcd_ex.o
                0x08005c2c                HAL_PCDEx_PMAConfig
 .text.PCD_WritePMA
                0x08005cb4       0x80 Drivers\STM32F3xx_HAL_Driver\Src\stm32f3xx_hal_pcd_ex.o
                0x08005cb4                PCD_WritePMA
 .text.PCD_ReadPMA
                0x08005d34       0x64 Drivers\STM32F3xx_HAL_Driver\Src\stm32f3xx_hal_pcd_ex.o
                0x08005d34                PCD_ReadPMA
 .text.HAL_PCD_Init
                0x08005d98      0x1c0 Drivers\STM32F3xx_HAL_Driver\Src\stm32f3xx_hal_pcd.o
                0x08005d98                HAL_PCD_Init
 .text.HAL_PCD_Start
                0x08005f58       0x1c Drivers\STM32F3xx_HAL_Driver\Src\stm32f3xx_hal_pcd.o
                0x08005f58                HAL_PCD_Start
 .text.PCD_EP_ISR_Handler
                0x08005f74      0x668 Drivers\STM32F3xx_HAL_Driver\Src\stm32f3xx_hal_pcd.o
 .text.HAL_PCD_IRQHandler
                0x080065dc      0x1dc Drivers\STM32F3xx_HAL_Driver\Src\stm32f3xx_hal_pcd.o
                0x080065dc                HAL_PCD_IRQHandler
 .text.HAL_PCD_SetAddress
                0x080067b8       0x54 Drivers\STM32F3xx_HAL_Driver\Src\stm32f3xx_hal_pcd.o
                0x080067b8                HAL_PCD_SetAddress
 .text.HAL_PCD_EP_Open
                0x0800680c      0x730 Drivers\STM32F3xx_HAL_Driver\Src\stm32f3xx_hal_pcd.o
                0x0800680c                HAL_PCD_EP_Open
 .text.HAL_PCD_EP_Close
                0x08006f3c      0x430 Drivers\STM32F3xx_HAL_Driver\Src\stm32f3xx_hal_pcd.o
                0x08006f3c                HAL_PCD_EP_Close
 .text.HAL_PCD_EP_Receive
                0x0800736c      0x228 Drivers\STM32F3xx_HAL_Driver\Src\stm32f3xx_hal_pcd.o
                0x0800736c                HAL_PCD_EP_Receive
 .text.HAL_PCD_EP_GetRxCount
                0x08007594       0x34 Drivers\STM32F3xx_HAL_Driver\Src\stm32f3xx_hal_pcd.o
                0x08007594                HAL_PCD_EP_GetRxCount
 .text.HAL_PCD_EP_Transmit
                0x080075c8      0x1e8 Drivers\STM32F3xx_HAL_Driver\Src\stm32f3xx_hal_pcd.o
                0x080075c8                HAL_PCD_EP_Transmit
 .text.HAL_PCD_EP_SetStall
                0x080077b0      0x150 Drivers\STM32F3xx_HAL_Driver\Src\stm32f3xx_hal_pcd.o
                0x080077b0                HAL_PCD_EP_SetStall
 .text.HAL_PCD_EP_ClrStall
                0x08007900      0x1bc Drivers\STM32F3xx_HAL_Driver\Src\stm32f3xx_hal_pcd.o
                0x08007900                HAL_PCD_EP_ClrStall
 .text.HAL_GPIO_Init
                0x08007abc      0x2fc Drivers\STM32F3xx_HAL_Driver\Src\stm32f3xx_hal_gpio.o
                0x08007abc                HAL_GPIO_Init
 .text.HAL_GPIO_ReadPin
                0x08007db8       0x30 Drivers\STM32F3xx_HAL_Driver\Src\stm32f3xx_hal_gpio.o
                0x08007db8                HAL_GPIO_ReadPin
 .text.HAL_GPIO_WritePin
                0x08007de8       0x30 Drivers\STM32F3xx_HAL_Driver\Src\stm32f3xx_hal_gpio.o
                0x08007de8                HAL_GPIO_WritePin
 .text.HAL_GPIO_TogglePin
                0x08007e18       0x24 Drivers\STM32F3xx_HAL_Driver\Src\stm32f3xx_hal_gpio.o
                0x08007e18                HAL_GPIO_TogglePin
 .text.HAL_CRCEx_Polynomial_Set
                0x08007e3c       0xf4 Drivers\STM32F3xx_HAL_Driver\Src\stm32f3xx_hal_crc_ex.o
                0x08007e3c                HAL_CRCEx_Polynomial_Set
 .text.HAL_CRC_Init
                0x08007f30       0xc8 Drivers\STM32F3xx_HAL_Driver\Src\stm32f3xx_hal_crc.o
                0x08007f30                HAL_CRC_Init
 .text.NVIC_SetPriorityGrouping
                0x08007ff8       0x48 Drivers\STM32F3xx_HAL_Driver\Src\stm32f3xx_hal_cortex.o
 .text.NVIC_GetPriorityGrouping
                0x08008040       0x1c Drivers\STM32F3xx_HAL_Driver\Src\stm32f3xx_hal_cortex.o
 .text.NVIC_EnableIRQ
                0x0800805c       0x34 Drivers\STM32F3xx_HAL_Driver\Src\stm32f3xx_hal_cortex.o
 .text.NVIC_SetPriority
                0x08008090       0x54 Drivers\STM32F3xx_HAL_Driver\Src\stm32f3xx_hal_cortex.o
 .text.NVIC_EncodePriority
                0x080080e4       0x64 Drivers\STM32F3xx_HAL_Driver\Src\stm32f3xx_hal_cortex.o
 .text.SysTick_Config
                0x08008148       0x44 Drivers\STM32F3xx_HAL_Driver\Src\stm32f3xx_hal_cortex.o
 .text.HAL_NVIC_SetPriorityGrouping
                0x0800818c       0x18 Drivers\STM32F3xx_HAL_Driver\Src\stm32f3xx_hal_cortex.o
                0x0800818c                HAL_NVIC_SetPriorityGrouping
 .text.HAL_NVIC_SetPriority
                0x080081a4       0x38 Drivers\STM32F3xx_HAL_Driver\Src\stm32f3xx_hal_cortex.o
                0x080081a4                HAL_NVIC_SetPriority
 .text.HAL_NVIC_EnableIRQ
                0x080081dc       0x1c Drivers\STM32F3xx_HAL_Driver\Src\stm32f3xx_hal_cortex.o
                0x080081dc                HAL_NVIC_EnableIRQ
 .text.HAL_SYSTICK_Config
                0x080081f8       0x18 Drivers\STM32F3xx_HAL_Driver\Src\stm32f3xx_hal_cortex.o
                0x080081f8                HAL_SYSTICK_Config
 .text.HAL_SYSTICK_CLKSourceConfig
                0x08008210       0x38 Drivers\STM32F3xx_HAL_Driver\Src\stm32f3xx_hal_cortex.o
                0x08008210                HAL_SYSTICK_CLKSourceConfig
 .text.HAL_SYSTICK_IRQHandler
                0x08008248        0xc Drivers\STM32F3xx_HAL_Driver\Src\stm32f3xx_hal_cortex.o
                0x08008248                HAL_SYSTICK_IRQHandler
 .text.HAL_SYSTICK_Callback
                0x08008254       0x10 Drivers\STM32F3xx_HAL_Driver\Src\stm32f3xx_hal_cortex.o
                0x08008254                HAL_SYSTICK_Callback
 .text.HAL_Init
                0x08008264       0x2c Drivers\STM32F3xx_HAL_Driver\Src\stm32f3xx_hal.o
                0x08008264                HAL_Init
 .text.HAL_InitTick
                0x08008290       0x38 Drivers\STM32F3xx_HAL_Driver\Src\stm32f3xx_hal.o
                0x08008290                HAL_InitTick
 .text.HAL_IncTick
                0x080082c8       0x1c Drivers\STM32F3xx_HAL_Driver\Src\stm32f3xx_hal.o
                0x080082c8                HAL_IncTick
 .text.HAL_GetTick
                0x080082e4       0x18 Drivers\STM32F3xx_HAL_Driver\Src\stm32f3xx_hal.o
                0x080082e4                HAL_GetTick
 .text.HAL_Delay
                0x080082fc       0x28 Drivers\STM32F3xx_HAL_Driver\Src\stm32f3xx_hal.o
                0x080082fc                HAL_Delay
 .text.SystemInit
                0x08008324       0x94 Drivers\CMSIS\Device\ST\STM32F3xx\Source\Templates\system_stm32f3xx.o
                0x08008324                SystemInit
 .text.Reset_Handler
                0x080083b8       0x50 Drivers\CMSIS\Device\ST\STM32F3xx\Source\Templates\gcc\startup_stm32f303xc.o
                0x080083b8                Reset_Handler
 .text.Default_Handler
                0x08008408        0x2 Drivers\CMSIS\Device\ST\STM32F3xx\Source\Templates\gcc\startup_stm32f303xc.o
                0x08008408                RTC_Alarm_IRQHandler
                0x08008408                TIM8_TRG_COM_IRQHandler
                0x08008408                TIM8_CC_IRQHandler
                0x08008408                TIM1_CC_IRQHandler
                0x08008408                USB_HP_IRQHandler
                0x08008408                PVD_IRQHandler
                0x08008408                TAMP_STAMP_IRQHandler
                0x08008408                EXTI3_IRQHandler
                0x08008408                USB_HP_CAN_TX_IRQHandler
                0x08008408                EXTI0_IRQHandler
                0x08008408                I2C2_EV_IRQHandler
                0x08008408                FPU_IRQHandler
                0x08008408                TIM1_UP_TIM16_IRQHandler
                0x08008408                ADC1_2_IRQHandler
                0x08008408                SPI1_IRQHandler
                0x08008408                CAN_SCE_IRQHandler
                0x08008408                TIM6_DAC_IRQHandler
                0x08008408                TIM8_UP_IRQHandler
                0x08008408                DMA2_Channel2_IRQHandler
                0x08008408                DMA1_Channel4_IRQHandler
                0x08008408                USART3_IRQHandler
                0x08008408                DMA1_Channel7_IRQHandler
                0x08008408                UART5_IRQHandler
                0x08008408                ADC3_IRQHandler
                0x08008408                TIM4_IRQHandler
                0x08008408                CAN_RX1_IRQHandler
                0x08008408                DMA2_Channel1_IRQHandler
                0x08008408                I2C1_EV_IRQHandler
                0x08008408                DMA1_Channel6_IRQHandler
                0x08008408                UART4_IRQHandler
                0x08008408                DMA2_Channel4_IRQHandler
                0x08008408                TIM3_IRQHandler
                0x08008408                RCC_IRQHandler
                0x08008408                DMA1_Channel1_IRQHandler
                0x08008408                Default_Handler
                0x08008408                USBWakeUp_RMP_IRQHandler
                0x08008408                EXTI15_10_IRQHandler
                0x08008408                TIM7_IRQHandler
                0x08008408                EXTI9_5_IRQHandler
                0x08008408                RTC_WKUP_IRQHandler
                0x08008408                SPI2_IRQHandler
                0x08008408                DMA2_Channel5_IRQHandler
                0x08008408                DMA1_Channel5_IRQHandler
                0x08008408                USB_LP_IRQHandler
                0x08008408                EXTI4_IRQHandler
                0x08008408                TIM1_TRG_COM_TIM17_IRQHandler
                0x08008408                DMA1_Channel3_IRQHandler
                0x08008408                ADC4_IRQHandler
                0x08008408                WWDG_IRQHandler
                0x08008408                TIM2_IRQHandler
                0x08008408                COMP7_IRQHandler
                0x08008408                COMP1_2_3_IRQHandler
                0x08008408                EXTI1_IRQHandler
                0x08008408                USART2_IRQHandler
                0x08008408                COMP4_5_6_IRQHandler
                0x08008408                I2C2_ER_IRQHandler
                0x08008408                DMA1_Channel2_IRQHandler
                0x08008408                TIM8_BRK_IRQHandler
                0x08008408                FLASH_IRQHandler
                0x08008408                USART1_IRQHandler
                0x08008408                SPI3_IRQHandler
                0x08008408                I2C1_ER_IRQHandler
                0x08008408                USBWakeUp_IRQHandler
                0x08008408                DMA2_Channel3_IRQHandler
                0x08008408                EXTI2_TSC_IRQHandler
                0x08008408                TIM1_BRK_TIM15_IRQHandler
 *fill*         0x0800840a        0x2 
 .text.__libc_init_array
                0x0800840c       0x4c c:/program files (x86)/atollic/truestudio for arm 5.5.1/armtools/bin/../lib/gcc/arm-atollic-eabi/5.3.1/../../../../arm-atollic-eabi/lib/armv7e-m/fpu\libc.a(lib_a-init.o)
                0x0800840c                __libc_init_array
 .text.malloc   0x08008458       0x10 c:/program files (x86)/atollic/truestudio for arm 5.5.1/armtools/bin/../lib/gcc/arm-atollic-eabi/5.3.1/../../../../arm-atollic-eabi/lib/armv7e-m/fpu\libc.a(lib_a-malloc.o)
                0x08008458                malloc
 .text.free     0x08008468       0x10 c:/program files (x86)/atollic/truestudio for arm 5.5.1/armtools/bin/../lib/gcc/arm-atollic-eabi/5.3.1/../../../../arm-atollic-eabi/lib/armv7e-m/fpu\libc.a(lib_a-malloc.o)
                0x08008468                free
 .text._malloc_r
                0x08008478      0x440 c:/program files (x86)/atollic/truestudio for arm 5.5.1/armtools/bin/../lib/gcc/arm-atollic-eabi/5.3.1/../../../../arm-atollic-eabi/lib/armv7e-m/fpu\libc.a(lib_a-mallocr.o)
                0x08008478                _malloc_r
 .text.memcpy   0x080088b8       0x16 c:/program files (x86)/atollic/truestudio for arm 5.5.1/armtools/bin/../lib/gcc/arm-atollic-eabi/5.3.1/../../../../arm-atollic-eabi/lib/armv7e-m/fpu\libc.a(lib_a-memcpy-stub.o)
                0x080088b8                memcpy
 .text.__malloc_lock
                0x080088ce        0x2 c:/program files (x86)/atollic/truestudio for arm 5.5.1/armtools/bin/../lib/gcc/arm-atollic-eabi/5.3.1/../../../../arm-atollic-eabi/lib/armv7e-m/fpu\libc.a(lib_a-mlock.o)
                0x080088ce                __malloc_lock
 .text.__malloc_unlock
                0x080088d0        0x2 c:/program files (x86)/atollic/truestudio for arm 5.5.1/armtools/bin/../lib/gcc/arm-atollic-eabi/5.3.1/../../../../arm-atollic-eabi/lib/armv7e-m/fpu\libc.a(lib_a-mlock.o)
                0x080088d0                __malloc_unlock
 *fill*         0x080088d2        0x2 
 .text._sbrk_r  0x080088d4       0x20 c:/program files (x86)/atollic/truestudio for arm 5.5.1/armtools/bin/../lib/gcc/arm-atollic-eabi/5.3.1/../../../../arm-atollic-eabi/lib/armv7e-m/fpu\libc.a(lib_a-sbrkr.o)
                0x080088d4                _sbrk_r
 .text.sprintf  0x080088f4       0x48 c:/program files (x86)/atollic/truestudio for arm 5.5.1/armtools/bin/../lib/gcc/arm-atollic-eabi/5.3.1/../../../../arm-atollic-eabi/lib/armv7e-m/fpu\libc.a(lib_a-sprintf.o)
                0x080088f4                sprintf
 *fill*         0x0800893c        0x4 
 .text._svfprintf_r
                0x08008940      0xf84 c:/program files (x86)/atollic/truestudio for arm 5.5.1/armtools/bin/../lib/gcc/arm-atollic-eabi/5.3.1/../../../../arm-atollic-eabi/lib/armv7e-m/fpu\libc.a(lib_a-svfprintf.o)
                0x08008940                _svfprintf_r
 .text.quorem   0x080098c4      0x11e c:/program files (x86)/atollic/truestudio for arm 5.5.1/armtools/bin/../lib/gcc/arm-atollic-eabi/5.3.1/../../../../arm-atollic-eabi/lib/armv7e-m/fpu\libc.a(lib_a-dtoa.o)
 *fill*         0x080099e2        0x6 
 .text._dtoa_r  0x080099e8      0xb40 c:/program files (x86)/atollic/truestudio for arm 5.5.1/armtools/bin/../lib/gcc/arm-atollic-eabi/5.3.1/../../../../arm-atollic-eabi/lib/armv7e-m/fpu\libc.a(lib_a-dtoa.o)
                0x080099e8                _dtoa_r
 .text._malloc_trim_r
                0x0800a528       0xac c:/program files (x86)/atollic/truestudio for arm 5.5.1/armtools/bin/../lib/gcc/arm-atollic-eabi/5.3.1/../../../../arm-atollic-eabi/lib/armv7e-m/fpu\libc.a(lib_a-freer.o)
                0x0800a528                _malloc_trim_r
 .text._free_r  0x0800a5d4      0x17c c:/program files (x86)/atollic/truestudio for arm 5.5.1/armtools/bin/../lib/gcc/arm-atollic-eabi/5.3.1/../../../../arm-atollic-eabi/lib/armv7e-m/fpu\libc.a(lib_a-freer.o)
                0x0800a5d4                _free_r
 .text._localeconv_r
                0x0800a750        0x8 c:/program files (x86)/atollic/truestudio for arm 5.5.1/armtools/bin/../lib/gcc/arm-atollic-eabi/5.3.1/../../../../arm-atollic-eabi/lib/armv7e-m/fpu\libc.a(lib_a-locale.o)
                0x0800a750                _localeconv_r
 .text._Balloc  0x0800a758       0x6a c:/program files (x86)/atollic/truestudio for arm 5.5.1/armtools/bin/../lib/gcc/arm-atollic-eabi/5.3.1/../../../../arm-atollic-eabi/lib/armv7e-m/fpu\libc.a(lib_a-mprec.o)
                0x0800a758                _Balloc
 .text._Bfree   0x0800a7c2       0x2e c:/program files (x86)/atollic/truestudio for arm 5.5.1/armtools/bin/../lib/gcc/arm-atollic-eabi/5.3.1/../../../../arm-atollic-eabi/lib/armv7e-m/fpu\libc.a(lib_a-mprec.o)
                0x0800a7c2                _Bfree
 .text.__multadd
                0x0800a7f0       0x76 c:/program files (x86)/atollic/truestudio for arm 5.5.1/armtools/bin/../lib/gcc/arm-atollic-eabi/5.3.1/../../../../arm-atollic-eabi/lib/armv7e-m/fpu\libc.a(lib_a-mprec.o)
                0x0800a7f0                __multadd
 .text.__hi0bits
                0x0800a866       0x40 c:/program files (x86)/atollic/truestudio for arm 5.5.1/armtools/bin/../lib/gcc/arm-atollic-eabi/5.3.1/../../../../arm-atollic-eabi/lib/armv7e-m/fpu\libc.a(lib_a-mprec.o)
                0x0800a866                __hi0bits
 .text.__lo0bits
                0x0800a8a6       0x5a c:/program files (x86)/atollic/truestudio for arm 5.5.1/armtools/bin/../lib/gcc/arm-atollic-eabi/5.3.1/../../../../arm-atollic-eabi/lib/armv7e-m/fpu\libc.a(lib_a-mprec.o)
                0x0800a8a6                __lo0bits
 .text.__i2b    0x0800a900       0x12 c:/program files (x86)/atollic/truestudio for arm 5.5.1/armtools/bin/../lib/gcc/arm-atollic-eabi/5.3.1/../../../../arm-atollic-eabi/lib/armv7e-m/fpu\libc.a(lib_a-mprec.o)
                0x0800a900                __i2b
 .text.__multiply
                0x0800a912      0x122 c:/program files (x86)/atollic/truestudio for arm 5.5.1/armtools/bin/../lib/gcc/arm-atollic-eabi/5.3.1/../../../../arm-atollic-eabi/lib/armv7e-m/fpu\libc.a(lib_a-mprec.o)
                0x0800a912                __multiply
 .text.__pow5mult
                0x0800aa34       0x9c c:/program files (x86)/atollic/truestudio for arm 5.5.1/armtools/bin/../lib/gcc/arm-atollic-eabi/5.3.1/../../../../arm-atollic-eabi/lib/armv7e-m/fpu\libc.a(lib_a-mprec.o)
                0x0800aa34                __pow5mult
 .text.__lshift
                0x0800aad0       0xa2 c:/program files (x86)/atollic/truestudio for arm 5.5.1/armtools/bin/../lib/gcc/arm-atollic-eabi/5.3.1/../../../../arm-atollic-eabi/lib/armv7e-m/fpu\libc.a(lib_a-mprec.o)
                0x0800aad0                __lshift
 .text.__mcmp   0x0800ab72       0x38 c:/program files (x86)/atollic/truestudio for arm 5.5.1/armtools/bin/../lib/gcc/arm-atollic-eabi/5.3.1/../../../../arm-atollic-eabi/lib/armv7e-m/fpu\libc.a(lib_a-mprec.o)
                0x0800ab72                __mcmp
 .text.__mdiff  0x0800abaa       0xbe c:/program files (x86)/atollic/truestudio for arm 5.5.1/armtools/bin/../lib/gcc/arm-atollic-eabi/5.3.1/../../../../arm-atollic-eabi/lib/armv7e-m/fpu\libc.a(lib_a-mprec.o)
                0x0800abaa                __mdiff
 .text.__d2b    0x0800ac68       0x9c c:/program files (x86)/atollic/truestudio for arm 5.5.1/armtools/bin/../lib/gcc/arm-atollic-eabi/5.3.1/../../../../arm-atollic-eabi/lib/armv7e-m/fpu\libc.a(lib_a-mprec.o)
                0x0800ac68                __d2b
 .text.__ssprint_r
                0x0800ad04       0xfe c:/program files (x86)/atollic/truestudio for arm 5.5.1/armtools/bin/../lib/gcc/arm-atollic-eabi/5.3.1/../../../../arm-atollic-eabi/lib/armv7e-m/fpu\libc.a(lib_a-svfiprintf.o)
                0x0800ad04                __ssprint_r
 .text._calloc_r
                0x0800ae02       0x5a c:/program files (x86)/atollic/truestudio for arm 5.5.1/armtools/bin/../lib/gcc/arm-atollic-eabi/5.3.1/../../../../arm-atollic-eabi/lib/armv7e-m/fpu\libc.a(lib_a-callocr.o)
                0x0800ae02                _calloc_r
 .text.memmove  0x0800ae5c       0x36 c:/program files (x86)/atollic/truestudio for arm 5.5.1/armtools/bin/../lib/gcc/arm-atollic-eabi/5.3.1/../../../../arm-atollic-eabi/lib/armv7e-m/fpu\libc.a(lib_a-memmove.o)
                0x0800ae5c                memmove
 .text.memset   0x0800ae92       0x10 c:/program files (x86)/atollic/truestudio for arm 5.5.1/armtools/bin/../lib/gcc/arm-atollic-eabi/5.3.1/../../../../arm-atollic-eabi/lib/armv7e-m/fpu\libc.a(lib_a-memset.o)
                0x0800ae92                memset
 *fill*         0x0800aea2        0x2 
 .text._realloc_r
                0x0800aea4      0x350 c:/program files (x86)/atollic/truestudio for arm 5.5.1/armtools/bin/../lib/gcc/arm-atollic-eabi/5.3.1/../../../../arm-atollic-eabi/lib/armv7e-m/fpu\libc.a(lib_a-reallocr.o)
                0x0800aea4                _realloc_r
 .text._sbrk    0x0800b1f4       0x1c c:/program files (x86)/atollic/truestudio for arm 5.5.1/armtools/bin/../lib/gcc/arm-atollic-eabi/5.3.1/../../../../arm-atollic-eabi/lib/armv7e-m/fpu\libnosys.a(sbrk.o)
                0x0800b1f4                _sbrk
 *(.glue_7)
 .glue_7        0x0800b210        0x0 linker stubs
 *(.glue_7t)
 .glue_7t       0x0800b210        0x0 linker stubs
 *(.eh_frame)
 .eh_frame      0x0800b210        0x0 c:/program files (x86)/atollic/truestudio for arm 5.5.1/armtools/bin/../lib/gcc/arm-atollic-eabi/5.3.1/armv7e-m/fpu/crtbegin.o
 *(.init)
 .init          0x0800b210        0x4 c:/program files (x86)/atollic/truestudio for arm 5.5.1/armtools/bin/../lib/gcc/arm-atollic-eabi/5.3.1/armv7e-m/fpu/crti.o
                0x0800b210                _init
 .init          0x0800b214        0x8 c:/program files (x86)/atollic/truestudio for arm 5.5.1/armtools/bin/../lib/gcc/arm-atollic-eabi/5.3.1/armv7e-m/fpu/crtn.o
 *(.fini)
 .fini          0x0800b21c        0x4 c:/program files (x86)/atollic/truestudio for arm 5.5.1/armtools/bin/../lib/gcc/arm-atollic-eabi/5.3.1/armv7e-m/fpu/crti.o
                0x0800b21c                _fini
 .fini          0x0800b220        0x8 c:/program files (x86)/atollic/truestudio for arm 5.5.1/armtools/bin/../lib/gcc/arm-atollic-eabi/5.3.1/armv7e-m/fpu/crtn.o
                0x0800b228                . = ALIGN (0x4)
                0x0800b228                _etext = .

.vfp11_veneer   0x0800b228        0x0
 .vfp11_veneer  0x0800b228        0x0 linker stubs

.v4_bx          0x0800b228        0x0
 .v4_bx         0x0800b228        0x0 linker stubs

.iplt           0x0800b228        0x0
 .iplt          0x0800b228        0x0 c:/program files (x86)/atollic/truestudio for arm 5.5.1/armtools/bin/../lib/gcc/arm-atollic-eabi/5.3.1/armv7e-m/fpu/crtbegin.o

.rodata         0x0800b228      0x224
                0x0800b228                . = ALIGN (0x4)
 *(.rodata)
 .rodata        0x0800b228       0x56 Src\usbd_desc.o
 *fill*         0x0800b27e        0x2 
 .rodata        0x0800b280       0x31 Src\commands.o
 *(.rodata*)
 *fill*         0x0800b2b1        0x3 
 .rodata.aPLLMULFactorTable
                0x0800b2b4       0x10 Drivers\STM32F3xx_HAL_Driver\Src\stm32f3xx_hal_rcc.o
                0x0800b2b4                aPLLMULFactorTable
 .rodata.aPredivFactorTable
                0x0800b2c4       0x10 Drivers\STM32F3xx_HAL_Driver\Src\stm32f3xx_hal_rcc.o
                0x0800b2c4                aPredivFactorTable
 .rodata.AHBPrescTable
                0x0800b2d4       0x10 Drivers\CMSIS\Device\ST\STM32F3xx\Source\Templates\system_stm32f3xx.o
                0x0800b2d4                AHBPrescTable
 .rodata.zeroes.7045
                0x0800b2e4       0x10 c:/program files (x86)/atollic/truestudio for arm 5.5.1/armtools/bin/../lib/gcc/arm-atollic-eabi/5.3.1/../../../../arm-atollic-eabi/lib/armv7e-m/fpu\libc.a(lib_a-svfprintf.o)
 .rodata.str1.1
                0x0800b2f4       0x34 c:/program files (x86)/atollic/truestudio for arm 5.5.1/armtools/bin/../lib/gcc/arm-atollic-eabi/5.3.1/../../../../arm-atollic-eabi/lib/armv7e-m/fpu\libc.a(lib_a-svfprintf.o)
 .rodata.blanks.7044
                0x0800b328       0x10 c:/program files (x86)/atollic/truestudio for arm 5.5.1/armtools/bin/../lib/gcc/arm-atollic-eabi/5.3.1/../../../../arm-atollic-eabi/lib/armv7e-m/fpu\libc.a(lib_a-svfprintf.o)
 .rodata.str1.1
                0x0800b338        0xd c:/program files (x86)/atollic/truestudio for arm 5.5.1/armtools/bin/../lib/gcc/arm-atollic-eabi/5.3.1/../../../../arm-atollic-eabi/lib/armv7e-m/fpu\libc.a(lib_a-dtoa.o)
                                  0xf (size before relaxing)
 .rodata.str1.1
                0x0800b345        0x2 c:/program files (x86)/atollic/truestudio for arm 5.5.1/armtools/bin/../lib/gcc/arm-atollic-eabi/5.3.1/../../../../arm-atollic-eabi/lib/armv7e-m/fpu\libc.a(lib_a-impure.o)
 .rodata.str1.1
                0x0800b347        0x8 c:/program files (x86)/atollic/truestudio for arm 5.5.1/armtools/bin/../lib/gcc/arm-atollic-eabi/5.3.1/../../../../arm-atollic-eabi/lib/armv7e-m/fpu\libc.a(lib_a-locale.o)
                                  0xb (size before relaxing)
 *fill*         0x0800b34f        0x1 
 .rodata.__mprec_tens
                0x0800b350       0xc8 c:/program files (x86)/atollic/truestudio for arm 5.5.1/armtools/bin/../lib/gcc/arm-atollic-eabi/5.3.1/../../../../arm-atollic-eabi/lib/armv7e-m/fpu\libc.a(lib_a-mprec.o)
                0x0800b350                __mprec_tens
 .rodata.__mprec_bigtens
                0x0800b418       0x28 c:/program files (x86)/atollic/truestudio for arm 5.5.1/armtools/bin/../lib/gcc/arm-atollic-eabi/5.3.1/../../../../arm-atollic-eabi/lib/armv7e-m/fpu\libc.a(lib_a-mprec.o)
                0x0800b418                __mprec_bigtens
 .rodata.p05.5388
                0x0800b440        0xc c:/program files (x86)/atollic/truestudio for arm 5.5.1/armtools/bin/../lib/gcc/arm-atollic-eabi/5.3.1/../../../../arm-atollic-eabi/lib/armv7e-m/fpu\libc.a(lib_a-mprec.o)
                0x0800b44c                . = ALIGN (0x4)

.ARM.extab
 *(.ARM.extab* .gnu.linkonce.armextab.*)

.ARM            0x0800b44c        0x8
                0x0800b44c                __exidx_start = .
 *(.ARM.exidx*)
 .ARM.exidx     0x0800b44c        0x8 c:/program files (x86)/atollic/truestudio for arm 5.5.1/armtools/bin/../lib/gcc/arm-atollic-eabi/5.3.1/armv7e-m/fpu\libgcc.a(_udivmoddi4.o)
                0x0800b454                __exidx_end = .

.rel.dyn        0x0800b454        0x0
 .rel.iplt      0x0800b454        0x0 c:/program files (x86)/atollic/truestudio for arm 5.5.1/armtools/bin/../lib/gcc/arm-atollic-eabi/5.3.1/armv7e-m/fpu/crtbegin.o

.preinit_array  0x0800b454        0x0
                0x0800b454                PROVIDE (__preinit_array_start, .)
 *(.preinit_array*)
                0x0800b454                PROVIDE (__preinit_array_end, .)

.init_array     0x0800b454        0x4
                0x0800b454                PROVIDE (__init_array_start, .)
 *(SORT(.init_array.*))
 *(.init_array*)
 .init_array    0x0800b454        0x4 c:/program files (x86)/atollic/truestudio for arm 5.5.1/armtools/bin/../lib/gcc/arm-atollic-eabi/5.3.1/armv7e-m/fpu/crtbegin.o
                0x0800b458                PROVIDE (__init_array_end, .)

.fini_array     0x0800b458        0x4
                [!provide]                PROVIDE (__fini_array_start, .)
 *(SORT(.fini_array.*))
 *(.fini_array*)
 .fini_array    0x0800b458        0x4 c:/program files (x86)/atollic/truestudio for arm 5.5.1/armtools/bin/../lib/gcc/arm-atollic-eabi/5.3.1/armv7e-m/fpu/crtbegin.o
                [!provide]                PROVIDE (__fini_array_end, .)
                0x0800b45c                _sidata = LOADADDR (.data)

.data           0x20000000      0x694 load address 0x0800b45c
                0x20000000                . = ALIGN (0x4)
                0x20000000                _sdata = .
 *(.data)
 *(.data*)
 .data.FS_Desc  0x20000000       0x1c Src\usbd_desc.o
                0x20000000                FS_Desc
 .data.USBD_FS_DeviceDesc
                0x2000001c       0x12 Src\usbd_desc.o
                0x2000001c                USBD_FS_DeviceDesc
 *fill*         0x2000002e        0x2 
 .data.USBD_LangIDDesc
                0x20000030        0x4 Src\usbd_desc.o
                0x20000030                USBD_LangIDDesc
 .data.USBD_Interface_fops_FS
                0x20000034       0x10 Src\usbd_cdc_if.o
                0x20000034                USBD_Interface_fops_FS
 .data.USBD_CDC_DeviceQualifierDesc
                0x20000044        0xa Middlewares\ST\STM32_USB_Device_Library\Class\CDC\Src\usbd_cdc.o
 *fill*         0x2000004e        0x2 
 .data.USBD_CDC
                0x20000050       0x38 Middlewares\ST\STM32_USB_Device_Library\Class\CDC\Src\usbd_cdc.o
                0x20000050                USBD_CDC
 .data.USBD_CDC_CfgHSDesc
                0x20000088       0x43 Middlewares\ST\STM32_USB_Device_Library\Class\CDC\Src\usbd_cdc.o
                0x20000088                USBD_CDC_CfgHSDesc
 *fill*         0x200000cb        0x1 
 .data.USBD_CDC_CfgFSDesc
                0x200000cc       0x43 Middlewares\ST\STM32_USB_Device_Library\Class\CDC\Src\usbd_cdc.o
                0x200000cc                USBD_CDC_CfgFSDesc
 *fill*         0x2000010f        0x1 
 .data.USBD_CDC_OtherSpeedCfgDesc
                0x20000110       0x43 Middlewares\ST\STM32_USB_Device_Library\Class\CDC\Src\usbd_cdc.o
                0x20000110                USBD_CDC_OtherSpeedCfgDesc
 *fill*         0x20000153        0x1 
 .data.SystemCoreClock
                0x20000154        0x4 Drivers\CMSIS\Device\ST\STM32F3xx\Source\Templates\system_stm32f3xx.o
                0x20000154                SystemCoreClock
 .data.__malloc_av_
                0x20000158      0x408 c:/program files (x86)/atollic/truestudio for arm 5.5.1/armtools/bin/../lib/gcc/arm-atollic-eabi/5.3.1/../../../../arm-atollic-eabi/lib/armv7e-m/fpu\libc.a(lib_a-mallocr.o)
                0x20000158                __malloc_av_
 .data.__malloc_trim_threshold
                0x20000560        0x4 c:/program files (x86)/atollic/truestudio for arm 5.5.1/armtools/bin/../lib/gcc/arm-atollic-eabi/5.3.1/../../../../arm-atollic-eabi/lib/armv7e-m/fpu\libc.a(lib_a-mallocr.o)
                0x20000560                __malloc_trim_threshold
 .data.__malloc_sbrk_base
                0x20000564        0x4 c:/program files (x86)/atollic/truestudio for arm 5.5.1/armtools/bin/../lib/gcc/arm-atollic-eabi/5.3.1/../../../../arm-atollic-eabi/lib/armv7e-m/fpu\libc.a(lib_a-mallocr.o)
                0x20000564                __malloc_sbrk_base
 .data.impure_data
                0x20000568       0xf0 c:/program files (x86)/atollic/truestudio for arm 5.5.1/armtools/bin/../lib/gcc/arm-atollic-eabi/5.3.1/../../../../arm-atollic-eabi/lib/armv7e-m/fpu\libc.a(lib_a-impure.o)
 .data._impure_ptr
                0x20000658        0x4 c:/program files (x86)/atollic/truestudio for arm 5.5.1/armtools/bin/../lib/gcc/arm-atollic-eabi/5.3.1/../../../../arm-atollic-eabi/lib/armv7e-m/fpu\libc.a(lib_a-impure.o)
                0x20000658                _impure_ptr
 .data.lconv    0x2000065c       0x38 c:/program files (x86)/atollic/truestudio for arm 5.5.1/armtools/bin/../lib/gcc/arm-atollic-eabi/5.3.1/../../../../arm-atollic-eabi/lib/armv7e-m/fpu\libc.a(lib_a-locale.o)
                0x20000694                . = ALIGN (0x4)
                0x20000694                _edata = .
                0x0800baf0                _siccmram = LOADADDR (.ccmram)

.igot.plt       0x20000694        0x0 load address 0x0800baf0
 .igot.plt      0x20000694        0x0 c:/program files (x86)/atollic/truestudio for arm 5.5.1/armtools/bin/../lib/gcc/arm-atollic-eabi/5.3.1/armv7e-m/fpu/crtbegin.o

.ccmram         0x10000000        0x0 load address 0x0800baf0
                0x10000000                . = ALIGN (0x4)
                0x10000000                _sccmram = .
 *(.ccmram)
 *(.ccmram*)
                0x10000000                . = ALIGN (0x4)
                0x10000000                _eccmram = .
                0x10000000                . = ALIGN (0x4)

.bss            0x20000694      0xb28
                0x20000694                _sbss = .
                0x20000694                __bss_start__ = _sbss
 *(.bss)
 .bss           0x20000694       0x1c c:/program files (x86)/atollic/truestudio for arm 5.5.1/armtools/bin/../lib/gcc/arm-atollic-eabi/5.3.1/armv7e-m/fpu/crtbegin.o
 *(.bss*)
 .bss.mem.8750  0x200006b0      0x220 Src\usbd_conf.o
 .bss.length    0x200008d0        0x2 Src\commands.o
                0x200008d0                length
 .bss.status    0x200008d2        0x1 Src\commands.o
                0x200008d2                status
 .bss.iTare     0x200008d3        0x1 Src\commands.o
                0x200008d3                iTare
 .bss.cfgidx.8684
                0x200008d4        0x1 Middlewares\ST\STM32_USB_Device_Library\Core\Src\usbd_ctlreq.o
 .bss.ifalt.8679
                0x200008d5        0x1 Middlewares\ST\STM32_USB_Device_Library\Class\CDC\Src\usbd_cdc.o
 *fill*         0x200008d6        0x2 
 .bss.__malloc_max_total_mem
                0x200008d8        0x4 c:/program files (x86)/atollic/truestudio for arm 5.5.1/armtools/bin/../lib/gcc/arm-atollic-eabi/5.3.1/../../../../arm-atollic-eabi/lib/armv7e-m/fpu\libc.a(lib_a-mallocr.o)
                0x200008d8                __malloc_max_total_mem
 .bss.__malloc_max_sbrked_mem
                0x200008dc        0x4 c:/program files (x86)/atollic/truestudio for arm 5.5.1/armtools/bin/../lib/gcc/arm-atollic-eabi/5.3.1/../../../../arm-atollic-eabi/lib/armv7e-m/fpu\libc.a(lib_a-mallocr.o)
                0x200008dc                __malloc_max_sbrked_mem
 .bss.__malloc_top_pad
                0x200008e0        0x4 c:/program files (x86)/atollic/truestudio for arm 5.5.1/armtools/bin/../lib/gcc/arm-atollic-eabi/5.3.1/../../../../arm-atollic-eabi/lib/armv7e-m/fpu\libc.a(lib_a-mallocr.o)
                0x200008e0                __malloc_top_pad
 .bss.__malloc_current_mallinfo
                0x200008e4       0x28 c:/program files (x86)/atollic/truestudio for arm 5.5.1/armtools/bin/../lib/gcc/arm-atollic-eabi/5.3.1/../../../../arm-atollic-eabi/lib/armv7e-m/fpu\libc.a(lib_a-mallocr.o)
                0x200008e4                __malloc_current_mallinfo
 .bss.heap_end.4169
                0x2000090c        0x4 c:/program files (x86)/atollic/truestudio for arm 5.5.1/armtools/bin/../lib/gcc/arm-atollic-eabi/5.3.1/../../../../arm-atollic-eabi/lib/armv7e-m/fpu\libnosys.a(sbrk.o)
 *(COMMON)
 COMMON         0x20000910      0x200 Src\usbd_desc.o
                0x20000910                USBD_StrDesc
 COMMON         0x20000b10      0x3a8 Src\usbd_conf.o
                0x20000b10                hpcd_USB_FS
 COMMON         0x20000eb8       0x16 Src\usbd_cdc_if.o
                0x20000eb8                UserRxBufferFS
                0x20000ec4                UserTxBufferFS
 *fill*         0x20000ece        0x2 
 COMMON         0x20000ed0      0x224 Src\usb_device.o
                0x20000ed0                hUsbDeviceFS
 COMMON         0x200010f4       0x60 Src\main.o
                0x200010f4                htim15
                0x20001130                hcrc
 COMMON         0x20001154       0x60 Src\commands.o
                0x20001154                command
                0x20001174                hx2
                0x20001194                hx1
 COMMON         0x200011b4        0x4 Drivers\STM32F3xx_HAL_Driver\Src\stm32f3xx_hal.o
                0x200011b4                uwTick
 COMMON         0x200011b8        0x4 c:/program files (x86)/atollic/truestudio for arm 5.5.1/armtools/bin/../lib/gcc/arm-atollic-eabi/5.3.1/../../../../arm-atollic-eabi/lib/armv7e-m/fpu\libc.a(lib_a-reent.o)
                0x200011b8                errno
                0x200011bc                . = ALIGN (0x4)
                0x200011bc                _ebss = .
                0x200011bc                __bss_end__ = _ebss

._user_heap_stack
                0x200011bc      0x600
                0x200011bc                . = ALIGN (0x4)
                0x200011bc                PROVIDE (end, .)
                [!provide]                PROVIDE (_end, .)
                0x200013bc                . = (. + _Min_Heap_Size)
 *fill*         0x200011bc      0x200 
                0x200017bc                . = (. + _Min_Stack_Size)
 *fill*         0x200013bc      0x400 
                0x200017bc                . = ALIGN (0x4)

/DISCARD/
 libc.a(*)
 libm.a(*)
 libgcc.a(*)

.ARM.attributes
                0x00000000       0x30
 *(.ARM.attributes)
 .ARM.attributes
                0x00000000       0x22 c:/program files (x86)/atollic/truestudio for arm 5.5.1/armtools/bin/../lib/gcc/arm-atollic-eabi/5.3.1/armv7e-m/fpu/crti.o
 .ARM.attributes
                0x00000022       0x34 c:/program files (x86)/atollic/truestudio for arm 5.5.1/armtools/bin/../lib/gcc/arm-atollic-eabi/5.3.1/armv7e-m/fpu/crtbegin.o
 .ARM.attributes
                0x00000056       0x39 hx711\hx711.o
 .ARM.attributes
                0x0000008f       0x39 Src\usbd_desc.o
 .ARM.attributes
                0x000000c8       0x39 Src\usbd_conf.o
 .ARM.attributes
                0x00000101       0x39 Src\usbd_cdc_if.o
 .ARM.attributes
                0x0000013a       0x39 Src\usb_device.o
 .ARM.attributes
                0x00000173       0x39 Src\stm32f3xx_it.o
 .ARM.attributes
                0x000001ac       0x39 Src\stm32f3xx_hal_msp.o
 .ARM.attributes
                0x000001e5       0x39 Src\main.o
 .ARM.attributes
                0x0000021e       0x39 Src\commands.o
 .ARM.attributes
                0x00000257       0x39 Middlewares\ST\STM32_USB_Device_Library\Core\Src\usbd_ioreq.o
 .ARM.attributes
                0x00000290       0x39 Middlewares\ST\STM32_USB_Device_Library\Core\Src\usbd_ctlreq.o
 .ARM.attributes
                0x000002c9       0x39 Middlewares\ST\STM32_USB_Device_Library\Core\Src\usbd_core.o
 .ARM.attributes
                0x00000302       0x39 Middlewares\ST\STM32_USB_Device_Library\Class\CDC\Src\usbd_cdc.o
 .ARM.attributes
                0x0000033b       0x39 Drivers\STM32F3xx_HAL_Driver\Src\stm32f3xx_hal_tim_ex.o
 .ARM.attributes
                0x00000374       0x39 Drivers\STM32F3xx_HAL_Driver\Src\stm32f3xx_hal_tim.o
 .ARM.attributes
                0x000003ad       0x39 Drivers\STM32F3xx_HAL_Driver\Src\stm32f3xx_hal_rcc_ex.o
 .ARM.attributes
                0x000003e6       0x39 Drivers\STM32F3xx_HAL_Driver\Src\stm32f3xx_hal_rcc.o
 .ARM.attributes
                0x0000041f       0x39 Drivers\STM32F3xx_HAL_Driver\Src\stm32f3xx_hal_pcd_ex.o
 .ARM.attributes
                0x00000458       0x39 Drivers\STM32F3xx_HAL_Driver\Src\stm32f3xx_hal_pcd.o
 .ARM.attributes
                0x00000491       0x39 Drivers\STM32F3xx_HAL_Driver\Src\stm32f3xx_hal_gpio.o
 .ARM.attributes
                0x000004ca       0x39 Drivers\STM32F3xx_HAL_Driver\Src\stm32f3xx_hal_crc_ex.o
 .ARM.attributes
                0x00000503       0x39 Drivers\STM32F3xx_HAL_Driver\Src\stm32f3xx_hal_crc.o
 .ARM.attributes
                0x0000053c       0x39 Drivers\STM32F3xx_HAL_Driver\Src\stm32f3xx_hal_cortex.o
 .ARM.attributes
                0x00000575       0x39 Drivers\STM32F3xx_HAL_Driver\Src\stm32f3xx_hal.o
 .ARM.attributes
                0x000005ae       0x39 Drivers\CMSIS\Device\ST\STM32F3xx\Source\Templates\system_stm32f3xx.o
 .ARM.attributes
                0x000005e7       0x21 Drivers\CMSIS\Device\ST\STM32F3xx\Source\Templates\gcc\startup_stm32f303xc.o
 .ARM.attributes
                0x00000608       0x34 c:/program files (x86)/atollic/truestudio for arm 5.5.1/armtools/bin/../lib/gcc/arm-atollic-eabi/5.3.1/../../../../arm-atollic-eabi/lib/armv7e-m/fpu\libc.a(lib_a-init.o)
 .ARM.attributes
                0x0000063c       0x34 c:/program files (x86)/atollic/truestudio for arm 5.5.1/armtools/bin/../lib/gcc/arm-atollic-eabi/5.3.1/../../../../arm-atollic-eabi/lib/armv7e-m/fpu\libc.a(lib_a-malloc.o)
 .ARM.attributes
                0x00000670       0x34 c:/program files (x86)/atollic/truestudio for arm 5.5.1/armtools/bin/../lib/gcc/arm-atollic-eabi/5.3.1/../../../../arm-atollic-eabi/lib/armv7e-m/fpu\libc.a(lib_a-mallocr.o)
 .ARM.attributes
                0x000006a4       0x34 c:/program files (x86)/atollic/truestudio for arm 5.5.1/armtools/bin/../lib/gcc/arm-atollic-eabi/5.3.1/../../../../arm-atollic-eabi/lib/armv7e-m/fpu\libc.a(lib_a-memcpy-stub.o)
 .ARM.attributes
                0x000006d8       0x34 c:/program files (x86)/atollic/truestudio for arm 5.5.1/armtools/bin/../lib/gcc/arm-atollic-eabi/5.3.1/../../../../arm-atollic-eabi/lib/armv7e-m/fpu\libc.a(lib_a-mlock.o)
 .ARM.attributes
                0x0000070c       0x34 c:/program files (x86)/atollic/truestudio for arm 5.5.1/armtools/bin/../lib/gcc/arm-atollic-eabi/5.3.1/../../../../arm-atollic-eabi/lib/armv7e-m/fpu\libc.a(lib_a-sbrkr.o)
 .ARM.attributes
                0x00000740       0x34 c:/program files (x86)/atollic/truestudio for arm 5.5.1/armtools/bin/../lib/gcc/arm-atollic-eabi/5.3.1/../../../../arm-atollic-eabi/lib/armv7e-m/fpu\libc.a(lib_a-sprintf.o)
 .ARM.attributes
                0x00000774       0x34 c:/program files (x86)/atollic/truestudio for arm 5.5.1/armtools/bin/../lib/gcc/arm-atollic-eabi/5.3.1/../../../../arm-atollic-eabi/lib/armv7e-m/fpu\libc.a(lib_a-svfprintf.o)
 .ARM.attributes
                0x000007a8       0x34 c:/program files (x86)/atollic/truestudio for arm 5.5.1/armtools/bin/../lib/gcc/arm-atollic-eabi/5.3.1/../../../../arm-atollic-eabi/lib/armv7e-m/fpu\libc.a(lib_a-dtoa.o)
 .ARM.attributes
                0x000007dc       0x34 c:/program files (x86)/atollic/truestudio for arm 5.5.1/armtools/bin/../lib/gcc/arm-atollic-eabi/5.3.1/../../../../arm-atollic-eabi/lib/armv7e-m/fpu\libc.a(lib_a-freer.o)
 .ARM.attributes
                0x00000810       0x34 c:/program files (x86)/atollic/truestudio for arm 5.5.1/armtools/bin/../lib/gcc/arm-atollic-eabi/5.3.1/../../../../arm-atollic-eabi/lib/armv7e-m/fpu\libc.a(lib_a-impure.o)
 .ARM.attributes
                0x00000844       0x34 c:/program files (x86)/atollic/truestudio for arm 5.5.1/armtools/bin/../lib/gcc/arm-atollic-eabi/5.3.1/../../../../arm-atollic-eabi/lib/armv7e-m/fpu\libc.a(lib_a-locale.o)
 .ARM.attributes
                0x00000878       0x20 c:/program files (x86)/atollic/truestudio for arm 5.5.1/armtools/bin/../lib/gcc/arm-atollic-eabi/5.3.1/../../../../arm-atollic-eabi/lib/armv7e-m/fpu\libc.a(lib_a-memchr.o)
 .ARM.attributes
                0x00000898       0x34 c:/program files (x86)/atollic/truestudio for arm 5.5.1/armtools/bin/../lib/gcc/arm-atollic-eabi/5.3.1/../../../../arm-atollic-eabi/lib/armv7e-m/fpu\libc.a(lib_a-mprec.o)
 .ARM.attributes
                0x000008cc       0x34 c:/program files (x86)/atollic/truestudio for arm 5.5.1/armtools/bin/../lib/gcc/arm-atollic-eabi/5.3.1/../../../../arm-atollic-eabi/lib/armv7e-m/fpu\libc.a(lib_a-reent.o)
 .ARM.attributes
                0x00000900       0x1b c:/program files (x86)/atollic/truestudio for arm 5.5.1/armtools/bin/../lib/gcc/arm-atollic-eabi/5.3.1/../../../../arm-atollic-eabi/lib/armv7e-m/fpu\libc.a(lib_a-strlen.o)
 .ARM.attributes
                0x0000091b       0x34 c:/program files (x86)/atollic/truestudio for arm 5.5.1/armtools/bin/../lib/gcc/arm-atollic-eabi/5.3.1/../../../../arm-atollic-eabi/lib/armv7e-m/fpu\libc.a(lib_a-svfiprintf.o)
 .ARM.attributes
                0x0000094f       0x34 c:/program files (x86)/atollic/truestudio for arm 5.5.1/armtools/bin/../lib/gcc/arm-atollic-eabi/5.3.1/../../../../arm-atollic-eabi/lib/armv7e-m/fpu\libc.a(lib_a-callocr.o)
 .ARM.attributes
                0x00000983       0x34 c:/program files (x86)/atollic/truestudio for arm 5.5.1/armtools/bin/../lib/gcc/arm-atollic-eabi/5.3.1/../../../../arm-atollic-eabi/lib/armv7e-m/fpu\libc.a(lib_a-memmove.o)
 .ARM.attributes
                0x000009b7       0x34 c:/program files (x86)/atollic/truestudio for arm 5.5.1/armtools/bin/../lib/gcc/arm-atollic-eabi/5.3.1/../../../../arm-atollic-eabi/lib/armv7e-m/fpu\libc.a(lib_a-memset.o)
 .ARM.attributes
                0x000009eb       0x34 c:/program files (x86)/atollic/truestudio for arm 5.5.1/armtools/bin/../lib/gcc/arm-atollic-eabi/5.3.1/../../../../arm-atollic-eabi/lib/armv7e-m/fpu\libc.a(lib_a-reallocr.o)
 .ARM.attributes
                0x00000a1f       0x22 c:/program files (x86)/atollic/truestudio for arm 5.5.1/armtools/bin/../lib/gcc/arm-atollic-eabi/5.3.1/armv7e-m/fpu\libgcc.a(_arm_addsubdf3.o)
 .ARM.attributes
                0x00000a41       0x22 c:/program files (x86)/atollic/truestudio for arm 5.5.1/armtools/bin/../lib/gcc/arm-atollic-eabi/5.3.1/armv7e-m/fpu\libgcc.a(_arm_muldivdf3.o)
 .ARM.attributes
                0x00000a63       0x22 c:/program files (x86)/atollic/truestudio for arm 5.5.1/armtools/bin/../lib/gcc/arm-atollic-eabi/5.3.1/armv7e-m/fpu\libgcc.a(_arm_cmpdf2.o)
 .ARM.attributes
                0x00000a85       0x22 c:/program files (x86)/atollic/truestudio for arm 5.5.1/armtools/bin/../lib/gcc/arm-atollic-eabi/5.3.1/armv7e-m/fpu\libgcc.a(_arm_unorddf2.o)
 .ARM.attributes
                0x00000aa7       0x22 c:/program files (x86)/atollic/truestudio for arm 5.5.1/armtools/bin/../lib/gcc/arm-atollic-eabi/5.3.1/armv7e-m/fpu\libgcc.a(_arm_fixdfsi.o)
 .ARM.attributes
                0x00000ac9       0x22 c:/program files (x86)/atollic/truestudio for arm 5.5.1/armtools/bin/../lib/gcc/arm-atollic-eabi/5.3.1/armv7e-m/fpu\libgcc.a(_aeabi_uldivmod.o)
 .ARM.attributes
                0x00000aeb       0x34 c:/program files (x86)/atollic/truestudio for arm 5.5.1/armtools/bin/../lib/gcc/arm-atollic-eabi/5.3.1/armv7e-m/fpu\libgcc.a(_udivmoddi4.o)
 .ARM.attributes
                0x00000b1f       0x22 c:/program files (x86)/atollic/truestudio for arm 5.5.1/armtools/bin/../lib/gcc/arm-atollic-eabi/5.3.1/armv7e-m/fpu\libgcc.a(_dvmd_tls.o)
 .ARM.attributes
                0x00000b41       0x34 c:/program files (x86)/atollic/truestudio for arm 5.5.1/armtools/bin/../lib/gcc/arm-atollic-eabi/5.3.1/../../../../arm-atollic-eabi/lib/armv7e-m/fpu\libnosys.a(sbrk.o)
 .ARM.attributes
                0x00000b75       0x22 c:/program files (x86)/atollic/truestudio for arm 5.5.1/armtools/bin/../lib/gcc/arm-atollic-eabi/5.3.1/armv7e-m/fpu/crtn.o
OUTPUT(Smart-ScaleF303.elf elf32-littlearm)

.debug_info     0x00000000     0xfcb4
 .debug_info    0x00000000      0x381 hx711\hx711.o
 .debug_info    0x00000381      0x37e Src\usbd_desc.o
 .debug_info    0x000006ff     0x1465 Src\usbd_conf.o
 .debug_info    0x00001b64      0x767 Src\usbd_cdc_if.o
 .debug_info    0x000022cb      0x590 Src\usb_device.o
 .debug_info    0x0000285b      0x55c Src\stm32f3xx_it.o
 .debug_info    0x00002db7      0xb71 Src\stm32f3xx_hal_msp.o
 .debug_info    0x00003928      0xfde Src\main.o
 .debug_info    0x00004906      0x493 Src\commands.o
 .debug_info    0x00004d99      0x66b Middlewares\ST\STM32_USB_Device_Library\Core\Src\usbd_ioreq.o
 .debug_info    0x00005404      0x86b Middlewares\ST\STM32_USB_Device_Library\Core\Src\usbd_ctlreq.o
 .debug_info    0x00005c6f      0x90a Middlewares\ST\STM32_USB_Device_Library\Core\Src\usbd_core.o
 .debug_info    0x00006579      0xa56 Middlewares\ST\STM32_USB_Device_Library\Class\CDC\Src\usbd_cdc.o
 .debug_info    0x00006fcf     0x11c9 Drivers\STM32F3xx_HAL_Driver\Src\stm32f3xx_hal_tim_ex.o
 .debug_info    0x00008198     0x212a Drivers\STM32F3xx_HAL_Driver\Src\stm32f3xx_hal_tim.o
 .debug_info    0x0000a2c2      0x627 Drivers\STM32F3xx_HAL_Driver\Src\stm32f3xx_hal_rcc_ex.o
 .debug_info    0x0000a8e9     0x176b Drivers\STM32F3xx_HAL_Driver\Src\stm32f3xx_hal_rcc.o
 .debug_info    0x0000c054      0x68d Drivers\STM32F3xx_HAL_Driver\Src\stm32f3xx_hal_pcd_ex.o
 .debug_info    0x0000c6e1      0xf22 Drivers\STM32F3xx_HAL_Driver\Src\stm32f3xx_hal_pcd.o
 .debug_info    0x0000d603      0x663 Drivers\STM32F3xx_HAL_Driver\Src\stm32f3xx_hal_gpio.o
 .debug_info    0x0000dc66      0x381 Drivers\STM32F3xx_HAL_Driver\Src\stm32f3xx_hal_crc_ex.o
 .debug_info    0x0000dfe7      0x50d Drivers\STM32F3xx_HAL_Driver\Src\stm32f3xx_hal_crc.o
 .debug_info    0x0000e4f4      0xccb Drivers\STM32F3xx_HAL_Driver\Src\stm32f3xx_hal_cortex.o
 .debug_info    0x0000f1bf      0x65f Drivers\STM32F3xx_HAL_Driver\Src\stm32f3xx_hal.o
 .debug_info    0x0000f81e      0x3fc Drivers\CMSIS\Device\ST\STM32F3xx\Source\Templates\system_stm32f3xx.o
 .debug_info    0x0000fc1a       0x9a Drivers\CMSIS\Device\ST\STM32F3xx\Source\Templates\gcc\startup_stm32f303xc.o

.debug_abbrev   0x00000000     0x2b69
 .debug_abbrev  0x00000000      0x16b hx711\hx711.o
 .debug_abbrev  0x0000016b      0x13c Src\usbd_desc.o
 .debug_abbrev  0x000002a7      0x242 Src\usbd_conf.o
 .debug_abbrev  0x000004e9      0x1fd Src\usbd_cdc_if.o
 .debug_abbrev  0x000006e6      0x136 Src\usb_device.o
 .debug_abbrev  0x0000081c      0x149 Src\stm32f3xx_it.o
 .debug_abbrev  0x00000965      0x17e Src\stm32f3xx_hal_msp.o
 .debug_abbrev  0x00000ae3      0x232 Src\main.o
 .debug_abbrev  0x00000d15      0x1b9 Src\commands.o
 .debug_abbrev  0x00000ece      0x12d Middlewares\ST\STM32_USB_Device_Library\Core\Src\usbd_ioreq.o
 .debug_abbrev  0x00000ffb      0x1ed Middlewares\ST\STM32_USB_Device_Library\Core\Src\usbd_ctlreq.o
 .debug_abbrev  0x000011e8      0x1bd Middlewares\ST\STM32_USB_Device_Library\Core\Src\usbd_core.o
 .debug_abbrev  0x000013a5      0x1e2 Middlewares\ST\STM32_USB_Device_Library\Class\CDC\Src\usbd_cdc.o
 .debug_abbrev  0x00001587      0x1ff Drivers\STM32F3xx_HAL_Driver\Src\stm32f3xx_hal_tim_ex.o
 .debug_abbrev  0x00001786      0x208 Drivers\STM32F3xx_HAL_Driver\Src\stm32f3xx_hal_tim.o
 .debug_abbrev  0x0000198e      0x20f Drivers\STM32F3xx_HAL_Driver\Src\stm32f3xx_hal_rcc_ex.o
 .debug_abbrev  0x00001b9d      0x276 Drivers\STM32F3xx_HAL_Driver\Src\stm32f3xx_hal_rcc.o
 .debug_abbrev  0x00001e13      0x194 Drivers\STM32F3xx_HAL_Driver\Src\stm32f3xx_hal_pcd_ex.o
 .debug_abbrev  0x00001fa7      0x241 Drivers\STM32F3xx_HAL_Driver\Src\stm32f3xx_hal_pcd.o
 .debug_abbrev  0x000021e8      0x1ac Drivers\STM32F3xx_HAL_Driver\Src\stm32f3xx_hal_gpio.o
 .debug_abbrev  0x00002394      0x10d Drivers\STM32F3xx_HAL_Driver\Src\stm32f3xx_hal_crc_ex.o
 .debug_abbrev  0x000024a1      0x188 Drivers\STM32F3xx_HAL_Driver\Src\stm32f3xx_hal_crc.o
 .debug_abbrev  0x00002629      0x295 Drivers\STM32F3xx_HAL_Driver\Src\stm32f3xx_hal_cortex.o
 .debug_abbrev  0x000028be      0x198 Drivers\STM32F3xx_HAL_Driver\Src\stm32f3xx_hal.o
 .debug_abbrev  0x00002a56      0x101 Drivers\CMSIS\Device\ST\STM32F3xx\Source\Templates\system_stm32f3xx.o
 .debug_abbrev  0x00002b57       0x12 Drivers\CMSIS\Device\ST\STM32F3xx\Source\Templates\gcc\startup_stm32f303xc.o

.debug_aranges  0x00000000      0xf18
 .debug_aranges
                0x00000000       0x30 hx711\hx711.o
 .debug_aranges
                0x00000030       0x50 Src\usbd_desc.o
 .debug_aranges
                0x00000080      0x110 Src\usbd_conf.o
 .debug_aranges
                0x00000190       0x40 Src\usbd_cdc_if.o
 .debug_aranges
                0x000001d0       0x20 Src\usb_device.o
 .debug_aranges
                0x000001f0       0x68 Src\stm32f3xx_it.o
 .debug_aranges
                0x00000258       0x48 Src\stm32f3xx_hal_msp.o
 .debug_aranges
                0x000002a0       0x48 Src\main.o
 .debug_aranges
                0x000002e8       0x30 Src\commands.o
 .debug_aranges
                0x00000318       0x50 Middlewares\ST\STM32_USB_Device_Library\Core\Src\usbd_ioreq.o
 .debug_aranges
                0x00000368       0x88 Middlewares\ST\STM32_USB_Device_Library\Core\Src\usbd_ctlreq.o
 .debug_aranges
                0x000003f0       0xb8 Middlewares\ST\STM32_USB_Device_Library\Core\Src\usbd_core.o
 .debug_aranges
                0x000004a8       0x90 Middlewares\ST\STM32_USB_Device_Library\Class\CDC\Src\usbd_cdc.o
 .debug_aranges
                0x00000538      0x170 Drivers\STM32F3xx_HAL_Driver\Src\stm32f3xx_hal_tim_ex.o
 .debug_aranges
                0x000006a8      0x368 Drivers\STM32F3xx_HAL_Driver\Src\stm32f3xx_hal_tim.o
 .debug_aranges
                0x00000a10       0x38 Drivers\STM32F3xx_HAL_Driver\Src\stm32f3xx_hal_rcc_ex.o
 .debug_aranges
                0x00000a48       0x88 Drivers\STM32F3xx_HAL_Driver\Src\stm32f3xx_hal_rcc.o
 .debug_aranges
                0x00000ad0       0x38 Drivers\STM32F3xx_HAL_Driver\Src\stm32f3xx_hal_pcd_ex.o
 .debug_aranges
                0x00000b08      0x120 Drivers\STM32F3xx_HAL_Driver\Src\stm32f3xx_hal_pcd.o
 .debug_aranges
                0x00000c28       0x58 Drivers\STM32F3xx_HAL_Driver\Src\stm32f3xx_hal_gpio.o
 .debug_aranges
                0x00000c80       0x30 Drivers\STM32F3xx_HAL_Driver\Src\stm32f3xx_hal_crc_ex.o
 .debug_aranges
                0x00000cb0       0x60 Drivers\STM32F3xx_HAL_Driver\Src\stm32f3xx_hal_crc.o
 .debug_aranges
                0x00000d10      0x108 Drivers\STM32F3xx_HAL_Driver\Src\stm32f3xx_hal_cortex.o
 .debug_aranges
                0x00000e18       0xb0 Drivers\STM32F3xx_HAL_Driver\Src\stm32f3xx_hal.o
 .debug_aranges
                0x00000ec8       0x28 Drivers\CMSIS\Device\ST\STM32F3xx\Source\Templates\system_stm32f3xx.o
 .debug_aranges
                0x00000ef0       0x28 Drivers\CMSIS\Device\ST\STM32F3xx\Source\Templates\gcc\startup_stm32f303xc.o

.debug_ranges   0x00000000      0xd80
 .debug_ranges  0x00000000       0x20 hx711\hx711.o
 .debug_ranges  0x00000020       0x40 Src\usbd_desc.o
 .debug_ranges  0x00000060      0x100 Src\usbd_conf.o
 .debug_ranges  0x00000160       0x30 Src\usbd_cdc_if.o
 .debug_ranges  0x00000190       0x10 Src\usb_device.o
 .debug_ranges  0x000001a0       0x58 Src\stm32f3xx_it.o
 .debug_ranges  0x000001f8       0x38 Src\stm32f3xx_hal_msp.o
 .debug_ranges  0x00000230       0x38 Src\main.o
 .debug_ranges  0x00000268       0x20 Src\commands.o
 .debug_ranges  0x00000288       0x40 Middlewares\ST\STM32_USB_Device_Library\Core\Src\usbd_ioreq.o
 .debug_ranges  0x000002c8       0x78 Middlewares\ST\STM32_USB_Device_Library\Core\Src\usbd_ctlreq.o
 .debug_ranges  0x00000340       0xa8 Middlewares\ST\STM32_USB_Device_Library\Core\Src\usbd_core.o
 .debug_ranges  0x000003e8       0x80 Middlewares\ST\STM32_USB_Device_Library\Class\CDC\Src\usbd_cdc.o
 .debug_ranges  0x00000468      0x160 Drivers\STM32F3xx_HAL_Driver\Src\stm32f3xx_hal_tim_ex.o
 .debug_ranges  0x000005c8      0x358 Drivers\STM32F3xx_HAL_Driver\Src\stm32f3xx_hal_tim.o
 .debug_ranges  0x00000920       0x28 Drivers\STM32F3xx_HAL_Driver\Src\stm32f3xx_hal_rcc_ex.o
 .debug_ranges  0x00000948       0x78 Drivers\STM32F3xx_HAL_Driver\Src\stm32f3xx_hal_rcc.o
 .debug_ranges  0x000009c0       0x28 Drivers\STM32F3xx_HAL_Driver\Src\stm32f3xx_hal_pcd_ex.o
 .debug_ranges  0x000009e8      0x110 Drivers\STM32F3xx_HAL_Driver\Src\stm32f3xx_hal_pcd.o
 .debug_ranges  0x00000af8       0x48 Drivers\STM32F3xx_HAL_Driver\Src\stm32f3xx_hal_gpio.o
 .debug_ranges  0x00000b40       0x20 Drivers\STM32F3xx_HAL_Driver\Src\stm32f3xx_hal_crc_ex.o
 .debug_ranges  0x00000b60       0x50 Drivers\STM32F3xx_HAL_Driver\Src\stm32f3xx_hal_crc.o
 .debug_ranges  0x00000bb0       0xf8 Drivers\STM32F3xx_HAL_Driver\Src\stm32f3xx_hal_cortex.o
 .debug_ranges  0x00000ca8       0xa0 Drivers\STM32F3xx_HAL_Driver\Src\stm32f3xx_hal.o
 .debug_ranges  0x00000d48       0x18 Drivers\CMSIS\Device\ST\STM32F3xx\Source\Templates\system_stm32f3xx.o
 .debug_ranges  0x00000d60       0x20 Drivers\CMSIS\Device\ST\STM32F3xx\Source\Templates\gcc\startup_stm32f303xc.o

.debug_line     0x00000000     0x739e
 .debug_line    0x00000000      0x249 hx711\hx711.o
 .debug_line    0x00000249      0x20a Src\usbd_desc.o
 .debug_line    0x00000453      0x498 Src\usbd_conf.o
 .debug_line    0x000008eb      0x231 Src\usbd_cdc_if.o
 .debug_line    0x00000b1c      0x200 Src\usb_device.o
 .debug_line    0x00000d1c      0x28a Src\stm32f3xx_it.o
 .debug_line    0x00000fa6      0x298 Src\stm32f3xx_hal_msp.o
 .debug_line    0x0000123e      0x38d Src\main.o
 .debug_line    0x000015cb      0x262 Src\commands.o
 .debug_line    0x0000182d      0x237 Middlewares\ST\STM32_USB_Device_Library\Core\Src\usbd_ioreq.o
 .debug_line    0x00001a64      0x3f6 Middlewares\ST\STM32_USB_Device_Library\Core\Src\usbd_ctlreq.o
 .debug_line    0x00001e5a      0x39c Middlewares\ST\STM32_USB_Device_Library\Core\Src\usbd_core.o
 .debug_line    0x000021f6      0x376 Middlewares\ST\STM32_USB_Device_Library\Class\CDC\Src\usbd_cdc.o
 .debug_line    0x0000256c      0x955 Drivers\STM32F3xx_HAL_Driver\Src\stm32f3xx_hal_tim_ex.o
 .debug_line    0x00002ec1     0x1481 Drivers\STM32F3xx_HAL_Driver\Src\stm32f3xx_hal_tim.o
 .debug_line    0x00004342      0x529 Drivers\STM32F3xx_HAL_Driver\Src\stm32f3xx_hal_rcc_ex.o
 .debug_line    0x0000486b      0xcd1 Drivers\STM32F3xx_HAL_Driver\Src\stm32f3xx_hal_rcc.o
 .debug_line    0x0000553c      0x28b Drivers\STM32F3xx_HAL_Driver\Src\stm32f3xx_hal_pcd_ex.o
 .debug_line    0x000057c7      0x7cd Drivers\STM32F3xx_HAL_Driver\Src\stm32f3xx_hal_pcd.o
 .debug_line    0x00005f94      0x394 Drivers\STM32F3xx_HAL_Driver\Src\stm32f3xx_hal_gpio.o
 .debug_line    0x00006328      0x252 Drivers\STM32F3xx_HAL_Driver\Src\stm32f3xx_hal_crc_ex.o
 .debug_line    0x0000657a      0x35a Drivers\STM32F3xx_HAL_Driver\Src\stm32f3xx_hal_crc.o
 .debug_line    0x000068d4      0x4d5 Drivers\STM32F3xx_HAL_Driver\Src\stm32f3xx_hal_cortex.o
 .debug_line    0x00006da9      0x354 Drivers\STM32F3xx_HAL_Driver\Src\stm32f3xx_hal.o
 .debug_line    0x000070fd      0x1f3 Drivers\CMSIS\Device\ST\STM32F3xx\Source\Templates\system_stm32f3xx.o
 .debug_line    0x000072f0       0xae Drivers\CMSIS\Device\ST\STM32F3xx\Source\Templates\gcc\startup_stm32f303xc.o

.debug_str      0x00000000     0x42ec
 .debug_str     0x00000000      0x290 hx711\hx711.o
                                0x302 (size before relaxing)
 .debug_str     0x00000290      0x21e Src\usbd_desc.o
                                0x3ee (size before relaxing)
 .debug_str     0x000004ae      0xc9a Src\usbd_conf.o
                               0x108d (size before relaxing)
 .debug_str     0x00001148      0x141 Src\usbd_cdc_if.o
                                0x6e4 (size before relaxing)
 .debug_str     0x00001289       0x30 Src\usb_device.o
                                0x5f3 (size before relaxing)
 .debug_str     0x000012b9       0xc0 Src\stm32f3xx_it.o
                                0x553 (size before relaxing)
 .debug_str     0x00001379      0x515 Src\stm32f3xx_hal_msp.o
                                0xc71 (size before relaxing)
 .debug_str     0x0000188e      0x445 Src\main.o
                               0x10d4 (size before relaxing)
 .debug_str     0x00001cd3       0x5f Src\commands.o
                                0x2f6 (size before relaxing)
 .debug_str     0x00001d32       0xc9 Middlewares\ST\STM32_USB_Device_Library\Core\Src\usbd_ioreq.o
                                0x65f (size before relaxing)
 .debug_str     0x00001dfb      0x133 Middlewares\ST\STM32_USB_Device_Library\Core\Src\usbd_ctlreq.o
                                0x6d7 (size before relaxing)
 .debug_str     0x00001f2e      0x1af Middlewares\ST\STM32_USB_Device_Library\Core\Src\usbd_core.o
                                0x751 (size before relaxing)
 .debug_str     0x000020dd      0x1fa Middlewares\ST\STM32_USB_Device_Library\Class\CDC\Src\usbd_cdc.o
                                0x838 (size before relaxing)
 .debug_str     0x000022d7      0x610 Drivers\STM32F3xx_HAL_Driver\Src\stm32f3xx_hal_tim_ex.o
                                0xd4a (size before relaxing)
 .debug_str     0x000028e7      0xb41 Drivers\STM32F3xx_HAL_Driver\Src\stm32f3xx_hal_tim.o
                               0x1310 (size before relaxing)
 .debug_str     0x00003428      0x13d Drivers\STM32F3xx_HAL_Driver\Src\stm32f3xx_hal_rcc_ex.o
                                0x515 (size before relaxing)
 .debug_str     0x00003565      0x1f5 Drivers\STM32F3xx_HAL_Driver\Src\stm32f3xx_hal_rcc.o
                                0x656 (size before relaxing)
 .debug_str     0x0000375a       0x9f Drivers\STM32F3xx_HAL_Driver\Src\stm32f3xx_hal_pcd_ex.o
                                0x594 (size before relaxing)
 .debug_str     0x000037f9      0x231 Drivers\STM32F3xx_HAL_Driver\Src\stm32f3xx_hal_pcd.o
                                0x863 (size before relaxing)
 .debug_str     0x00003a2a      0x163 Drivers\STM32F3xx_HAL_Driver\Src\stm32f3xx_hal_gpio.o
                                0x460 (size before relaxing)
 .debug_str     0x00003b8d       0xbd Drivers\STM32F3xx_HAL_Driver\Src\stm32f3xx_hal_crc_ex.o
                                0x46e (size before relaxing)
 .debug_str     0x00003c4a       0xba Drivers\STM32F3xx_HAL_Driver\Src\stm32f3xx_hal_crc.o
                                0x498 (size before relaxing)
 .debug_str     0x00003d04      0x3a8 Drivers\STM32F3xx_HAL_Driver\Src\stm32f3xx_hal_cortex.o
                                0xb3c (size before relaxing)
 .debug_str     0x000040ac      0x1c1 Drivers\STM32F3xx_HAL_Driver\Src\stm32f3xx_hal.o
                                0x8a1 (size before relaxing)
 .debug_str     0x0000426d       0x7f Drivers\CMSIS\Device\ST\STM32F3xx\Source\Templates\system_stm32f3xx.o
                                0x329 (size before relaxing)

.comment        0x00000000       0x7e
 .comment       0x00000000       0x7e hx711\hx711.o
                                 0x7f (size before relaxing)
 .comment       0x0000007e       0x7f Src\usbd_desc.o
 .comment       0x0000007e       0x7f Src\usbd_conf.o
 .comment       0x0000007e       0x7f Src\usbd_cdc_if.o
 .comment       0x0000007e       0x7f Src\usb_device.o
 .comment       0x0000007e       0x7f Src\stm32f3xx_it.o
 .comment       0x0000007e       0x7f Src\stm32f3xx_hal_msp.o
 .comment       0x0000007e       0x7f Src\main.o
 .comment       0x0000007e       0x7f Src\commands.o
 .comment       0x0000007e       0x7f Middlewares\ST\STM32_USB_Device_Library\Core\Src\usbd_ioreq.o
 .comment       0x0000007e       0x7f Middlewares\ST\STM32_USB_Device_Library\Core\Src\usbd_ctlreq.o
 .comment       0x0000007e       0x7f Middlewares\ST\STM32_USB_Device_Library\Core\Src\usbd_core.o
 .comment       0x0000007e       0x7f Middlewares\ST\STM32_USB_Device_Library\Class\CDC\Src\usbd_cdc.o
 .comment       0x0000007e       0x7f Drivers\STM32F3xx_HAL_Driver\Src\stm32f3xx_hal_tim_ex.o
 .comment       0x0000007e       0x7f Drivers\STM32F3xx_HAL_Driver\Src\stm32f3xx_hal_tim.o
 .comment       0x0000007e       0x7f Drivers\STM32F3xx_HAL_Driver\Src\stm32f3xx_hal_rcc_ex.o
 .comment       0x0000007e       0x7f Drivers\STM32F3xx_HAL_Driver\Src\stm32f3xx_hal_rcc.o
 .comment       0x0000007e       0x7f Drivers\STM32F3xx_HAL_Driver\Src\stm32f3xx_hal_pcd_ex.o
 .comment       0x0000007e       0x7f Drivers\STM32F3xx_HAL_Driver\Src\stm32f3xx_hal_pcd.o
 .comment       0x0000007e       0x7f Drivers\STM32F3xx_HAL_Driver\Src\stm32f3xx_hal_gpio.o
 .comment       0x0000007e       0x7f Drivers\STM32F3xx_HAL_Driver\Src\stm32f3xx_hal_crc_ex.o
 .comment       0x0000007e       0x7f Drivers\STM32F3xx_HAL_Driver\Src\stm32f3xx_hal_crc.o
 .comment       0x0000007e       0x7f Drivers\STM32F3xx_HAL_Driver\Src\stm32f3xx_hal_cortex.o
 .comment       0x0000007e       0x7f Drivers\STM32F3xx_HAL_Driver\Src\stm32f3xx_hal.o
 .comment       0x0000007e       0x7f Drivers\CMSIS\Device\ST\STM32F3xx\Source\Templates\system_stm32f3xx.o

.debug_frame    0x00000000     0x437c
 .debug_frame   0x00000000       0xa4 hx711\hx711.o
 .debug_frame   0x000000a4      0x114 Src\usbd_desc.o
 .debug_frame   0x000001b8      0x478 Src\usbd_conf.o
 .debug_frame   0x00000630       0xbc Src\usbd_cdc_if.o
 .debug_frame   0x000006ec       0x2c Src\usb_device.o
 .debug_frame   0x00000718      0x128 Src\stm32f3xx_it.o
 .debug_frame   0x00000840       0xf8 Src\stm32f3xx_hal_msp.o
 .debug_frame   0x00000938       0xd8 Src\main.o
 .debug_frame   0x00000a10       0x84 Src\commands.o
 .debug_frame   0x00000a94      0x10c Middlewares\ST\STM32_USB_Device_Library\Core\Src\usbd_ioreq.o
 .debug_frame   0x00000ba0      0x210 Middlewares\ST\STM32_USB_Device_Library\Core\Src\usbd_ctlreq.o
 .debug_frame   0x00000db0      0x300 Middlewares\ST\STM32_USB_Device_Library\Core\Src\usbd_core.o
 .debug_frame   0x000010b0      0x24c Middlewares\ST\STM32_USB_Device_Library\Class\CDC\Src\usbd_cdc.o
 .debug_frame   0x000012fc      0x660 Drivers\STM32F3xx_HAL_Driver\Src\stm32f3xx_hal_tim_ex.o
 .debug_frame   0x0000195c      0xfb4 Drivers\STM32F3xx_HAL_Driver\Src\stm32f3xx_hal_tim.o
 .debug_frame   0x00002910       0xb4 Drivers\STM32F3xx_HAL_Driver\Src\stm32f3xx_hal_rcc_ex.o
 .debug_frame   0x000029c4      0x210 Drivers\STM32F3xx_HAL_Driver\Src\stm32f3xx_hal_rcc.o
 .debug_frame   0x00002bd4       0xb0 Drivers\STM32F3xx_HAL_Driver\Src\stm32f3xx_hal_pcd_ex.o
 .debug_frame   0x00002c84      0x534 Drivers\STM32F3xx_HAL_Driver\Src\stm32f3xx_hal_pcd.o
 .debug_frame   0x000031b8      0x14c Drivers\STM32F3xx_HAL_Driver\Src\stm32f3xx_hal_gpio.o
 .debug_frame   0x00003304       0x88 Drivers\STM32F3xx_HAL_Driver\Src\stm32f3xx_hal_crc_ex.o
 .debug_frame   0x0000338c      0x168 Drivers\STM32F3xx_HAL_Driver\Src\stm32f3xx_hal_crc.o
 .debug_frame   0x000034f4      0x450 Drivers\STM32F3xx_HAL_Driver\Src\stm32f3xx_hal_cortex.o
 .debug_frame   0x00003944      0x270 Drivers\STM32F3xx_HAL_Driver\Src\stm32f3xx_hal.o
 .debug_frame   0x00003bb4       0x58 Drivers\CMSIS\Device\ST\STM32F3xx\Source\Templates\system_stm32f3xx.o
 .debug_frame   0x00003c0c       0x2c c:/program files (x86)/atollic/truestudio for arm 5.5.1/armtools/bin/../lib/gcc/arm-atollic-eabi/5.3.1/../../../../arm-atollic-eabi/lib/armv7e-m/fpu\libc.a(lib_a-init.o)
 .debug_frame   0x00003c38       0x30 c:/program files (x86)/atollic/truestudio for arm 5.5.1/armtools/bin/../lib/gcc/arm-atollic-eabi/5.3.1/../../../../arm-atollic-eabi/lib/armv7e-m/fpu\libc.a(lib_a-malloc.o)
 .debug_frame   0x00003c68       0x40 c:/program files (x86)/atollic/truestudio for arm 5.5.1/armtools/bin/../lib/gcc/arm-atollic-eabi/5.3.1/../../../../arm-atollic-eabi/lib/armv7e-m/fpu\libc.a(lib_a-mallocr.o)
 .debug_frame   0x00003ca8       0x28 c:/program files (x86)/atollic/truestudio for arm 5.5.1/armtools/bin/../lib/gcc/arm-atollic-eabi/5.3.1/../../../../arm-atollic-eabi/lib/armv7e-m/fpu\libc.a(lib_a-memcpy-stub.o)
 .debug_frame   0x00003cd0       0x30 c:/program files (x86)/atollic/truestudio for arm 5.5.1/armtools/bin/../lib/gcc/arm-atollic-eabi/5.3.1/../../../../arm-atollic-eabi/lib/armv7e-m/fpu\libc.a(lib_a-mlock.o)
 .debug_frame   0x00003d00       0x2c c:/program files (x86)/atollic/truestudio for arm 5.5.1/armtools/bin/../lib/gcc/arm-atollic-eabi/5.3.1/../../../../arm-atollic-eabi/lib/armv7e-m/fpu\libc.a(lib_a-sbrkr.o)
 .debug_frame   0x00003d2c       0x70 c:/program files (x86)/atollic/truestudio for arm 5.5.1/armtools/bin/../lib/gcc/arm-atollic-eabi/5.3.1/../../../../arm-atollic-eabi/lib/armv7e-m/fpu\libc.a(lib_a-sprintf.o)
 .debug_frame   0x00003d9c       0x40 c:/program files (x86)/atollic/truestudio for arm 5.5.1/armtools/bin/../lib/gcc/arm-atollic-eabi/5.3.1/../../../../arm-atollic-eabi/lib/armv7e-m/fpu\libc.a(lib_a-svfprintf.o)
 .debug_frame   0x00003ddc       0x6c c:/program files (x86)/atollic/truestudio for arm 5.5.1/armtools/bin/../lib/gcc/arm-atollic-eabi/5.3.1/../../../../arm-atollic-eabi/lib/armv7e-m/fpu\libc.a(lib_a-dtoa.o)
 .debug_frame   0x00003e48       0x60 c:/program files (x86)/atollic/truestudio for arm 5.5.1/armtools/bin/../lib/gcc/arm-atollic-eabi/5.3.1/../../../../arm-atollic-eabi/lib/armv7e-m/fpu\libc.a(lib_a-freer.o)
 .debug_frame   0x00003ea8       0x98 c:/program files (x86)/atollic/truestudio for arm 5.5.1/armtools/bin/../lib/gcc/arm-atollic-eabi/5.3.1/../../../../arm-atollic-eabi/lib/armv7e-m/fpu\libc.a(lib_a-locale.o)