Archive member included to satisfy reference by file (symbol)

c:/program files (x86)/atollic/truestudio for arm 5.5.1/armtools/bin/../lib/gcc/arm-atollic-eabi/5.3.1/../../../../arm-atollic-eabi/lib/armv7e-m/fpu\libc.a(lib_a-init.o)
                              Drivers\CMSIS\Device\ST\STM32F3xx\Source\Templates\gcc\startup_stm32f303xc.o (__libc_init_array)
c:/program files (x86)/atollic/truestudio for arm 5.5.1/armtools/bin/../lib/gcc/arm-atollic-eabi/5.3.1/../../../../arm-atollic-eabi/lib/armv7e-m/fpu\libc.a(lib_a-malloc.o)
                              Src\usbd_conf.o (free)
c:/program files (x86)/atollic/truestudio for arm 5.5.1/armtools/bin/../lib/gcc/arm-atollic-eabi/5.3.1/../../../../arm-atollic-eabi/lib/armv7e-m/fpu\libc.a(lib_a-mallocr.o)
                              c:/program files (x86)/atollic/truestudio for arm 5.5.1/armtools/bin/../lib/gcc/arm-atollic-eabi/5.3.1/../../../../arm-atollic-eabi/lib/armv7e-m/fpu\libc.a(lib_a-malloc.o) (_malloc_r)
c:/program files (x86)/atollic/truestudio for arm 5.5.1/armtools/bin/../lib/gcc/arm-atollic-eabi/5.3.1/../../../../arm-atollic-eabi/lib/armv7e-m/fpu\libc.a(lib_a-memcpy-stub.o)
                              Src\commands.o (memcpy)
c:/program files (x86)/atollic/truestudio for arm 5.5.1/armtools/bin/../lib/gcc/arm-atollic-eabi/5.3.1/../../../../arm-atollic-eabi/lib/armv7e-m/fpu\libc.a(lib_a-mlock.o)
                              c:/program files (x86)/atollic/truestudio for arm 5.5.1/armtools/bin/../lib/gcc/arm-atollic-eabi/5.3.1/../../../../arm-atollic-eabi/lib/armv7e-m/fpu\libc.a(lib_a-mallocr.o) (__malloc_lock)
c:/program files (x86)/atollic/truestudio for arm 5.5.1/armtools/bin/../lib/gcc/arm-atollic-eabi/5.3.1/../../../../arm-atollic-eabi/lib/armv7e-m/fpu\libc.a(lib_a-rand.o)
                              Src\commands.o (srand)
c:/program files (x86)/atollic/truestudio for arm 5.5.1/armtools/bin/../lib/gcc/arm-atollic-eabi/5.3.1/../../../../arm-atollic-eabi/lib/armv7e-m/fpu\libc.a(lib_a-sbrkr.o)
                              c:/program files (x86)/atollic/truestudio for arm 5.5.1/armtools/bin/../lib/gcc/arm-atollic-eabi/5.3.1/../../../../arm-atollic-eabi/lib/armv7e-m/fpu\libc.a(lib_a-mallocr.o) (_sbrk_r)
c:/program files (x86)/atollic/truestudio for arm 5.5.1/armtools/bin/../lib/gcc/arm-atollic-eabi/5.3.1/../../../../arm-atollic-eabi/lib/armv7e-m/fpu\libc.a(lib_a-sprintf.o)
                              Src\commands.o (sprintf)
c:/program files (x86)/atollic/truestudio for arm 5.5.1/armtools/bin/../lib/gcc/arm-atollic-eabi/5.3.1/../../../../arm-atollic-eabi/lib/armv7e-m/fpu\libc.a(lib_a-svfprintf.o)
                              c:/program files (x86)/atollic/truestudio for arm 5.5.1/armtools/bin/../lib/gcc/arm-atollic-eabi/5.3.1/../../../../arm-atollic-eabi/lib/armv7e-m/fpu\libc.a(lib_a-sprintf.o) (_svfprintf_r)
c:/program files (x86)/atollic/truestudio for arm 5.5.1/armtools/bin/../lib/gcc/arm-atollic-eabi/5.3.1/../../../../arm-atollic-eabi/lib/armv7e-m/fpu\libc.a(lib_a-dtoa.o)
                              c:/program files (x86)/atollic/truestudio for arm 5.5.1/armtools/bin/../lib/gcc/arm-atollic-eabi/5.3.1/../../../../arm-atollic-eabi/lib/armv7e-m/fpu\libc.a(lib_a-svfprintf.o) (_dtoa_r)
c:/program files (x86)/atollic/truestudio for arm 5.5.1/armtools/bin/../lib/gcc/arm-atollic-eabi/5.3.1/../../../../arm-atollic-eabi/lib/armv7e-m/fpu\libc.a(lib_a-freer.o)
                              c:/program files (x86)/atollic/truestudio for arm 5.5.1/armtools/bin/../lib/gcc/arm-atollic-eabi/5.3.1/../../../../arm-atollic-eabi/lib/armv7e-m/fpu\libc.a(lib_a-malloc.o) (_free_r)
c:/program files (x86)/atollic/truestudio for arm 5.5.1/armtools/bin/../lib/gcc/arm-atollic-eabi/5.3.1/../../../../arm-atollic-eabi/lib/armv7e-m/fpu\libc.a(lib_a-impure.o)
                              c:/program files (x86)/atollic/truestudio for arm 5.5.1/armtools/bin/../lib/gcc/arm-atollic-eabi/5.3.1/../../../../arm-atollic-eabi/lib/armv7e-m/fpu\libc.a(lib_a-malloc.o) (_impure_ptr)
c:/program files (x86)/atollic/truestudio for arm 5.5.1/armtools/bin/../lib/gcc/arm-atollic-eabi/5.3.1/../../../../arm-atollic-eabi/lib/armv7e-m/fpu\libc.a(lib_a-locale.o)
                              c:/program files (x86)/atollic/truestudio for arm 5.5.1/armtools/bin/../lib/gcc/arm-atollic-eabi/5.3.1/../../../../arm-atollic-eabi/lib/armv7e-m/fpu\libc.a(lib_a-svfprintf.o) (_localeconv_r)
c:/program files (x86)/atollic/truestudio for arm 5.5.1/armtools/bin/../lib/gcc/arm-atollic-eabi/5.3.1/../../../../arm-atollic-eabi/lib/armv7e-m/fpu\libc.a(lib_a-memchr.o)
                              c:/program files (x86)/atollic/truestudio for arm 5.5.1/armtools/bin/../lib/gcc/arm-atollic-eabi/5.3.1/../../../../arm-atollic-eabi/lib/armv7e-m/fpu\libc.a(lib_a-svfprintf.o) (memchr)
c:/program files (x86)/atollic/truestudio for arm 5.5.1/armtools/bin/../lib/gcc/arm-atollic-eabi/5.3.1/../../../../arm-atollic-eabi/lib/armv7e-m/fpu\libc.a(lib_a-mprec.o)
[...]
Memory Configuration

Name             Origin             Length             Attributes
FLASH            0x08000000         0x00020000         xr
RAM              0x20000000         0x00008000         xrw
CCMRAM           0x10000000         0x00002000         rw
*default*        0x00000000         0xffffffff

Linker script and memory map

LOAD c:/program files (x86)/atollic/truestudio for arm 5.5.1/armtools/bin/../lib/gcc/arm-atollic-eabi/5.3.1/armv7e-m/fpu/crti.o
LOAD c:/program files (x86)/atollic/truestudio for arm 5.5.1/armtools/bin/../lib/gcc/arm-atollic-eabi/5.3.1/armv7e-m/fpu/crtbegin.o
LOAD hx711\hx711.o
LOAD Src\usbd_desc.o
LOAD Src\usbd_conf.o
LOAD Src\usbd_cdc_if.o
LOAD Src\usb_device.o
LOAD Src\stm32f3xx_it.o
LOAD Src\stm32f3xx_hal_msp.o
LOAD Src\main.o
LOAD Src\commands.o
LOAD Middlewares\ST\STM32_USB_Device_Library\Core\Src\usbd_ioreq.o
LOAD Middlewares\ST\STM32_USB_Device_Library\Core\Src\usbd_ctlreq.o
LOAD Middlewares\ST\STM32_USB_Device_Library\Core\Src\usbd_core.o
LOAD Middlewares\ST\STM32_USB_Device_Library\Class\CDC\Src\usbd_cdc.o
LOAD Drivers\STM32F3xx_HAL_Driver\Src\stm32f3xx_hal_tim_ex.o
LOAD Drivers\STM32F3xx_HAL_Driver\Src\stm32f3xx_hal_tim.o
LOAD Drivers\STM32F3xx_HAL_Driver\Src\stm32f3xx_hal_rcc_ex.o
LOAD Drivers\STM32F3xx_HAL_Driver\Src\stm32f3xx_hal_rcc.o
LOAD Drivers\STM32F3xx_HAL_Driver\Src\stm32f3xx_hal_pwr_ex.o
LOAD Drivers\STM32F3xx_HAL_Driver\Src\stm32f3xx_hal_pwr.o
LOAD Drivers\STM32F3xx_HAL_Driver\Src\stm32f3xx_hal_pcd_ex.o
LOAD Drivers\STM32F3xx_HAL_Driver\Src\stm32f3xx_hal_pcd.o
LOAD Drivers\STM32F3xx_HAL_Driver\Src\stm32f3xx_hal_i2c_ex.o
LOAD Drivers\STM32F3xx_HAL_Driver\Src\stm32f3xx_hal_i2c.o
LOAD Drivers\STM32F3xx_HAL_Driver\Src\stm32f3xx_hal_gpio.o
LOAD Drivers\STM32F3xx_HAL_Driver\Src\stm32f3xx_hal_flash_ex.o
LOAD Drivers\STM32F3xx_HAL_Driver\Src\stm32f3xx_hal_flash.o
LOAD Drivers\STM32F3xx_HAL_Driver\Src\stm32f3xx_hal_dma.o
LOAD Drivers\STM32F3xx_HAL_Driver\Src\stm32f3xx_hal_crc_ex.o
LOAD Drivers\STM32F3xx_HAL_Driver\Src\stm32f3xx_hal_crc.o
LOAD Drivers\STM32F3xx_HAL_Driver\Src\stm32f3xx_hal_cortex.o
LOAD Drivers\STM32F3xx_HAL_Driver\Src\stm32f3xx_hal.o
LOAD Drivers\CMSIS\Device\ST\STM32F3xx\Source\Templates\system_stm32f3xx.o
LOAD Drivers\CMSIS\Device\ST\STM32F3xx\Source\Templates\gcc\startup_stm32f303xc.o
START GROUP
LOAD c:/program files (x86)/atollic/truestudio for arm 5.5.1/armtools/bin/../lib/gcc/arm-atollic-eabi/5.3.1/../../../../arm-atollic-eabi/lib/armv7e-m/fpu\libc.a
LOAD c:/program files (x86)/atollic/truestudio for arm 5.5.1/armtools/bin/../lib/gcc/arm-atollic-eabi/5.3.1/../../../../arm-atollic-eabi/lib/armv7e-m/fpu\libm.a
END GROUP
                0x00000080                malloc_getpagesize_P = 0x80
START GROUP
LOAD c:/program files (x86)/atollic/truestudio for arm 5.5.1/armtools/bin/../lib/gcc/arm-atollic-eabi/5.3.1/armv7e-m/fpu\libgcc.a
LOAD c:/program files (x86)/atollic/truestudio for arm 5.5.1/armtools/bin/../lib/gcc/arm-atollic-eabi/5.3.1/../../../../arm-atollic-eabi/lib/armv7e-m/fpu\libc.a
END GROUP
START GROUP
LOAD c:/program files (x86)/atollic/truestudio for arm 5.5.1/armtools/bin/../lib/gcc/arm-atollic-eabi/5.3.1/armv7e-m/fpu\libgcc.a
LOAD c:/program files (x86)/atollic/truestudio for arm 5.5.1/armtools/bin/../lib/gcc/arm-atollic-eabi/5.3.1/../../../../arm-atollic-eabi/lib/armv7e-m/fpu\libc.a
LOAD c:/program files (x86)/atollic/truestudio for arm 5.5.1/armtools/bin/../lib/gcc/arm-atollic-eabi/5.3.1/../../../../arm-atollic-eabi/lib/armv7e-m/fpu\libnosys.a
END GROUP
LOAD c:/program files (x86)/atollic/truestudio for arm 5.5.1/armtools/bin/../lib/gcc/arm-atollic-eabi/5.3.1/armv7e-m/fpu/crtend.o
LOAD c:/program files (x86)/atollic/truestudio for arm 5.5.1/armtools/bin/../lib/gcc/arm-atollic-eabi/5.3.1/armv7e-m/fpu/crtn.o
                0x20008000                _estack = 0x20008000
                0x00000200                _Min_Heap_Size = 0x200
                0x00000400                _Min_Stack_Size = 0x400

.isr_vector     0x08000000      0x188
                0x08000000                . = ALIGN (0x4)
 *(.isr_vector)
 .isr_vector    0x08000000      0x188 Drivers\CMSIS\Device\ST\STM32F3xx\Source\Templates\gcc\startup_stm32f303xc.o
                0x08000000                g_pfnVectors
                0x08000188                . = ALIGN (0x4)

.text           0x08000190     0xaf80
                0x08000190                . = ALIGN (0x4)
 *(.text)
 .text          0x08000190       0x40 c:/program files (x86)/atollic/truestudio for arm 5.5.1/armtools/bin/../lib/gcc/arm-atollic-eabi/5.3.1/armv7e-m/fpu/crtbegin.o
 .text          0x080001d0       0xa0 c:/program files (x86)/atollic/truestudio for arm 5.5.1/armtools/bin/../lib/gcc/arm-atollic-eabi/5.3.1/../../../../arm-atollic-eabi/lib/armv7e-m/fpu\libc.a(lib_a-memchr.o)
                0x080001d0                memchr
 .text          0x08000270       0x10 c:/program files (x86)/atollic/truestudio for arm 5.5.1/armtools/bin/../lib/gcc/arm-atollic-eabi/5.3.1/../../../../arm-atollic-eabi/lib/armv7e-m/fpu\libc.a(lib_a-strlen.o)
                0x08000270                strlen
 .text          0x08000280      0x370 c:/program files (x86)/atollic/truestudio for arm 5.5.1/armtools/bin/../lib/gcc/arm-atollic-eabi/5.3.1/armv7e-m/fpu\libgcc.a(_arm_addsubdf3.o)
                0x08000280                __aeabi_drsub
                0x08000288                __aeabi_dsub
                0x08000288                __subdf3
                0x0800028c                __aeabi_dadd
                0x0800028c                __adddf3
                0x08000504                __floatunsidf
                0x08000504                __aeabi_ui2d
                0x08000524                __floatsidf
                0x08000524                __aeabi_i2d
                0x08000548                __aeabi_f2d
                0x08000548                __extendsfdf2
                0x08000584                __floatundidf
                0x08000584                __aeabi_ul2d
                0x08000594                __floatdidf
                0x08000594                __aeabi_l2d
 .text          0x080005f0      0x424 c:/program files (x86)/atollic/truestudio for arm 5.5.1/armtools/bin/../lib/gcc/arm-atollic-eabi/5.3.1/armv7e-m/fpu\libgcc.a(_arm_muldivdf3.o)
                0x080005f0                __aeabi_dmul
                0x080005f0                __muldf3
                0x08000844                __divdf3
                0x08000844                __aeabi_ddiv
 .text          0x08000a14      0x110 c:/program files (x86)/atollic/truestudio for arm 5.5.1/armtools/bin/../lib/gcc/arm-atollic-eabi/5.3.1/armv7e-m/fpu\libgcc.a(_arm_cmpdf2.o)
                0x08000a14                __gtdf2
                0x08000a14                __gedf2
                0x08000a1c                __ltdf2
                0x08000a1c                __ledf2
                0x08000a24                __nedf2
                0x08000a24                __eqdf2
                0x08000a24                __cmpdf2
                0x08000aa0                __aeabi_cdrcmple
                0x08000ab0                __aeabi_cdcmpeq
                0x08000ab0                __aeabi_cdcmple
                0x08000ac0                __aeabi_dcmpeq
                0x08000ad4                __aeabi_dcmplt
                0x08000ae8                __aeabi_dcmple
                0x08000afc                __aeabi_dcmpge
                0x08000b10                __aeabi_dcmpgt
 .text          0x08000b24       0x2c c:/program files (x86)/atollic/truestudio for arm 5.5.1/armtools/bin/../lib/gcc/arm-atollic-eabi/5.3.1/armv7e-m/fpu\libgcc.a(_arm_unorddf2.o)
                0x08000b24                __unorddf2
                0x08000b24                __aeabi_dcmpun
 .text          0x08000b50       0x50 c:/program files (x86)/atollic/truestudio for arm 5.5.1/armtools/bin/../lib/gcc/arm-atollic-eabi/5.3.1/armv7e-m/fpu\libgcc.a(_arm_fixdfsi.o)
                0x08000b50                __aeabi_d2iz
                0x08000b50                __fixdfsi
 .text          0x08000ba0       0x30 c:/program files (x86)/atollic/truestudio for arm 5.5.1/armtools/bin/../lib/gcc/arm-atollic-eabi/5.3.1/armv7e-m/fpu\libgcc.a(_aeabi_uldivmod.o)
                0x08000ba0                __aeabi_uldivmod
 .text          0x08000bd0      0x2e4 c:/program files (x86)/atollic/truestudio for arm 5.5.1/armtools/bin/../lib/gcc/arm-atollic-eabi/5.3.1/armv7e-m/fpu\libgcc.a(_udivmoddi4.o)
                0x08000bd0                __udivmoddi4
 .text          0x08000eb4        0x4 c:/program files (x86)/atollic/truestudio for arm 5.5.1/armtools/bin/../lib/gcc/arm-atollic-eabi/5.3.1/armv7e-m/fpu\libgcc.a(_dvmd_tls.o)
                0x08000eb4                __aeabi_idiv0
                0x08000eb4                __aeabi_ldiv0
 *(.text*)
 .text.HX711_Init
                0x08000eb8       0x70 hx711\hx711.o
                0x08000eb8                HX711_Init
 .text.HX711_Value
                0x08000f28       0xac hx711\hx711.o
                0x08000f28                HX711_Value
 .text.USBD_FS_DeviceDescriptor
                0x08000fd4       0x24 Src\usbd_desc.o
                0x08000fd4                USBD_FS_DeviceDescriptor
 .text.USBD_FS_LangIDStrDescriptor
                0x08000ff8       0x24 Src\usbd_desc.o
                0x08000ff8                USBD_FS_LangIDStrDescriptor
 .text.USBD_FS_ProductStrDescriptor
                0x0800101c       0x3c Src\usbd_desc.o
                0x0800101c                USBD_FS_ProductStrDescriptor
 .text.USBD_FS_ManufacturerStrDescriptor
                0x08001058       0x28 Src\usbd_desc.o
                0x08001058                USBD_FS_ManufacturerStrDescriptor
 .text.USBD_FS_SerialStrDescriptor
                0x08001080       0x3c Src\usbd_desc.o
                0x08001080                USBD_FS_SerialStrDescriptor
 .text.USBD_FS_ConfigStrDescriptor
                0x080010bc       0x3c Src\usbd_desc.o
                0x080010bc                USBD_FS_ConfigStrDescriptor
 .text.USBD_FS_InterfaceStrDescriptor
                0x080010f8       0x3c Src\usbd_desc.o
                0x080010f8                USBD_FS_InterfaceStrDescriptor
 .text.HAL_PCD_MspInit
                0x08001134       0x70 Src\usbd_conf.o
                0x08001134                HAL_PCD_MspInit
 .text.HAL_PCD_SetupStageCallback
                0x080011a4       0x24 Src\usbd_conf.o
                0x080011a4                HAL_PCD_SetupStageCallback
 .text.HAL_PCD_DataOutStageCallback
                0x080011c8       0x38 Src\usbd_conf.o
                0x080011c8                HAL_PCD_DataOutStageCallback
 .text.HAL_PCD_DataInStageCallback
                0x08001200       0x34 Src\usbd_conf.o
                0x08001200                HAL_PCD_DataInStageCallback
 .text.HAL_PCD_SOFCallback
                0x08001234       0x1c Src\usbd_conf.o
                0x08001234                HAL_PCD_SOFCallback
 .text.HAL_PCD_ResetCallback
                0x08001250       0x44 Src\usbd_conf.o
                0x08001250                HAL_PCD_ResetCallback
 .text.HAL_PCD_SuspendCallback
                0x08001294       0x34 Src\usbd_conf.o
                0x08001294                HAL_PCD_SuspendCallback
 .text.HAL_PCD_ResumeCallback
                0x080012c8       0x1c Src\usbd_conf.o
                0x080012c8                HAL_PCD_ResumeCallback
 .text.USBD_LL_Init
                0x080012e4       0xb8 Src\usbd_conf.o
                0x080012e4                USBD_LL_Init
 .text.USBD_LL_Start
                0x0800139c       0x20 Src\usbd_conf.o
                0x0800139c                USBD_LL_Start
 .text.USBD_LL_OpenEP
                0x080013bc       0x34 Src\usbd_conf.o
                0x080013bc                USBD_LL_OpenEP
 .text.USBD_LL_CloseEP
                0x080013f0       0x28 Src\usbd_conf.o
                0x080013f0                USBD_LL_CloseEP
 .text.USBD_LL_StallEP
                0x08001418       0x28 Src\usbd_conf.o
                0x08001418                USBD_LL_StallEP
 .text.USBD_LL_ClearStallEP
                0x08001440       0x28 Src\usbd_conf.o
                0x08001440                USBD_LL_ClearStallEP
 .text.USBD_LL_IsStallEP
                0x08001468       0x58 Src\usbd_conf.o
                0x08001468                USBD_LL_IsStallEP
 .text.USBD_LL_SetUSBAddress
                0x080014c0       0x28 Src\usbd_conf.o
                0x080014c0                USBD_LL_SetUSBAddress
 .text.USBD_LL_Transmit
                0x080014e8       0x30 Src\usbd_conf.o
                0x080014e8                USBD_LL_Transmit
 .text.USBD_LL_PrepareReceive
                0x08001518       0x30 Src\usbd_conf.o
                0x08001518                USBD_LL_PrepareReceive
 .text.USBD_LL_GetRxDataSize
                0x08001548       0x28 Src\usbd_conf.o
                0x08001548                USBD_LL_GetRxDataSize
 .text.USBD_static_malloc
                0x08001570       0x1c Src\usbd_conf.o
                0x08001570                USBD_static_malloc
 .text.USBD_static_free
                0x0800158c       0x18 Src\usbd_conf.o
                0x0800158c                USBD_static_free
 .text.HAL_PCDEx_SetConnectionState
                0x080015a4       0x18 Src\usbd_conf.o
                0x080015a4                HAL_PCDEx_SetConnectionState
 .text.CDC_Init_FS
                0x080015bc       0x28 Src\usbd_cdc_if.o
 .text.CDC_DeInit_FS
                0x080015e4       0x10 Src\usbd_cdc_if.o
 .text.CDC_Control_FS
                0x080015f4       0xbc Src\usbd_cdc_if.o
 .text.CDC_Receive_FS
                0x080016b0       0x30 Src\usbd_cdc_if.o
 .text.CDC_Transmit_FS
                0x080016e0       0x4c Src\usbd_cdc_if.o
                0x080016e0                CDC_Transmit_FS
 .text.MX_USB_DEVICE_Init
                0x0800172c       0x38 Src\usb_device.o
                0x0800172c                MX_USB_DEVICE_Init
 .text.NMI_Handler
                0x08001764       0x10 Src\stm32f3xx_it.o
                0x08001764                NMI_Handler
 .text.HardFault_Handler
                0x08001774        0x8 Src\stm32f3xx_it.o
                0x08001774                HardFault_Handler
 .text.MemManage_Handler
                0x0800177c        0x8 Src\stm32f3xx_it.o
                0x0800177c                MemManage_Handler
 .text.BusFault_Handler
                0x08001784        0x8 Src\stm32f3xx_it.o
                0x08001784                BusFault_Handler
 .text.UsageFault_Handler
                0x0800178c        0x8 Src\stm32f3xx_it.o
                0x0800178c                UsageFault_Handler
 .text.SVC_Handler
                0x08001794       0x10 Src\stm32f3xx_it.o
                0x08001794                SVC_Handler
 .text.DebugMon_Handler
                0x080017a4       0x10 Src\stm32f3xx_it.o
                0x080017a4                DebugMon_Handler
 .text.PendSV_Handler
                0x080017b4       0x10 Src\stm32f3xx_it.o
                0x080017b4                PendSV_Handler
 .text.SysTick_Handler
                0x080017c4       0x10 Src\stm32f3xx_it.o
                0x080017c4                SysTick_Handler
 .text.USB_LP_CAN_RX0_IRQHandler
                0x080017d4       0x14 Src\stm32f3xx_it.o
                0x080017d4                USB_LP_CAN_RX0_IRQHandler
 .text.HAL_MspInit
                0x080017e8       0x84 Src\stm32f3xx_hal_msp.o
                0x080017e8                HAL_MspInit
 .text.HAL_CRC_MspInit
                0x0800186c       0x40 Src\stm32f3xx_hal_msp.o
                0x0800186c                HAL_CRC_MspInit
 .text.HAL_TIM_PWM_MspInit
                0x080018ac       0x40 Src\stm32f3xx_hal_msp.o
                0x080018ac                HAL_TIM_PWM_MspInit
 .text.HAL_TIM_MspPostInit
                0x080018ec       0x44 Src\stm32f3xx_hal_msp.o
                0x080018ec                HAL_TIM_MspPostInit
 .text.main     0x08001930       0x84 Src\main.o
                0x08001930                main
 .text.SystemClock_Config
                0x080019b4       0xb4 Src\main.o
                0x080019b4                SystemClock_Config
 .text.MX_CRC_Init
                0x08001a68       0x44 Src\main.o
 .text.MX_TIM15_Init
                0x08001aac       0xd8 Src\main.o
 .text.MX_GPIO_Init
                0x08001b84       0xd4 Src\main.o
 .text.Error_Handler
                0x08001c58        0x8 Src\main.o
                0x08001c58                Error_Handler
 .text.Commands_BufferHandle
                0x08001c60       0xa4 Src\commands.o
                0x08001c60                Commands_BufferHandle
 .text._cmd_check
                0x08001d04       0x5c Src\commands.o
                0x08001d04                _cmd_check
 .text.Commands_Parse
                0x08001d60      0x180 Src\commands.o
                0x08001d60                Commands_Parse
 .text.USBD_CtlSendData
                0x08001ee0       0x38 Middlewares\ST\STM32_USB_Device_Library\Core\Src\usbd_ioreq.o
                0x08001ee0                USBD_CtlSendData
 .text.USBD_CtlContinueSendData
                0x08001f18       0x24 Middlewares\ST\STM32_USB_Device_Library\Core\Src\usbd_ioreq.o
                0x08001f18                USBD_CtlContinueSendData
 .text.USBD_CtlPrepareRx
                0x08001f3c       0x3c Middlewares\ST\STM32_USB_Device_Library\Core\Src\usbd_ioreq.o
                0x08001f3c                USBD_CtlPrepareRx
 .text.USBD_CtlContinueRx
                0x08001f78       0x24 Middlewares\ST\STM32_USB_Device_Library\Core\Src\usbd_ioreq.o
                0x08001f78                USBD_CtlContinueRx
 .text.USBD_CtlSendStatus
                0x08001f9c       0x28 Middlewares\ST\STM32_USB_Device_Library\Core\Src\usbd_ioreq.o
                0x08001f9c                USBD_CtlSendStatus
 .text.USBD_CtlReceiveStatus
                0x08001fc4       0x28 Middlewares\ST\STM32_USB_Device_Library\Core\Src\usbd_ioreq.o
                0x08001fc4                USBD_CtlReceiveStatus
 .text.USBD_StdDevReq
                0x08001fec       0xa0 Middlewares\ST\STM32_USB_Device_Library\Core\Src\usbd_ctlreq.o
                0x08001fec                USBD_StdDevReq
 .text.USBD_StdItfReq
                0x0800208c       0x68 Middlewares\ST\STM32_USB_Device_Library\Core\Src\usbd_ctlreq.o
                0x0800208c                USBD_StdItfReq
 .text.USBD_StdEPReq
                0x080020f4      0x1b0 Middlewares\ST\STM32_USB_Device_Library\Core\Src\usbd_ctlreq.o
                0x080020f4                USBD_StdEPReq
 .text.USBD_GetDescriptor
                0x080022a4      0x1e8 Middlewares\ST\STM32_USB_Device_Library\Core\Src\usbd_ctlreq.o
 .text.USBD_SetAddress
                0x0800248c       0x7c Middlewares\ST\STM32_USB_Device_Library\Core\Src\usbd_ctlreq.o
 .text.USBD_SetConfig
                0x08002508      0x110 Middlewares\ST\STM32_USB_Device_Library\Core\Src\usbd_ctlreq.o
 .text.USBD_GetConfig
                0x08002618       0x64 Middlewares\ST\STM32_USB_Device_Library\Core\Src\usbd_ctlreq.o
 .text.USBD_GetStatus
                0x0800267c       0x54 Middlewares\ST\STM32_USB_Device_Library\Core\Src\usbd_ctlreq.o
 .text.USBD_SetFeature
                0x080026d0       0x38 Middlewares\ST\STM32_USB_Device_Library\Core\Src\usbd_ctlreq.o
 .text.USBD_ClrFeature
                0x08002708       0x50 Middlewares\ST\STM32_USB_Device_Library\Core\Src\usbd_ctlreq.o
 .text.USBD_ParseSetupRequest
                0x08002758       0x7c Middlewares\ST\STM32_USB_Device_Library\Core\Src\usbd_ctlreq.o
                0x08002758                USBD_ParseSetupRequest
 .text.USBD_CtlError
                0x080027d4       0x24 Middlewares\ST\STM32_USB_Device_Library\Core\Src\usbd_ctlreq.o
                0x080027d4                USBD_CtlError
 .text.USBD_GetString
                0x080027f8       0x88 Middlewares\ST\STM32_USB_Device_Library\Core\Src\usbd_ctlreq.o
                0x080027f8                USBD_GetString
 .text.USBD_GetLen
                0x08002880       0x30 Middlewares\ST\STM32_USB_Device_Library\Core\Src\usbd_ctlreq.o
 .text.USBD_Init
                0x080028b0       0x58 Middlewares\ST\STM32_USB_Device_Library\Core\Src\usbd_core.o
                0x080028b0                USBD_Init
 .text.USBD_RegisterClass
                0x08002908       0x34 Middlewares\ST\STM32_USB_Device_Library\Core\Src\usbd_core.o
                0x08002908                USBD_RegisterClass
 .text.USBD_Start
                0x0800293c       0x18 Middlewares\ST\STM32_USB_Device_Library\Core\Src\usbd_core.o
                0x0800293c                USBD_Start
 .text.USBD_RunTestMode
                0x08002954       0x18 Middlewares\ST\STM32_USB_Device_Library\Core\Src\usbd_core.o
                0x08002954                USBD_RunTestMode
 .text.USBD_SetClassConfig
                0x0800296c       0x40 Middlewares\ST\STM32_USB_Device_Library\Core\Src\usbd_core.o
                0x0800296c                USBD_SetClassConfig
 .text.USBD_ClrClassConfig
                0x080029ac       0x28 Middlewares\ST\STM32_USB_Device_Library\Core\Src\usbd_core.o
                0x080029ac                USBD_ClrClassConfig
 .text.USBD_LL_SetupStage
                0x080029d4       0x94 Middlewares\ST\STM32_USB_Device_Library\Core\Src\usbd_core.o
                0x080029d4                USBD_LL_SetupStage
 .text.USBD_LL_DataOutStage
                0x08002a68       0xb8 Middlewares\ST\STM32_USB_Device_Library\Core\Src\usbd_core.o
                0x08002a68                USBD_LL_DataOutStage
 .text.USBD_LL_DataInStage
                0x08002b20      0x120 Middlewares\ST\STM32_USB_Device_Library\Core\Src\usbd_core.o
                0x08002b20                USBD_LL_DataInStage
 .text.USBD_LL_Reset
                0x08002c40       0x60 Middlewares\ST\STM32_USB_Device_Library\Core\Src\usbd_core.o
                0x08002c40                USBD_LL_Reset
 .text.USBD_LL_SetSpeed
                0x08002ca0       0x20 Middlewares\ST\STM32_USB_Device_Library\Core\Src\usbd_core.o
                0x08002ca0                USBD_LL_SetSpeed
 .text.USBD_LL_Suspend
                0x08002cc0       0x2c Middlewares\ST\STM32_USB_Device_Library\Core\Src\usbd_core.o
                0x08002cc0                USBD_LL_Suspend
 .text.USBD_LL_Resume
                0x08002cec       0x24 Middlewares\ST\STM32_USB_Device_Library\Core\Src\usbd_core.o
                0x08002cec                USBD_LL_Resume
 .text.USBD_LL_SOF
                0x08002d10       0x34 Middlewares\ST\STM32_USB_Device_Library\Core\Src\usbd_core.o
                0x08002d10                USBD_LL_SOF
 .text.USBD_CDC_Init
                0x08002d44       0xd4 Middlewares\ST\STM32_USB_Device_Library\Class\CDC\Src\usbd_cdc.o
 .text.USBD_CDC_DeInit
                0x08002e18       0x5c Middlewares\ST\STM32_USB_Device_Library\Class\CDC\Src\usbd_cdc.o
 .text.USBD_CDC_Setup
                0x08002e74       0xbc Middlewares\ST\STM32_USB_Device_Library\Class\CDC\Src\usbd_cdc.o
 .text.USBD_CDC_DataIn
                0x08002f30       0x38 Middlewares\ST\STM32_USB_Device_Library\Class\CDC\Src\usbd_cdc.o
 .text.USBD_CDC_DataOut
                0x08002f68       0x58 Middlewares\ST\STM32_USB_Device_Library\Class\CDC\Src\usbd_cdc.o
 .text.USBD_CDC_EP0_RxReady
                0x08002fc0       0x50 Middlewares\ST\STM32_USB_Device_Library\Class\CDC\Src\usbd_cdc.o
 .text.USBD_CDC_GetFSCfgDesc
                0x08003010       0x20 Middlewares\ST\STM32_USB_Device_Library\Class\CDC\Src\usbd_cdc.o
 .text.USBD_CDC_GetHSCfgDesc
                0x08003030       0x20 Middlewares\ST\STM32_USB_Device_Library\Class\CDC\Src\usbd_cdc.o
 .text.USBD_CDC_GetOtherSpeedCfgDesc
                0x08003050       0x20 Middlewares\ST\STM32_USB_Device_Library\Class\CDC\Src\usbd_cdc.o
 .text.USBD_CDC_GetDeviceQualifierDescriptor
                0x08003070       0x20 Middlewares\ST\STM32_USB_Device_Library\Class\CDC\Src\usbd_cdc.o
                0x08003070                USBD_CDC_GetDeviceQualifierDescriptor
 .text.USBD_CDC_RegisterInterface
                0x08003090       0x30 Middlewares\ST\STM32_USB_Device_Library\Class\CDC\Src\usbd_cdc.o
                0x08003090                USBD_CDC_RegisterInterface
 .text.USBD_CDC_SetTxBuffer
                0x080030c0       0x34 Middlewares\ST\STM32_USB_Device_Library\Class\CDC\Src\usbd_cdc.o
                0x080030c0                USBD_CDC_SetTxBuffer
 .text.USBD_CDC_SetRxBuffer
                0x080030f4       0x28 Middlewares\ST\STM32_USB_Device_Library\Class\CDC\Src\usbd_cdc.o
                0x080030f4                USBD_CDC_SetRxBuffer
 .text.USBD_CDC_TransmitPacket
                0x0800311c       0x54 Middlewares\ST\STM32_USB_Device_Library\Class\CDC\Src\usbd_cdc.o
                0x0800311c                USBD_CDC_TransmitPacket
 .text.USBD_CDC_ReceivePacket
                0x08003170       0x54 Middlewares\ST\STM32_USB_Device_Library\Class\CDC\Src\usbd_cdc.o
                0x08003170                USBD_CDC_ReceivePacket
 .text.HAL_TIM_PWM_ConfigChannel
                0x080031c4      0x230 Drivers\STM32F3xx_HAL_Driver\Src\stm32f3xx_hal_tim_ex.o
                0x080031c4                HAL_TIM_PWM_ConfigChannel
 .text.HAL_TIMEx_MasterConfigSynchronization
                0x080033f4       0xa8 Drivers\STM32F3xx_HAL_Driver\Src\stm32f3xx_hal_tim_ex.o
                0x080033f4                HAL_TIMEx_MasterConfigSynchronization
 .text.HAL_TIMEx_ConfigBreakDeadTime
                0x0800349c      0x134 Drivers\STM32F3xx_HAL_Driver\Src\stm32f3xx_hal_tim_ex.o
                0x0800349c                HAL_TIMEx_ConfigBreakDeadTime
 .text.TIM_OC5_SetConfig
                0x080035d0       0xd4 Drivers\STM32F3xx_HAL_Driver\Src\stm32f3xx_hal_tim_ex.o
 .text.TIM_OC6_SetConfig
                0x080036a4       0xd8 Drivers\STM32F3xx_HAL_Driver\Src\stm32f3xx_hal_tim_ex.o
 .text.HAL_TIM_PWM_Init
                0x0800377c       0x58 Drivers\STM32F3xx_HAL_Driver\Src\stm32f3xx_hal_tim.o
                0x0800377c                HAL_TIM_PWM_Init
 .text.HAL_TIM_PWM_Start
                0x080037d4       0x94 Drivers\STM32F3xx_HAL_Driver\Src\stm32f3xx_hal_tim.o
                0x080037d4                HAL_TIM_PWM_Start
 .text.TIM_Base_SetConfig
                0x08003868      0x114 Drivers\STM32F3xx_HAL_Driver\Src\stm32f3xx_hal_tim.o
                0x08003868                TIM_Base_SetConfig
 .text.TIM_OC1_SetConfig
                0x0800397c      0x12c Drivers\STM32F3xx_HAL_Driver\Src\stm32f3xx_hal_tim.o
                0x0800397c                TIM_OC1_SetConfig
 .text.TIM_OC2_SetConfig
                0x08003aa8      0x120 Drivers\STM32F3xx_HAL_Driver\Src\stm32f3xx_hal_tim.o
                0x08003aa8                TIM_OC2_SetConfig
 .text.TIM_OC3_SetConfig
                0x08003bc8      0x11c Drivers\STM32F3xx_HAL_Driver\Src\stm32f3xx_hal_tim.o
                0x08003bc8                TIM_OC3_SetConfig
 .text.TIM_OC4_SetConfig
                0x08003ce4       0xe0 Drivers\STM32F3xx_HAL_Driver\Src\stm32f3xx_hal_tim.o
                0x08003ce4                TIM_OC4_SetConfig
 .text.TIM_CCxChannelCmd
                0x08003dc4       0x48 Drivers\STM32F3xx_HAL_Driver\Src\stm32f3xx_hal_tim.o
                0x08003dc4                TIM_CCxChannelCmd
 .text.HAL_RCCEx_PeriphCLKConfig
                0x08003e0c      0x39c Drivers\STM32F3xx_HAL_Driver\Src\stm32f3xx_hal_rcc_ex.o
                0x08003e0c                HAL_RCCEx_PeriphCLKConfig
 .text.HAL_RCC_OscConfig
                0x080041a8     0x1184 Drivers\STM32F3xx_HAL_Driver\Src\stm32f3xx_hal_rcc.o
                0x080041a8                HAL_RCC_OscConfig
 .text.HAL_RCC_ClockConfig
                0x0800532c      0x3f8 Drivers\STM32F3xx_HAL_Driver\Src\stm32f3xx_hal_rcc.o
                0x0800532c                HAL_RCC_ClockConfig
 .text.HAL_RCC_GetSysClockFreq
                0x08005724       0xd4 Drivers\STM32F3xx_HAL_Driver\Src\stm32f3xx_hal_rcc.o
                0x08005724                HAL_RCC_GetSysClockFreq
 .text.HAL_RCC_GetHCLKFreq
                0x080057f8       0x18 Drivers\STM32F3xx_HAL_Driver\Src\stm32f3xx_hal_rcc.o
                0x080057f8                HAL_RCC_GetHCLKFreq
 .text.HAL_PCDEx_PMAConfig
                0x08005810       0x88 Drivers\STM32F3xx_HAL_Driver\Src\stm32f3xx_hal_pcd_ex.o
                0x08005810                HAL_PCDEx_PMAConfig
 .text.PCD_WritePMA
                0x08005898       0x80 Drivers\STM32F3xx_HAL_Driver\Src\stm32f3xx_hal_pcd_ex.o
                0x08005898                PCD_WritePMA
 .text.PCD_ReadPMA
                0x08005918       0x64 Drivers\STM32F3xx_HAL_Driver\Src\stm32f3xx_hal_pcd_ex.o
                0x08005918                PCD_ReadPMA
 .text.HAL_PCD_Init
                0x0800597c      0x1c0 Drivers\STM32F3xx_HAL_Driver\Src\stm32f3xx_hal_pcd.o
                0x0800597c                HAL_PCD_Init
 .text.HAL_PCD_Start
                0x08005b3c       0x1c Drivers\STM32F3xx_HAL_Driver\Src\stm32f3xx_hal_pcd.o
                0x08005b3c                HAL_PCD_Start
 .text.PCD_EP_ISR_Handler
                0x08005b58      0x668 Drivers\STM32F3xx_HAL_Driver\Src\stm32f3xx_hal_pcd.o
 .text.HAL_PCD_IRQHandler
                0x080061c0      0x1dc Drivers\STM32F3xx_HAL_Driver\Src\stm32f3xx_hal_pcd.o
                0x080061c0                HAL_PCD_IRQHandler
 .text.HAL_PCD_SetAddress
                0x0800639c       0x54 Drivers\STM32F3xx_HAL_Driver\Src\stm32f3xx_hal_pcd.o
                0x0800639c                HAL_PCD_SetAddress
 .text.HAL_PCD_EP_Open
                0x080063f0      0x730 Drivers\STM32F3xx_HAL_Driver\Src\stm32f3xx_hal_pcd.o
                0x080063f0                HAL_PCD_EP_Open
 .text.HAL_PCD_EP_Close
                0x08006b20      0x430 Drivers\STM32F3xx_HAL_Driver\Src\stm32f3xx_hal_pcd.o
                0x08006b20                HAL_PCD_EP_Close
 .text.HAL_PCD_EP_Receive
                0x08006f50      0x228 Drivers\STM32F3xx_HAL_Driver\Src\stm32f3xx_hal_pcd.o
                0x08006f50                HAL_PCD_EP_Receive
 .text.HAL_PCD_EP_GetRxCount
                0x08007178       0x34 Drivers\STM32F3xx_HAL_Driver\Src\stm32f3xx_hal_pcd.o
                0x08007178                HAL_PCD_EP_GetRxCount
 .text.HAL_PCD_EP_Transmit
                0x080071ac      0x1e8 Drivers\STM32F3xx_HAL_Driver\Src\stm32f3xx_hal_pcd.o
                0x080071ac                HAL_PCD_EP_Transmit
 .text.HAL_PCD_EP_SetStall
                0x08007394      0x150 Drivers\STM32F3xx_HAL_Driver\Src\stm32f3xx_hal_pcd.o
                0x08007394                HAL_PCD_EP_SetStall
 .text.HAL_PCD_EP_ClrStall
                0x080074e4      0x1bc Drivers\STM32F3xx_HAL_Driver\Src\stm32f3xx_hal_pcd.o
                0x080074e4                HAL_PCD_EP_ClrStall
 .text.HAL_GPIO_Init
                0x080076a0      0x2fc Drivers\STM32F3xx_HAL_Driver\Src\stm32f3xx_hal_gpio.o
                0x080076a0                HAL_GPIO_Init
 .text.HAL_GPIO_ReadPin
                0x0800799c       0x30 Drivers\STM32F3xx_HAL_Driver\Src\stm32f3xx_hal_gpio.o
                0x0800799c                HAL_GPIO_ReadPin
 .text.HAL_GPIO_WritePin
                0x080079cc       0x30 Drivers\STM32F3xx_HAL_Driver\Src\stm32f3xx_hal_gpio.o
                0x080079cc                HAL_GPIO_WritePin
 .text.HAL_GPIO_TogglePin
                0x080079fc       0x24 Drivers\STM32F3xx_HAL_Driver\Src\stm32f3xx_hal_gpio.o
                0x080079fc                HAL_GPIO_TogglePin
 .text.HAL_CRCEx_Polynomial_Set
                0x08007a20       0xf4 Drivers\STM32F3xx_HAL_Driver\Src\stm32f3xx_hal_crc_ex.o
                0x08007a20                HAL_CRCEx_Polynomial_Set
 .text.HAL_CRC_Init
                0x08007b14       0xc8 Drivers\STM32F3xx_HAL_Driver\Src\stm32f3xx_hal_crc.o
                0x08007b14                HAL_CRC_Init
 .text.HAL_CRC_Calculate
                0x08007bdc       0xb0 Drivers\STM32F3xx_HAL_Driver\Src\stm32f3xx_hal_crc.o
                0x08007bdc                HAL_CRC_Calculate
 .text.CRC_Handle_8
                0x08007c8c      0x11c Drivers\STM32F3xx_HAL_Driver\Src\stm32f3xx_hal_crc.o
 .text.CRC_Handle_16
                0x08007da8       0x74 Drivers\STM32F3xx_HAL_Driver\Src\stm32f3xx_hal_crc.o
 .text.NVIC_SetPriorityGrouping
                0x08007e1c       0x48 Drivers\STM32F3xx_HAL_Driver\Src\stm32f3xx_hal_cortex.o
 .text.NVIC_GetPriorityGrouping
                0x08007e64       0x1c Drivers\STM32F3xx_HAL_Driver\Src\stm32f3xx_hal_cortex.o
 .text.NVIC_EnableIRQ
                0x08007e80       0x34 Drivers\STM32F3xx_HAL_Driver\Src\stm32f3xx_hal_cortex.o
 .text.NVIC_SetPriority
                0x08007eb4       0x54 Drivers\STM32F3xx_HAL_Driver\Src\stm32f3xx_hal_cortex.o
 .text.NVIC_EncodePriority
                0x08007f08       0x64 Drivers\STM32F3xx_HAL_Driver\Src\stm32f3xx_hal_cortex.o
 .text.SysTick_Config
                0x08007f6c       0x44 Drivers\STM32F3xx_HAL_Driver\Src\stm32f3xx_hal_cortex.o
 .text.HAL_NVIC_SetPriorityGrouping
                0x08007fb0       0x18 Drivers\STM32F3xx_HAL_Driver\Src\stm32f3xx_hal_cortex.o
                0x08007fb0                HAL_NVIC_SetPriorityGrouping
 .text.HAL_NVIC_SetPriority
                0x08007fc8       0x38 Drivers\STM32F3xx_HAL_Driver\Src\stm32f3xx_hal_cortex.o
                0x08007fc8                HAL_NVIC_SetPriority
 .text.HAL_NVIC_EnableIRQ
                0x08008000       0x1c Drivers\STM32F3xx_HAL_Driver\Src\stm32f3xx_hal_cortex.o
                0x08008000                HAL_NVIC_EnableIRQ
 .text.HAL_SYSTICK_Config
                0x0800801c       0x18 Drivers\STM32F3xx_HAL_Driver\Src\stm32f3xx_hal_cortex.o
                0x0800801c                HAL_SYSTICK_Config
 .text.HAL_SYSTICK_CLKSourceConfig
                0x08008034       0x38 Drivers\STM32F3xx_HAL_Driver\Src\stm32f3xx_hal_cortex.o
                0x08008034                HAL_SYSTICK_CLKSourceConfig
 .text.HAL_SYSTICK_IRQHandler
                0x0800806c        0xc Drivers\STM32F3xx_HAL_Driver\Src\stm32f3xx_hal_cortex.o
                0x0800806c                HAL_SYSTICK_IRQHandler
 .text.HAL_SYSTICK_Callback
                0x08008078       0x10 Drivers\STM32F3xx_HAL_Driver\Src\stm32f3xx_hal_cortex.o
                0x08008078                HAL_SYSTICK_Callback
 .text.HAL_Init
                0x08008088       0x2c Drivers\STM32F3xx_HAL_Driver\Src\stm32f3xx_hal.o
                0x08008088                HAL_Init
 .text.HAL_InitTick
                0x080080b4       0x38 Drivers\STM32F3xx_HAL_Driver\Src\stm32f3xx_hal.o
                0x080080b4                HAL_InitTick
 .text.HAL_IncTick
                0x080080ec       0x1c Drivers\STM32F3xx_HAL_Driver\Src\stm32f3xx_hal.o
                0x080080ec                HAL_IncTick
 .text.HAL_GetTick
                0x08008108       0x18 Drivers\STM32F3xx_HAL_Driver\Src\stm32f3xx_hal.o
                0x08008108                HAL_GetTick
 .text.HAL_Delay
                0x08008120       0x28 Drivers\STM32F3xx_HAL_Driver\Src\stm32f3xx_hal.o
                0x08008120                HAL_Delay
 .text.SystemInit
                0x08008148       0x94 Drivers\CMSIS\Device\ST\STM32F3xx\Source\Templates\system_stm32f3xx.o
                0x08008148                SystemInit
 .text.Reset_Handler
                0x080081dc       0x50 Drivers\CMSIS\Device\ST\STM32F3xx\Source\Templates\gcc\startup_stm32f303xc.o
                0x080081dc                Reset_Handler
 .text.Default_Handler
                0x0800822c        0x2 Drivers\CMSIS\Device\ST\STM32F3xx\Source\Templates\gcc\startup_stm32f303xc.o
                0x0800822c                RTC_Alarm_IRQHandler
                0x0800822c                TIM8_TRG_COM_IRQHandler
                0x0800822c                TIM8_CC_IRQHandler
                0x0800822c                TIM1_CC_IRQHandler
                0x0800822c                USB_HP_IRQHandler
                0x0800822c                PVD_IRQHandler
                0x0800822c                TAMP_STAMP_IRQHandler
                0x0800822c                EXTI3_IRQHandler
                0x0800822c                USB_HP_CAN_TX_IRQHandler
                0x0800822c                EXTI0_IRQHandler
                0x0800822c                I2C2_EV_IRQHandler
                0x0800822c                FPU_IRQHandler
                0x0800822c                TIM1_UP_TIM16_IRQHandler
                0x0800822c                ADC1_2_IRQHandler
                0x0800822c                SPI1_IRQHandler
                0x0800822c                CAN_SCE_IRQHandler
                0x0800822c                TIM6_DAC_IRQHandler
                0x0800822c                TIM8_UP_IRQHandler
                0x0800822c                DMA2_Channel2_IRQHandler
                0x0800822c                DMA1_Channel4_IRQHandler
                0x0800822c                USART3_IRQHandler
                0x0800822c                DMA1_Channel7_IRQHandler
                0x0800822c                UART5_IRQHandler
                0x0800822c                ADC3_IRQHandler
                0x0800822c                TIM4_IRQHandler
                0x0800822c                CAN_RX1_IRQHandler
                0x0800822c                DMA2_Channel1_IRQHandler
                0x0800822c                I2C1_EV_IRQHandler
                0x0800822c                DMA1_Channel6_IRQHandler
                0x0800822c                UART4_IRQHandler
                0x0800822c                DMA2_Channel4_IRQHandler
                0x0800822c                TIM3_IRQHandler
                0x0800822c                RCC_IRQHandler
                0x0800822c                DMA1_Channel1_IRQHandler
                0x0800822c                Default_Handler
                0x0800822c                USBWakeUp_RMP_IRQHandler
                0x0800822c                EXTI15_10_IRQHandler
                0x0800822c                TIM7_IRQHandler
                0x0800822c                EXTI9_5_IRQHandler
                0x0800822c                RTC_WKUP_IRQHandler
                0x0800822c                SPI2_IRQHandler
                0x0800822c                DMA2_Channel5_IRQHandler
                0x0800822c                DMA1_Channel5_IRQHandler
                0x0800822c                USB_LP_IRQHandler
                0x0800822c                EXTI4_IRQHandler
                0x0800822c                TIM1_TRG_COM_TIM17_IRQHandler
                0x0800822c                DMA1_Channel3_IRQHandler
                0x0800822c                ADC4_IRQHandler
                0x0800822c                WWDG_IRQHandler
                0x0800822c                TIM2_IRQHandler
                0x0800822c                COMP7_IRQHandler
                0x0800822c                COMP1_2_3_IRQHandler
                0x0800822c                EXTI1_IRQHandler
                0x0800822c                USART2_IRQHandler
                0x0800822c                COMP4_5_6_IRQHandler
                0x0800822c                I2C2_ER_IRQHandler
                0x0800822c                DMA1_Channel2_IRQHandler
                0x0800822c                TIM8_BRK_IRQHandler
                0x0800822c                FLASH_IRQHandler
                0x0800822c                USART1_IRQHandler
                0x0800822c                SPI3_IRQHandler
                0x0800822c                I2C1_ER_IRQHandler
                0x0800822c                USBWakeUp_IRQHandler
                0x0800822c                DMA2_Channel3_IRQHandler
                0x0800822c                EXTI2_TSC_IRQHandler
                0x0800822c                TIM1_BRK_TIM15_IRQHandler
 *fill*         0x0800822e        0x2 
 .text.__libc_init_array
                0x08008230       0x4c c:/program files (x86)/atollic/truestudio for arm 5.5.1/armtools/bin/../lib/gcc/arm-atollic-eabi/5.3.1/../../../../arm-atollic-eabi/lib/armv7e-m/fpu\libc.a(lib_a-init.o)
                0x08008230                __libc_init_array
 .text.malloc   0x0800827c       0x10 c:/program files (x86)/atollic/truestudio for arm 5.5.1/armtools/bin/../lib/gcc/arm-atollic-eabi/5.3.1/../../../../arm-atollic-eabi/lib/armv7e-m/fpu\libc.a(lib_a-malloc.o)
                0x0800827c                malloc
 .text.free     0x0800828c       0x10 c:/program files (x86)/atollic/truestudio for arm 5.5.1/armtools/bin/../lib/gcc/arm-atollic-eabi/5.3.1/../../../../arm-atollic-eabi/lib/armv7e-m/fpu\libc.a(lib_a-malloc.o)
                0x0800828c                free
 .text._malloc_r
                0x0800829c      0x440 c:/program files (x86)/atollic/truestudio for arm 5.5.1/armtools/bin/../lib/gcc/arm-atollic-eabi/5.3.1/../../../../arm-atollic-eabi/lib/armv7e-m/fpu\libc.a(lib_a-mallocr.o)
                0x0800829c                _malloc_r
 .text.memcpy   0x080086dc       0x16 c:/program files (x86)/atollic/truestudio for arm 5.5.1/armtools/bin/../lib/gcc/arm-atollic-eabi/5.3.1/../../../../arm-atollic-eabi/lib/armv7e-m/fpu\libc.a(lib_a-memcpy-stub.o)
                0x080086dc                memcpy
 .text.__malloc_lock
                0x080086f2        0x2 c:/program files (x86)/atollic/truestudio for arm 5.5.1/armtools/bin/../lib/gcc/arm-atollic-eabi/5.3.1/../../../../arm-atollic-eabi/lib/armv7e-m/fpu\libc.a(lib_a-mlock.o)
                0x080086f2                __malloc_lock
 .text.__malloc_unlock
                0x080086f4        0x2 c:/program files (x86)/atollic/truestudio for arm 5.5.1/armtools/bin/../lib/gcc/arm-atollic-eabi/5.3.1/../../../../arm-atollic-eabi/lib/armv7e-m/fpu\libc.a(lib_a-mlock.o)
                0x080086f4                __malloc_unlock
 *fill*         0x080086f6        0x2 
 .text.srand    0x080086f8       0x50 c:/program files (x86)/atollic/truestudio for arm 5.5.1/armtools/bin/../lib/gcc/arm-atollic-eabi/5.3.1/../../../../arm-atollic-eabi/lib/armv7e-m/fpu\libc.a(lib_a-rand.o)
                0x080086f8                srand
 .text.rand     0x08008748       0x74 c:/program files (x86)/atollic/truestudio for arm 5.5.1/armtools/bin/../lib/gcc/arm-atollic-eabi/5.3.1/../../../../arm-atollic-eabi/lib/armv7e-m/fpu\libc.a(lib_a-rand.o)
                0x08008748                rand
 .text._sbrk_r  0x080087bc       0x20 c:/program files (x86)/atollic/truestudio for arm 5.5.1/armtools/bin/../lib/gcc/arm-atollic-eabi/5.3.1/../../../../arm-atollic-eabi/lib/armv7e-m/fpu\libc.a(lib_a-sbrkr.o)
                0x080087bc                _sbrk_r
 .text.sprintf  0x080087dc       0x48 c:/program files (x86)/atollic/truestudio for arm 5.5.1/armtools/bin/../lib/gcc/arm-atollic-eabi/5.3.1/../../../../arm-atollic-eabi/lib/armv7e-m/fpu\libc.a(lib_a-sprintf.o)
                0x080087dc                sprintf
 *fill*         0x08008824        0x4 
 .text._svfprintf_r
                0x08008828      0xf84 c:/program files (x86)/atollic/truestudio for arm 5.5.1/armtools/bin/../lib/gcc/arm-atollic-eabi/5.3.1/../../../../arm-atollic-eabi/lib/armv7e-m/fpu\libc.a(lib_a-svfprintf.o)
                0x08008828                _svfprintf_r
 .text.quorem   0x080097ac      0x11e c:/program files (x86)/atollic/truestudio for arm 5.5.1/armtools/bin/../lib/gcc/arm-atollic-eabi/5.3.1/../../../../arm-atollic-eabi/lib/armv7e-m/fpu\libc.a(lib_a-dtoa.o)
 *fill*         0x080098ca        0x6 
 .text._dtoa_r  0x080098d0      0xb40 c:/program files (x86)/atollic/truestudio for arm 5.5.1/armtools/bin/../lib/gcc/arm-atollic-eabi/5.3.1/../../../../arm-atollic-eabi/lib/armv7e-m/fpu\libc.a(lib_a-dtoa.o)
                0x080098d0                _dtoa_r
 .text._malloc_trim_r
                0x0800a410       0xac c:/program files (x86)/atollic/truestudio for arm 5.5.1/armtools/bin/../lib/gcc/arm-atollic-eabi/5.3.1/../../../../arm-atollic-eabi/lib/armv7e-m/fpu\libc.a(lib_a-freer.o)
                0x0800a410                _malloc_trim_r
 .text._free_r  0x0800a4bc      0x17c c:/program files (x86)/atollic/truestudio for arm 5.5.1/armtools/bin/../lib/gcc/arm-atollic-eabi/5.3.1/../../../../arm-atollic-eabi/lib/armv7e-m/fpu\libc.a(lib_a-freer.o)
                0x0800a4bc                _free_r
 .text._localeconv_r
                0x0800a638        0x8 c:/program files (x86)/atollic/truestudio for arm 5.5.1/armtools/bin/../lib/gcc/arm-atollic-eabi/5.3.1/../../../../arm-atollic-eabi/lib/armv7e-m/fpu\libc.a(lib_a-locale.o)
                0x0800a638                _localeconv_r
 .text._Balloc  0x0800a640       0x6a c:/program files (x86)/atollic/truestudio for arm 5.5.1/armtools/bin/../lib/gcc/arm-atollic-eabi/5.3.1/../../../../arm-atollic-eabi/lib/armv7e-m/fpu\libc.a(lib_a-mprec.o)
                0x0800a640                _Balloc
 .text._Bfree   0x0800a6aa       0x2e c:/program files (x86)/atollic/truestudio for arm 5.5.1/armtools/bin/../lib/gcc/arm-atollic-eabi/5.3.1/../../../../arm-atollic-eabi/lib/armv7e-m/fpu\libc.a(lib_a-mprec.o)
                0x0800a6aa                _Bfree
 .text.__multadd
                0x0800a6d8       0x76 c:/program files (x86)/atollic/truestudio for arm 5.5.1/armtools/bin/../lib/gcc/arm-atollic-eabi/5.3.1/../../../../arm-atollic-eabi/lib/armv7e-m/fpu\libc.a(lib_a-mprec.o)
                0x0800a6d8                __multadd
 .text.__hi0bits
                0x0800a74e       0x40 c:/program files (x86)/atollic/truestudio for arm 5.5.1/armtools/bin/../lib/gcc/arm-atollic-eabi/5.3.1/../../../../arm-atollic-eabi/lib/armv7e-m/fpu\libc.a(lib_a-mprec.o)
                0x0800a74e                __hi0bits
 .text.__lo0bits
                0x0800a78e       0x5a c:/program files (x86)/atollic/truestudio for arm 5.5.1/armtools/bin/../lib/gcc/arm-atollic-eabi/5.3.1/../../../../arm-atollic-eabi/lib/armv7e-m/fpu\libc.a(lib_a-mprec.o)
                0x0800a78e                __lo0bits
 .text.__i2b    0x0800a7e8       0x12 c:/program files (x86)/atollic/truestudio for arm 5.5.1/armtools/bin/../lib/gcc/arm-atollic-eabi/5.3.1/../../../../arm-atollic-eabi/lib/armv7e-m/fpu\libc.a(lib_a-mprec.o)
                0x0800a7e8                __i2b
 .text.__multiply
                0x0800a7fa      0x122 c:/program files (x86)/atollic/truestudio for arm 5.5.1/armtools/bin/../lib/gcc/arm-atollic-eabi/5.3.1/../../../../arm-atollic-eabi/lib/armv7e-m/fpu\libc.a(lib_a-mprec.o)
                0x0800a7fa                __multiply
 .text.__pow5mult
                0x0800a91c       0x9c c:/program files (x86)/atollic/truestudio for arm 5.5.1/armtools/bin/../lib/gcc/arm-atollic-eabi/5.3.1/../../../../arm-atollic-eabi/lib/armv7e-m/fpu\libc.a(lib_a-mprec.o)
                0x0800a91c                __pow5mult
 .text.__lshift
                0x0800a9b8       0xa2 c:/program files (x86)/atollic/truestudio for arm 5.5.1/armtools/bin/../lib/gcc/arm-atollic-eabi/5.3.1/../../../../arm-atollic-eabi/lib/armv7e-m/fpu\libc.a(lib_a-mprec.o)
                0x0800a9b8                __lshift
 .text.__mcmp   0x0800aa5a       0x38 c:/program files (x86)/atollic/truestudio for arm 5.5.1/armtools/bin/../lib/gcc/arm-atollic-eabi/5.3.1/../../../../arm-atollic-eabi/lib/armv7e-m/fpu\libc.a(lib_a-mprec.o)
                0x0800aa5a                __mcmp
 .text.__mdiff  0x0800aa92       0xbe c:/program files (x86)/atollic/truestudio for arm 5.5.1/armtools/bin/../lib/gcc/arm-atollic-eabi/5.3.1/../../../../arm-atollic-eabi/lib/armv7e-m/fpu\libc.a(lib_a-mprec.o)
                0x0800aa92                __mdiff
 .text.__d2b    0x0800ab50       0x9c c:/program files (x86)/atollic/truestudio for arm 5.5.1/armtools/bin/../lib/gcc/arm-atollic-eabi/5.3.1/../../../../arm-atollic-eabi/lib/armv7e-m/fpu\libc.a(lib_a-mprec.o)
                0x0800ab50                __d2b
 .text.__ssprint_r
                0x0800abec       0xfe c:/program files (x86)/atollic/truestudio for arm 5.5.1/armtools/bin/../lib/gcc/arm-atollic-eabi/5.3.1/../../../../arm-atollic-eabi/lib/armv7e-m/fpu\libc.a(lib_a-svfiprintf.o)
                0x0800abec                __ssprint_r
 .text._calloc_r
                0x0800acea       0x5a c:/program files (x86)/atollic/truestudio for arm 5.5.1/armtools/bin/../lib/gcc/arm-atollic-eabi/5.3.1/../../../../arm-atollic-eabi/lib/armv7e-m/fpu\libc.a(lib_a-callocr.o)
                0x0800acea                _calloc_r
 .text.memmove  0x0800ad44       0x36 c:/program files (x86)/atollic/truestudio for arm 5.5.1/armtools/bin/../lib/gcc/arm-atollic-eabi/5.3.1/../../../../arm-atollic-eabi/lib/armv7e-m/fpu\libc.a(lib_a-memmove.o)
                0x0800ad44                memmove
 .text.memset   0x0800ad7a       0x10 c:/program files (x86)/atollic/truestudio for arm 5.5.1/armtools/bin/../lib/gcc/arm-atollic-eabi/5.3.1/../../../../arm-atollic-eabi/lib/armv7e-m/fpu\libc.a(lib_a-memset.o)
                0x0800ad7a                memset
 *fill*         0x0800ad8a        0x2 
 .text._realloc_r
                0x0800ad8c      0x350 c:/program files (x86)/atollic/truestudio for arm 5.5.1/armtools/bin/../lib/gcc/arm-atollic-eabi/5.3.1/../../../../arm-atollic-eabi/lib/armv7e-m/fpu\libc.a(lib_a-reallocr.o)
                0x0800ad8c                _realloc_r
 .text._sbrk    0x0800b0dc       0x1c c:/program files (x86)/atollic/truestudio for arm 5.5.1/armtools/bin/../lib/gcc/arm-atollic-eabi/5.3.1/../../../../arm-atollic-eabi/lib/armv7e-m/fpu\libnosys.a(sbrk.o)
                0x0800b0dc                _sbrk
 *(.glue_7)
 .glue_7        0x0800b0f8        0x0 linker stubs
 *(.glue_7t)
 .glue_7t       0x0800b0f8        0x0 linker stubs
 *(.eh_frame)
 .eh_frame      0x0800b0f8        0x0 c:/program files (x86)/atollic/truestudio for arm 5.5.1/armtools/bin/../lib/gcc/arm-atollic-eabi/5.3.1/armv7e-m/fpu/crtbegin.o
 *(.init)
 .init          0x0800b0f8        0x4 c:/program files (x86)/atollic/truestudio for arm 5.5.1/armtools/bin/../lib/gcc/arm-atollic-eabi/5.3.1/armv7e-m/fpu/crti.o
                0x0800b0f8                _init
 .init          0x0800b0fc        0x8 c:/program files (x86)/atollic/truestudio for arm 5.5.1/armtools/bin/../lib/gcc/arm-atollic-eabi/5.3.1/armv7e-m/fpu/crtn.o
 *(.fini)
 .fini          0x0800b104        0x4 c:/program files (x86)/atollic/truestudio for arm 5.5.1/armtools/bin/../lib/gcc/arm-atollic-eabi/5.3.1/armv7e-m/fpu/crti.o
                0x0800b104                _fini
 .fini          0x0800b108        0x8 c:/program files (x86)/atollic/truestudio for arm 5.5.1/armtools/bin/../lib/gcc/arm-atollic-eabi/5.3.1/armv7e-m/fpu/crtn.o
                0x0800b110                . = ALIGN (0x4)
                0x0800b110                _etext = .

.vfp11_veneer   0x0800b110        0x0
 .vfp11_veneer  0x0800b110        0x0 linker stubs

.v4_bx          0x0800b110        0x0
 .v4_bx         0x0800b110        0x0 linker stubs

.iplt           0x0800b110        0x0
 .iplt          0x0800b110        0x0 c:/program files (x86)/atollic/truestudio for arm 5.5.1/armtools/bin/../lib/gcc/arm-atollic-eabi/5.3.1/armv7e-m/fpu/crtbegin.o

.rodata         0x0800b110      0x21c
                0x0800b110                . = ALIGN (0x4)
 *(.rodata)
 .rodata        0x0800b110       0x56 Src\usbd_desc.o
 *fill*         0x0800b166        0x2 
 .rodata        0x0800b168        0x6 Src\main.o
 *fill*         0x0800b16e        0x2 
 .rodata        0x0800b170       0x1f Src\commands.o
 *(.rodata*)
 *fill*         0x0800b18f        0x1 
 .rodata.aPLLMULFactorTable
                0x0800b190       0x10 Drivers\STM32F3xx_HAL_Driver\Src\stm32f3xx_hal_rcc.o
                0x0800b190                aPLLMULFactorTable
 .rodata.aPredivFactorTable
                0x0800b1a0       0x10 Drivers\STM32F3xx_HAL_Driver\Src\stm32f3xx_hal_rcc.o
                0x0800b1a0                aPredivFactorTable
 .rodata.AHBPrescTable
                0x0800b1b0       0x10 Drivers\CMSIS\Device\ST\STM32F3xx\Source\Templates\system_stm32f3xx.o
                0x0800b1b0                AHBPrescTable
 .rodata.zeroes.7045
                0x0800b1c0       0x10 c:/program files (x86)/atollic/truestudio for arm 5.5.1/armtools/bin/../lib/gcc/arm-atollic-eabi/5.3.1/../../../../arm-atollic-eabi/lib/armv7e-m/fpu\libc.a(lib_a-svfprintf.o)
 .rodata.str1.1
                0x0800b1d0       0x34 c:/program files (x86)/atollic/truestudio for arm 5.5.1/armtools/bin/../lib/gcc/arm-atollic-eabi/5.3.1/../../../../arm-atollic-eabi/lib/armv7e-m/fpu\libc.a(lib_a-svfprintf.o)
 .rodata.blanks.7044
                0x0800b204       0x10 c:/program files (x86)/atollic/truestudio for arm 5.5.1/armtools/bin/../lib/gcc/arm-atollic-eabi/5.3.1/../../../../arm-atollic-eabi/lib/armv7e-m/fpu\libc.a(lib_a-svfprintf.o)
 .rodata.str1.1
                0x0800b214        0xd c:/program files (x86)/atollic/truestudio for arm 5.5.1/armtools/bin/../lib/gcc/arm-atollic-eabi/5.3.1/../../../../arm-atollic-eabi/lib/armv7e-m/fpu\libc.a(lib_a-dtoa.o)
                                  0xf (size before relaxing)
 .rodata.str1.1
                0x0800b221        0x2 c:/program files (x86)/atollic/truestudio for arm 5.5.1/armtools/bin/../lib/gcc/arm-atollic-eabi/5.3.1/../../../../arm-atollic-eabi/lib/armv7e-m/fpu\libc.a(lib_a-impure.o)
 .rodata.str1.1
                0x0800b223        0x8 c:/program files (x86)/atollic/truestudio for arm 5.5.1/armtools/bin/../lib/gcc/arm-atollic-eabi/5.3.1/../../../../arm-atollic-eabi/lib/armv7e-m/fpu\libc.a(lib_a-locale.o)
                                  0xb (size before relaxing)
 *fill*         0x0800b22b        0x5 
 .rodata.__mprec_tens
                0x0800b230       0xc8 c:/program files (x86)/atollic/truestudio for arm 5.5.1/armtools/bin/../lib/gcc/arm-atollic-eabi/5.3.1/../../../../arm-atollic-eabi/lib/armv7e-m/fpu\libc.a(lib_a-mprec.o)
                0x0800b230                __mprec_tens
 .rodata.__mprec_bigtens
                0x0800b2f8       0x28 c:/program files (x86)/atollic/truestudio for arm 5.5.1/armtools/bin/../lib/gcc/arm-atollic-eabi/5.3.1/../../../../arm-atollic-eabi/lib/armv7e-m/fpu\libc.a(lib_a-mprec.o)
                0x0800b2f8                __mprec_bigtens
 .rodata.p05.5388
                0x0800b320        0xc c:/program files (x86)/atollic/truestudio for arm 5.5.1/armtools/bin/../lib/gcc/arm-atollic-eabi/5.3.1/../../../../arm-atollic-eabi/lib/armv7e-m/fpu\libc.a(lib_a-mprec.o)
                0x0800b32c                . = ALIGN (0x4)

.ARM.extab
 *(.ARM.extab* .gnu.linkonce.armextab.*)

.ARM            0x0800b32c        0x8
                0x0800b32c                __exidx_start = .
 *(.ARM.exidx*)
 .ARM.exidx     0x0800b32c        0x8 c:/program files (x86)/atollic/truestudio for arm 5.5.1/armtools/bin/../lib/gcc/arm-atollic-eabi/5.3.1/armv7e-m/fpu\libgcc.a(_udivmoddi4.o)
                0x0800b334                __exidx_end = .

.rel.dyn        0x0800b334        0x0
 .rel.iplt      0x0800b334        0x0 c:/program files (x86)/atollic/truestudio for arm 5.5.1/armtools/bin/../lib/gcc/arm-atollic-eabi/5.3.1/armv7e-m/fpu/crtbegin.o

.preinit_array  0x0800b334        0x0
                0x0800b334                PROVIDE (__preinit_array_start, .)
 *(.preinit_array*)
                0x0800b334                PROVIDE (__preinit_array_end, .)

.init_array     0x0800b334        0x4
                0x0800b334                PROVIDE (__init_array_start, .)
 *(SORT(.init_array.*))
 *(.init_array*)
 .init_array    0x0800b334        0x4 c:/program files (x86)/atollic/truestudio for arm 5.5.1/armtools/bin/../lib/gcc/arm-atollic-eabi/5.3.1/armv7e-m/fpu/crtbegin.o
                0x0800b338                PROVIDE (__init_array_end, .)

.fini_array     0x0800b338        0x4
                [!provide]                PROVIDE (__fini_array_start, .)
 *(SORT(.fini_array.*))
 *(.fini_array*)
 .fini_array    0x0800b338        0x4 c:/program files (x86)/atollic/truestudio for arm 5.5.1/armtools/bin/../lib/gcc/arm-atollic-eabi/5.3.1/armv7e-m/fpu/crtbegin.o
                [!provide]                PROVIDE (__fini_array_end, .)
                0x0800b33c                _sidata = LOADADDR (.data)

.data           0x20000000      0x694 load address 0x0800b33c
                0x20000000                . = ALIGN (0x4)
                0x20000000                _sdata = .
 *(.data)
 *(.data*)
 .data.FS_Desc  0x20000000       0x1c Src\usbd_desc.o
                0x20000000                FS_Desc
 .data.USBD_FS_DeviceDesc
                0x2000001c       0x12 Src\usbd_desc.o
                0x2000001c                USBD_FS_DeviceDesc
 *fill*         0x2000002e        0x2 
 .data.USBD_LangIDDesc
                0x20000030        0x4 Src\usbd_desc.o
                0x20000030                USBD_LangIDDesc
 .data.USBD_Interface_fops_FS
                0x20000034       0x10 Src\usbd_cdc_if.o
                0x20000034                USBD_Interface_fops_FS
 .data.USBD_CDC_DeviceQualifierDesc
                0x20000044        0xa Middlewares\ST\STM32_USB_Device_Library\Class\CDC\Src\usbd_cdc.o
 *fill*         0x2000004e        0x2 
 .data.USBD_CDC
                0x20000050       0x38 Middlewares\ST\STM32_USB_Device_Library\Class\CDC\Src\usbd_cdc.o
                0x20000050                USBD_CDC
 .data.USBD_CDC_CfgHSDesc
                0x20000088       0x43 Middlewares\ST\STM32_USB_Device_Library\Class\CDC\Src\usbd_cdc.o
                0x20000088                USBD_CDC_CfgHSDesc
 *fill*         0x200000cb        0x1 
 .data.USBD_CDC_CfgFSDesc
                0x200000cc       0x43 Middlewares\ST\STM32_USB_Device_Library\Class\CDC\Src\usbd_cdc.o
                0x200000cc                USBD_CDC_CfgFSDesc
 *fill*         0x2000010f        0x1 
 .data.USBD_CDC_OtherSpeedCfgDesc
                0x20000110       0x43 Middlewares\ST\STM32_USB_Device_Library\Class\CDC\Src\usbd_cdc.o
                0x20000110                USBD_CDC_OtherSpeedCfgDesc
 *fill*         0x20000153        0x1 
 .data.SystemCoreClock
                0x20000154        0x4 Drivers\CMSIS\Device\ST\STM32F3xx\Source\Templates\system_stm32f3xx.o
                0x20000154                SystemCoreClock
 .data.__malloc_av_
                0x20000158      0x408 c:/program files (x86)/atollic/truestudio for arm 5.5.1/armtools/bin/../lib/gcc/arm-atollic-eabi/5.3.1/../../../../arm-atollic-eabi/lib/armv7e-m/fpu\libc.a(lib_a-mallocr.o)
                0x20000158                __malloc_av_
 .data.__malloc_trim_threshold
                0x20000560        0x4 c:/program files (x86)/atollic/truestudio for arm 5.5.1/armtools/bin/../lib/gcc/arm-atollic-eabi/5.3.1/../../../../arm-atollic-eabi/lib/armv7e-m/fpu\libc.a(lib_a-mallocr.o)
                0x20000560                __malloc_trim_threshold
 .data.__malloc_sbrk_base
                0x20000564        0x4 c:/program files (x86)/atollic/truestudio for arm 5.5.1/armtools/bin/../lib/gcc/arm-atollic-eabi/5.3.1/../../../../arm-atollic-eabi/lib/armv7e-m/fpu\libc.a(lib_a-mallocr.o)
                0x20000564                __malloc_sbrk_base
 .data.impure_data
                0x20000568       0xf0 c:/program files (x86)/atollic/truestudio for arm 5.5.1/armtools/bin/../lib/gcc/arm-atollic-eabi/5.3.1/../../../../arm-atollic-eabi/lib/armv7e-m/fpu\libc.a(lib_a-impure.o)
 .data._impure_ptr
                0x20000658        0x4 c:/program files (x86)/atollic/truestudio for arm 5.5.1/armtools/bin/../lib/gcc/arm-atollic-eabi/5.3.1/../../../../arm-atollic-eabi/lib/armv7e-m/fpu\libc.a(lib_a-impure.o)
                0x20000658                _impure_ptr
 .data.lconv    0x2000065c       0x38 c:/program files (x86)/atollic/truestudio for arm 5.5.1/armtools/bin/../lib/gcc/arm-atollic-eabi/5.3.1/../../../../arm-atollic-eabi/lib/armv7e-m/fpu\libc.a(lib_a-locale.o)
                0x20000694                . = ALIGN (0x4)
                0x20000694                _edata = .
                0x0800b9d0                _siccmram = LOADADDR (.ccmram)

.igot.plt       0x20000694        0x0 load address 0x0800b9d0
 .igot.plt      0x20000694        0x0 c:/program files (x86)/atollic/truestudio for arm 5.5.1/armtools/bin/../lib/gcc/arm-atollic-eabi/5.3.1/armv7e-m/fpu/crtbegin.o

.ccmram         0x10000000        0x0 load address 0x0800b9d0
                0x10000000                . = ALIGN (0x4)
                0x10000000                _sccmram = .
 *(.ccmram)
 *(.ccmram*)
                0x10000000                . = ALIGN (0x4)
                0x10000000                _eccmram = .
                0x10000000                . = ALIGN (0x4)

.bss            0x20000694      0xae8
                0x20000694                _sbss = .
                0x20000694                __bss_start__ = _sbss
 *(.bss)
 .bss           0x20000694       0x1c c:/program files (x86)/atollic/truestudio for arm 5.5.1/armtools/bin/../lib/gcc/arm-atollic-eabi/5.3.1/armv7e-m/fpu/crtbegin.o
 *(.bss*)
 .bss.mem.8750  0x200006b0      0x220 Src\usbd_conf.o
 .bss.length    0x200008d0        0x2 Src\commands.o
                0x200008d0                length
 .bss.status    0x200008d2        0x1 Src\commands.o
                0x200008d2                status
 .bss.cfgidx.8684
                0x200008d3        0x1 Middlewares\ST\STM32_USB_Device_Library\Core\Src\usbd_ctlreq.o
 .bss.ifalt.8679
                0x200008d4        0x1 Middlewares\ST\STM32_USB_Device_Library\Class\CDC\Src\usbd_cdc.o
 *fill*         0x200008d5        0x3 
 .bss.__malloc_max_total_mem
                0x200008d8        0x4 c:/program files (x86)/atollic/truestudio for arm 5.5.1/armtools/bin/../lib/gcc/arm-atollic-eabi/5.3.1/../../../../arm-atollic-eabi/lib/armv7e-m/fpu\libc.a(lib_a-mallocr.o)
                0x200008d8                __malloc_max_total_mem
 .bss.__malloc_max_sbrked_mem
                0x200008dc        0x4 c:/program files (x86)/atollic/truestudio for arm 5.5.1/armtools/bin/../lib/gcc/arm-atollic-eabi/5.3.1/../../../../arm-atollic-eabi/lib/armv7e-m/fpu\libc.a(lib_a-mallocr.o)
                0x200008dc                __malloc_max_sbrked_mem
 .bss.__malloc_top_pad
                0x200008e0        0x4 c:/program files (x86)/atollic/truestudio for arm 5.5.1/armtools/bin/../lib/gcc/arm-atollic-eabi/5.3.1/../../../../arm-atollic-eabi/lib/armv7e-m/fpu\libc.a(lib_a-mallocr.o)
                0x200008e0                __malloc_top_pad
 .bss.__malloc_current_mallinfo
                0x200008e4       0x28 c:/program files (x86)/atollic/truestudio for arm 5.5.1/armtools/bin/../lib/gcc/arm-atollic-eabi/5.3.1/../../../../arm-atollic-eabi/lib/armv7e-m/fpu\libc.a(lib_a-mallocr.o)
                0x200008e4                __malloc_current_mallinfo
 .bss.heap_end.4169
                0x2000090c        0x4 c:/program files (x86)/atollic/truestudio for arm 5.5.1/armtools/bin/../lib/gcc/arm-atollic-eabi/5.3.1/../../../../arm-atollic-eabi/lib/armv7e-m/fpu\libnosys.a(sbrk.o)
 *(COMMON)
 COMMON         0x20000910      0x200 Src\usbd_desc.o
                0x20000910                USBD_StrDesc
 COMMON         0x20000b10      0x3a8 Src\usbd_conf.o
                0x20000b10                hpcd_USB_FS
 COMMON         0x20000eb8       0x16 Src\usbd_cdc_if.o
                0x20000eb8                UserRxBufferFS
                0x20000ec4                UserTxBufferFS
 *fill*         0x20000ece        0x2 
 COMMON         0x20000ed0      0x224 Src\usb_device.o
                0x20000ed0                hUsbDeviceFS
 COMMON         0x200010f4       0x60 Src\main.o
                0x200010f4                htim15
                0x20001130                hcrc
 COMMON         0x20001154       0x1e Src\commands.o
                0x20001154                command
 *fill*         0x20001172        0x2 
 COMMON         0x20001174        0x4 Drivers\STM32F3xx_HAL_Driver\Src\stm32f3xx_hal.o
                0x20001174                uwTick
 COMMON         0x20001178        0x4 c:/program files (x86)/atollic/truestudio for arm 5.5.1/armtools/bin/../lib/gcc/arm-atollic-eabi/5.3.1/../../../../arm-atollic-eabi/lib/armv7e-m/fpu\libc.a(lib_a-reent.o)
                0x20001178                errno
                0x2000117c                . = ALIGN (0x4)
                0x2000117c                _ebss = .
                0x2000117c                __bss_end__ = _ebss

._user_heap_stack
                0x2000117c      0x600
                0x2000117c                . = ALIGN (0x4)
                0x2000117c                PROVIDE (end, .)
                [!provide]                PROVIDE (_end, .)
                0x2000137c                . = (. + _Min_Heap_Size)
 *fill*         0x2000117c      0x200 
                0x2000177c                . = (. + _Min_Stack_Size)
 *fill*         0x2000137c      0x400 
                0x2000177c                . = ALIGN (0x4)

/DISCARD/
 libc.a(*)
 libm.a(*)
 libgcc.a(*)

.ARM.attributes
                0x00000000       0x30
 *(.ARM.attributes)
 .ARM.attributes
                0x00000000       0x22 c:/program files (x86)/atollic/truestudio for arm 5.5.1/armtools/bin/../lib/gcc/arm-atollic-eabi/5.3.1/armv7e-m/fpu/crti.o
 .ARM.attributes
                0x00000022       0x34 c:/program files (x86)/atollic/truestudio for arm 5.5.1/armtools/bin/../lib/gcc/arm-atollic-eabi/5.3.1/armv7e-m/fpu/crtbegin.o
 .ARM.attributes
                0x00000056       0x39 hx711\hx711.o
 .ARM.attributes
                0x0000008f       0x39 Src\usbd_desc.o
 .ARM.attributes
                0x000000c8       0x39 Src\usbd_conf.o
 .ARM.attributes
                0x00000101       0x39 Src\usbd_cdc_if.o
 .ARM.attributes
                0x0000013a       0x39 Src\usb_device.o
 .ARM.attributes
                0x00000173       0x39 Src\stm32f3xx_it.o
 .ARM.attributes
                0x000001ac       0x39 Src\stm32f3xx_hal_msp.o
 .ARM.attributes
                0x000001e5       0x39 Src\main.o
 .ARM.attributes
                0x0000021e       0x39 Src\commands.o
 .ARM.attributes
                0x00000257       0x39 Middlewares\ST\STM32_USB_Device_Library\Core\Src\usbd_ioreq.o
 .ARM.attributes
                0x00000290       0x39 Middlewares\ST\STM32_USB_Device_Library\Core\Src\usbd_ctlreq.o
 .ARM.attributes
                0x000002c9       0x39 Middlewares\ST\STM32_USB_Device_Library\Core\Src\usbd_core.o
 .ARM.attributes
                0x00000302       0x39 Middlewares\ST\STM32_USB_Device_Library\Class\CDC\Src\usbd_cdc.o
 .ARM.attributes
                0x0000033b       0x39 Drivers\STM32F3xx_HAL_Driver\Src\stm32f3xx_hal_tim_ex.o
 .ARM.attributes
                0x00000374       0x39 Drivers\STM32F3xx_HAL_Driver\Src\stm32f3xx_hal_tim.o
 .ARM.attributes
                0x000003ad       0x39 Drivers\STM32F3xx_HAL_Driver\Src\stm32f3xx_hal_rcc_ex.o
 .ARM.attributes
                0x000003e6       0x39 Drivers\STM32F3xx_HAL_Driver\Src\stm32f3xx_hal_rcc.o
 .ARM.attributes
                0x0000041f       0x39 Drivers\STM32F3xx_HAL_Driver\Src\stm32f3xx_hal_pcd_ex.o
 .ARM.attributes
                0x00000458       0x39 Drivers\STM32F3xx_HAL_Driver\Src\stm32f3xx_hal_pcd.o
 .ARM.attributes
                0x00000491       0x39 Drivers\STM32F3xx_HAL_Driver\Src\stm32f3xx_hal_gpio.o
 .ARM.attributes
                0x000004ca       0x39 Drivers\STM32F3xx_HAL_Driver\Src\stm32f3xx_hal_crc_ex.o
 .ARM.attributes
                0x00000503       0x39 Drivers\STM32F3xx_HAL_Driver\Src\stm32f3xx_hal_crc.o
 .ARM.attributes
                0x0000053c       0x39 Drivers\STM32F3xx_HAL_Driver\Src\stm32f3xx_hal_cortex.o
 .ARM.attributes
                0x00000575       0x39 Drivers\STM32F3xx_HAL_Driver\Src\stm32f3xx_hal.o
 .ARM.attributes
                0x000005ae       0x39 Drivers\CMSIS\Device\ST\STM32F3xx\Source\Templates\system_stm32f3xx.o
 .ARM.attributes
                0x000005e7       0x21 Drivers\CMSIS\Device\ST\STM32F3xx\Source\Templates\gcc\startup_stm32f303xc.o
 .ARM.attributes
                0x00000608       0x34 c:/program files (x86)/atollic/truestudio for arm 5.5.1/armtools/bin/../lib/gcc/arm-atollic-eabi/5.3.1/../../../../arm-atollic-eabi/lib/armv7e-m/fpu\libc.a(lib_a-init.o)
 .ARM.attributes
                0x0000063c       0x34 c:/program files (x86)/atollic/truestudio for arm 5.5.1/armtools/bin/../lib/gcc/arm-atollic-eabi/5.3.1/../../../../arm-atollic-eabi/lib/armv7e-m/fpu\libc.a(lib_a-malloc.o)
 .ARM.attributes
                0x00000670       0x34 c:/program files (x86)/atollic/truestudio for arm 5.5.1/armtools/bin/../lib/gcc/arm-atollic-eabi/5.3.1/../../../../arm-atollic-eabi/lib/armv7e-m/fpu\libc.a(lib_a-mallocr.o)
 .ARM.attributes
                0x000006a4       0x34 c:/program files (x86)/atollic/truestudio for arm 5.5.1/armtools/bin/../lib/gcc/arm-atollic-eabi/5.3.1/../../../../arm-atollic-eabi/lib/armv7e-m/fpu\libc.a(lib_a-memcpy-stub.o)
 .ARM.attributes
                0x000006d8       0x34 c:/program files (x86)/atollic/truestudio for arm 5.5.1/armtools/bin/../lib/gcc/arm-atollic-eabi/5.3.1/../../../../arm-atollic-eabi/lib/armv7e-m/fpu\libc.a(lib_a-mlock.o)
 .ARM.attributes
                0x0000070c       0x34 c:/program files (x86)/atollic/truestudio for arm 5.5.1/armtools/bin/../lib/gcc/arm-atollic-eabi/5.3.1/../../../../arm-atollic-eabi/lib/armv7e-m/fpu\libc.a(lib_a-rand.o)
 .ARM.attributes
                0x00000740       0x34 c:/program files (x86)/atollic/truestudio for arm 5.5.1/armtools/bin/../lib/gcc/arm-atollic-eabi/5.3.1/../../../../arm-atollic-eabi/lib/armv7e-m/fpu\libc.a(lib_a-sbrkr.o)
 .ARM.attributes
                0x00000774       0x34 c:/program files (x86)/atollic/truestudio for arm 5.5.1/armtools/bin/../lib/gcc/arm-atollic-eabi/5.3.1/../../../../arm-atollic-eabi/lib/armv7e-m/fpu\libc.a(lib_a-sprintf.o)
 .ARM.attributes
                0x000007a8       0x34 c:/program files (x86)/atollic/truestudio for arm 5.5.1/armtools/bin/../lib/gcc/arm-atollic-eabi/5.3.1/../../../../arm-atollic-eabi/lib/armv7e-m/fpu\libc.a(lib_a-svfprintf.o)
 .ARM.attributes
                0x000007dc       0x34 c:/program files (x86)/atollic/truestudio for arm 5.5.1/armtools/bin/../lib/gcc/arm-atollic-eabi/5.3.1/../../../../arm-atollic-eabi/lib/armv7e-m/fpu\libc.a(lib_a-dtoa.o)
 .ARM.attributes
                0x00000810       0x34 c:/program files (x86)/atollic/truestudio for arm 5.5.1/armtools/bin/../lib/gcc/arm-atollic-eabi/5.3.1/../../../../arm-atollic-eabi/lib/armv7e-m/fpu\libc.a(lib_a-freer.o)
 .ARM.attributes
                0x00000844       0x34 c:/program files (x86)/atollic/truestudio for arm 5.5.1/armtools/bin/../lib/gcc/arm-atollic-eabi/5.3.1/../../../../arm-atollic-eabi/lib/armv7e-m/fpu\libc.a(lib_a-impure.o)
 .ARM.attributes
                0x00000878       0x34 c:/program files (x86)/atollic/truestudio for arm 5.5.1/armtools/bin/../lib/gcc/arm-atollic-eabi/5.3.1/../../../../arm-atollic-eabi/lib/armv7e-m/fpu\libc.a(lib_a-locale.o)
 .ARM.attributes
                0x000008ac       0x20 c:/program files (x86)/atollic/truestudio for arm 5.5.1/armtools/bin/../lib/gcc/arm-atollic-eabi/5.3.1/../../../../arm-atollic-eabi/lib/armv7e-m/fpu\libc.a(lib_a-memchr.o)
 .ARM.attributes
                0x000008cc       0x34 c:/program files (x86)/atollic/truestudio for arm 5.5.1/armtools/bin/../lib/gcc/arm-atollic-eabi/5.3.1/../../../../arm-atollic-eabi/lib/armv7e-m/fpu\libc.a(lib_a-mprec.o)
 .ARM.attributes
                0x00000900       0x34 c:/program files (x86)/atollic/truestudio for arm 5.5.1/armtools/bin/../lib/gcc/arm-atollic-eabi/5.3.1/../../../../arm-atollic-eabi/lib/armv7e-m/fpu\libc.a(lib_a-reent.o)
 .ARM.attributes
                0x00000934       0x1b c:/program files (x86)/atollic/truestudio for arm 5.5.1/armtools/bin/../lib/gcc/arm-atollic-eabi/5.3.1/../../../../arm-atollic-eabi/lib/armv7e-m/fpu\libc.a(lib_a-strlen.o)
 .ARM.attributes
                0x0000094f       0x34 c:/program files (x86)/atollic/truestudio for arm 5.5.1/armtools/bin/../lib/gcc/arm-atollic-eabi/5.3.1/../../../../arm-atollic-eabi/lib/armv7e-m/fpu\libc.a(lib_a-svfiprintf.o)
 .ARM.attributes
                0x00000983       0x34 c:/program files (x86)/atollic/truestudio for arm 5.5.1/armtools/bin/../lib/gcc/arm-atollic-eabi/5.3.1/../../../../arm-atollic-eabi/lib/armv7e-m/fpu\libc.a(lib_a-callocr.o)
 .ARM.attributes
                0x000009b7       0x34 c:/program files (x86)/atollic/truestudio for arm 5.5.1/armtools/bin/../lib/gcc/arm-atollic-eabi/5.3.1/../../../../arm-atollic-eabi/lib/armv7e-m/fpu\libc.a(lib_a-memmove.o)
 .ARM.attributes
                0x000009eb       0x34 c:/program files (x86)/atollic/truestudio for arm 5.5.1/armtools/bin/../lib/gcc/arm-atollic-eabi/5.3.1/../../../../arm-atollic-eabi/lib/armv7e-m/fpu\libc.a(lib_a-memset.o)
 .ARM.attributes
                0x00000a1f       0x34 c:/program files (x86)/atollic/truestudio for arm 5.5.1/armtools/bin/../lib/gcc/arm-atollic-eabi/5.3.1/../../../../arm-atollic-eabi/lib/armv7e-m/fpu\libc.a(lib_a-reallocr.o)
 .ARM.attributes
                0x00000a53       0x22 c:/program files (x86)/atollic/truestudio for arm 5.5.1/armtools/bin/../lib/gcc/arm-atollic-eabi/5.3.1/armv7e-m/fpu\libgcc.a(_arm_addsubdf3.o)
 .ARM.attributes
                0x00000a75       0x22 c:/program files (x86)/atollic/truestudio for arm 5.5.1/armtools/bin/../lib/gcc/arm-atollic-eabi/5.3.1/armv7e-m/fpu\libgcc.a(_arm_muldivdf3.o)
 .ARM.attributes
                0x00000a97       0x22 c:/program files (x86)/atollic/truestudio for arm 5.5.1/armtools/bin/../lib/gcc/arm-atollic-eabi/5.3.1/armv7e-m/fpu\libgcc.a(_arm_cmpdf2.o)
 .ARM.attributes
                0x00000ab9       0x22 c:/program files (x86)/atollic/truestudio for arm 5.5.1/armtools/bin/../lib/gcc/arm-atollic-eabi/5.3.1/armv7e-m/fpu\libgcc.a(_arm_unorddf2.o)
 .ARM.attributes
                0x00000adb       0x22 c:/program files (x86)/atollic/truestudio for arm 5.5.1/armtools/bin/../lib/gcc/arm-atollic-eabi/5.3.1/armv7e-m/fpu\libgcc.a(_arm_fixdfsi.o)
 .ARM.attributes
                0x00000afd       0x22 c:/program files (x86)/atollic/truestudio for arm 5.5.1/armtools/bin/../lib/gcc/arm-atollic-eabi/5.3.1/armv7e-m/fpu\libgcc.a(_aeabi_uldivmod.o)
 .ARM.attributes
                0x00000b1f       0x34 c:/program files (x86)/atollic/truestudio for arm 5.5.1/armtools/bin/../lib/gcc/arm-atollic-eabi/5.3.1/armv7e-m/fpu\libgcc.a(_udivmoddi4.o)
 .ARM.attributes
                0x00000b53       0x22 c:/program files (x86)/atollic/truestudio for arm 5.5.1/armtools/bin/../lib/gcc/arm-atollic-eabi/5.3.1/armv7e-m/fpu\libgcc.a(_dvmd_tls.o)
 .ARM.attributes
                0x00000b75       0x34 c:/program files (x86)/atollic/truestudio for arm 5.5.1/armtools/bin/../lib/gcc/arm-atollic-eabi/5.3.1/../../../../arm-atollic-eabi/lib/armv7e-m/fpu\libnosys.a(sbrk.o)
 .ARM.attributes
                0x00000ba9       0x22 c:/program files (x86)/atollic/truestudio for arm 5.5.1/armtools/bin/../lib/gcc/arm-atollic-eabi/5.3.1/armv7e-m/fpu/crtn.o
OUTPUT(Smart-ScaleF303.elf elf32-littlearm)

.debug_info     0x00000000     0xfaf2
 .debug_info    0x00000000      0x395 hx711\hx711.o
 .debug_info    0x00000395      0x37e Src\usbd_desc.o
 .debug_info    0x00000713     0x1465 Src\usbd_conf.o
 .debug_info    0x00001b78      0x767 Src\usbd_cdc_if.o
 .debug_info    0x000022df      0x590 Src\usb_device.o
 .debug_info    0x0000286f      0x55c Src\stm32f3xx_it.o
 .debug_info    0x00002dcb      0xb71 Src\stm32f3xx_hal_msp.o
 .debug_info    0x0000393c      0xf7e Src\main.o
 .debug_info    0x000048ba      0x31d Src\commands.o
 .debug_info    0x00004bd7      0x66b Middlewares\ST\STM32_USB_Device_Library\Core\Src\usbd_ioreq.o
 .debug_info    0x00005242      0x86b Middlewares\ST\STM32_USB_Device_Library\Core\Src\usbd_ctlreq.o
 .debug_info    0x00005aad      0x90a Middlewares\ST\STM32_USB_Device_Library\Core\Src\usbd_core.o
 .debug_info    0x000063b7      0xa56 Middlewares\ST\STM32_USB_Device_Library\Class\CDC\Src\usbd_cdc.o
 .debug_info    0x00006e0d     0x11c9 Drivers\STM32F3xx_HAL_Driver\Src\stm32f3xx_hal_tim_ex.o
 .debug_info    0x00007fd6     0x212a Drivers\STM32F3xx_HAL_Driver\Src\stm32f3xx_hal_tim.o
 .debug_info    0x0000a100      0x627 Drivers\STM32F3xx_HAL_Driver\Src\stm32f3xx_hal_rcc_ex.o
 .debug_info    0x0000a727     0x176b Drivers\STM32F3xx_HAL_Driver\Src\stm32f3xx_hal_rcc.o
 .debug_info    0x0000be92      0x68d Drivers\STM32F3xx_HAL_Driver\Src\stm32f3xx_hal_pcd_ex.o
 .debug_info    0x0000c51f      0xf22 Drivers\STM32F3xx_HAL_Driver\Src\stm32f3xx_hal_pcd.o
 .debug_info    0x0000d441      0x663 Drivers\STM32F3xx_HAL_Driver\Src\stm32f3xx_hal_gpio.o
 .debug_info    0x0000daa4      0x381 Drivers\STM32F3xx_HAL_Driver\Src\stm32f3xx_hal_crc_ex.o
 .debug_info    0x0000de25      0x50d Drivers\STM32F3xx_HAL_Driver\Src\stm32f3xx_hal_crc.o
 .debug_info    0x0000e332      0xccb Drivers\STM32F3xx_HAL_Driver\Src\stm32f3xx_hal_cortex.o
 .debug_info    0x0000effd      0x65f Drivers\STM32F3xx_HAL_Driver\Src\stm32f3xx_hal.o
 .debug_info    0x0000f65c      0x3fc Drivers\CMSIS\Device\ST\STM32F3xx\Source\Templates\system_stm32f3xx.o
 .debug_info    0x0000fa58       0x9a Drivers\CMSIS\Device\ST\STM32F3xx\Source\Templates\gcc\startup_stm32f303xc.o

.debug_abbrev   0x00000000     0x2ab2
 .debug_abbrev  0x00000000      0x16b hx711\hx711.o
 .debug_abbrev  0x0000016b      0x13c Src\usbd_desc.o
 .debug_abbrev  0x000002a7      0x242 Src\usbd_conf.o
 .debug_abbrev  0x000004e9      0x1fd Src\usbd_cdc_if.o
 .debug_abbrev  0x000006e6      0x136 Src\usb_device.o
 .debug_abbrev  0x0000081c      0x149 Src\stm32f3xx_it.o
 .debug_abbrev  0x00000965      0x17e Src\stm32f3xx_hal_msp.o
 .debug_abbrev  0x00000ae3      0x1e2 Src\main.o
 .debug_abbrev  0x00000cc5      0x152 Src\commands.o
 .debug_abbrev  0x00000e17      0x12d Middlewares\ST\STM32_USB_Device_Library\Core\Src\usbd_ioreq.o
 .debug_abbrev  0x00000f44      0x1ed Middlewares\ST\STM32_USB_Device_Library\Core\Src\usbd_ctlreq.o
 .debug_abbrev  0x00001131      0x1bd Middlewares\ST\STM32_USB_Device_Library\Core\Src\usbd_core.o
 .debug_abbrev  0x000012ee      0x1e2 Middlewares\ST\STM32_USB_Device_Library\Class\CDC\Src\usbd_cdc.o
 .debug_abbrev  0x000014d0      0x1ff Drivers\STM32F3xx_HAL_Driver\Src\stm32f3xx_hal_tim_ex.o
 .debug_abbrev  0x000016cf      0x208 Drivers\STM32F3xx_HAL_Driver\Src\stm32f3xx_hal_tim.o
 .debug_abbrev  0x000018d7      0x20f Drivers\STM32F3xx_HAL_Driver\Src\stm32f3xx_hal_rcc_ex.o
 .debug_abbrev  0x00001ae6      0x276 Drivers\STM32F3xx_HAL_Driver\Src\stm32f3xx_hal_rcc.o
 .debug_abbrev  0x00001d5c      0x194 Drivers\STM32F3xx_HAL_Driver\Src\stm32f3xx_hal_pcd_ex.o
 .debug_abbrev  0x00001ef0      0x241 Drivers\STM32F3xx_HAL_Driver\Src\stm32f3xx_hal_pcd.o
 .debug_abbrev  0x00002131      0x1ac Drivers\STM32F3xx_HAL_Driver\Src\stm32f3xx_hal_gpio.o
 .debug_abbrev  0x000022dd      0x10d Drivers\STM32F3xx_HAL_Driver\Src\stm32f3xx_hal_crc_ex.o
 .debug_abbrev  0x000023ea      0x188 Drivers\STM32F3xx_HAL_Driver\Src\stm32f3xx_hal_crc.o
 .debug_abbrev  0x00002572      0x295 Drivers\STM32F3xx_HAL_Driver\Src\stm32f3xx_hal_cortex.o
 .debug_abbrev  0x00002807      0x198 Drivers\STM32F3xx_HAL_Driver\Src\stm32f3xx_hal.o
 .debug_abbrev  0x0000299f      0x101 Drivers\CMSIS\Device\ST\STM32F3xx\Source\Templates\system_stm32f3xx.o
 .debug_abbrev  0x00002aa0       0x12 Drivers\CMSIS\Device\ST\STM32F3xx\Source\Templates\gcc\startup_stm32f303xc.o

.debug_aranges  0x00000000      0xf20
 .debug_aranges
                0x00000000       0x38 hx711\hx711.o
 .debug_aranges
                0x00000038       0x50 Src\usbd_desc.o
 .debug_aranges
                0x00000088      0x110 Src\usbd_conf.o
 .debug_aranges
                0x00000198       0x40 Src\usbd_cdc_if.o
 .debug_aranges
                0x000001d8       0x20 Src\usb_device.o
 .debug_aranges
                0x000001f8       0x68 Src\stm32f3xx_it.o
 .debug_aranges
                0x00000260       0x48 Src\stm32f3xx_hal_msp.o
 .debug_aranges
                0x000002a8       0x48 Src\main.o
 .debug_aranges
                0x000002f0       0x30 Src\commands.o
 .debug_aranges
                0x00000320       0x50 Middlewares\ST\STM32_USB_Device_Library\Core\Src\usbd_ioreq.o
 .debug_aranges
                0x00000370       0x88 Middlewares\ST\STM32_USB_Device_Library\Core\Src\usbd_ctlreq.o
 .debug_aranges
                0x000003f8       0xb8 Middlewares\ST\STM32_USB_Device_Library\Core\Src\usbd_core.o
 .debug_aranges
                0x000004b0       0x90 Middlewares\ST\STM32_USB_Device_Library\Class\CDC\Src\usbd_cdc.o
 .debug_aranges
                0x00000540      0x170 Drivers\STM32F3xx_HAL_Driver\Src\stm32f3xx_hal_tim_ex.o
 .debug_aranges
                0x000006b0      0x368 Drivers\STM32F3xx_HAL_Driver\Src\stm32f3xx_hal_tim.o
 .debug_aranges
                0x00000a18       0x38 Drivers\STM32F3xx_HAL_Driver\Src\stm32f3xx_hal_rcc_ex.o
 .debug_aranges
                0x00000a50       0x88 Drivers\STM32F3xx_HAL_Driver\Src\stm32f3xx_hal_rcc.o
 .debug_aranges
                0x00000ad8       0x38 Drivers\STM32F3xx_HAL_Driver\Src\stm32f3xx_hal_pcd_ex.o
 .debug_aranges
                0x00000b10      0x120 Drivers\STM32F3xx_HAL_Driver\Src\stm32f3xx_hal_pcd.o
 .debug_aranges
                0x00000c30       0x58 Drivers\STM32F3xx_HAL_Driver\Src\stm32f3xx_hal_gpio.o
 .debug_aranges
                0x00000c88       0x30 Drivers\STM32F3xx_HAL_Driver\Src\stm32f3xx_hal_crc_ex.o
 .debug_aranges
                0x00000cb8       0x60 Drivers\STM32F3xx_HAL_Driver\Src\stm32f3xx_hal_crc.o
 .debug_aranges
                0x00000d18      0x108 Drivers\STM32F3xx_HAL_Driver\Src\stm32f3xx_hal_cortex.o
 .debug_aranges
                0x00000e20       0xb0 Drivers\STM32F3xx_HAL_Driver\Src\stm32f3xx_hal.o
 .debug_aranges
                0x00000ed0       0x28 Drivers\CMSIS\Device\ST\STM32F3xx\Source\Templates\system_stm32f3xx.o
 .debug_aranges
                0x00000ef8       0x28 Drivers\CMSIS\Device\ST\STM32F3xx\Source\Templates\gcc\startup_stm32f303xc.o

.debug_ranges   0x00000000      0xd88
 .debug_ranges  0x00000000       0x28 hx711\hx711.o
 .debug_ranges  0x00000028       0x40 Src\usbd_desc.o
 .debug_ranges  0x00000068      0x100 Src\usbd_conf.o
 .debug_ranges  0x00000168       0x30 Src\usbd_cdc_if.o
 .debug_ranges  0x00000198       0x10 Src\usb_device.o
 .debug_ranges  0x000001a8       0x58 Src\stm32f3xx_it.o
 .debug_ranges  0x00000200       0x38 Src\stm32f3xx_hal_msp.o
 .debug_ranges  0x00000238       0x38 Src\main.o
 .debug_ranges  0x00000270       0x20 Src\commands.o
 .debug_ranges  0x00000290       0x40 Middlewares\ST\STM32_USB_Device_Library\Core\Src\usbd_ioreq.o
 .debug_ranges  0x000002d0       0x78 Middlewares\ST\STM32_USB_Device_Library\Core\Src\usbd_ctlreq.o
 .debug_ranges  0x00000348       0xa8 Middlewares\ST\STM32_USB_Device_Library\Core\Src\usbd_core.o
 .debug_ranges  0x000003f0       0x80 Middlewares\ST\STM32_USB_Device_Library\Class\CDC\Src\usbd_cdc.o
 .debug_ranges  0x00000470      0x160 Drivers\STM32F3xx_HAL_Driver\Src\stm32f3xx_hal_tim_ex.o
 .debug_ranges  0x000005d0      0x358 Drivers\STM32F3xx_HAL_Driver\Src\stm32f3xx_hal_tim.o
 .debug_ranges  0x00000928       0x28 Drivers\STM32F3xx_HAL_Driver\Src\stm32f3xx_hal_rcc_ex.o
 .debug_ranges  0x00000950       0x78 Drivers\STM32F3xx_HAL_Driver\Src\stm32f3xx_hal_rcc.o
 .debug_ranges  0x000009c8       0x28 Drivers\STM32F3xx_HAL_Driver\Src\stm32f3xx_hal_pcd_ex.o
 .debug_ranges  0x000009f0      0x110 Drivers\STM32F3xx_HAL_Driver\Src\stm32f3xx_hal_pcd.o
 .debug_ranges  0x00000b00       0x48 Drivers\STM32F3xx_HAL_Driver\Src\stm32f3xx_hal_gpio.o
 .debug_ranges  0x00000b48       0x20 Drivers\STM32F3xx_HAL_Driver\Src\stm32f3xx_hal_crc_ex.o
 .debug_ranges  0x00000b68       0x50 Drivers\STM32F3xx_HAL_Driver\Src\stm32f3xx_hal_crc.o
 .debug_ranges  0x00000bb8       0xf8 Drivers\STM32F3xx_HAL_Driver\Src\stm32f3xx_hal_cortex.o
 .debug_ranges  0x00000cb0       0xa0 Drivers\STM32F3xx_HAL_Driver\Src\stm32f3xx_hal.o
 .debug_ranges  0x00000d50       0x18 Drivers\CMSIS\Device\ST\STM32F3xx\Source\Templates\system_stm32f3xx.o
 .debug_ranges  0x00000d68       0x20 Drivers\CMSIS\Device\ST\STM32F3xx\Source\Templates\gcc\startup_stm32f303xc.o

.debug_line     0x00000000     0x732c
 .debug_line    0x00000000      0x25d hx711\hx711.o
 .debug_line    0x0000025d      0x20a Src\usbd_desc.o
 .debug_line    0x00000467      0x498 Src\usbd_conf.o
 .debug_line    0x000008ff      0x231 Src\usbd_cdc_if.o
 .debug_line    0x00000b30      0x200 Src\usb_device.o
 .debug_line    0x00000d30      0x28a Src\stm32f3xx_it.o
 .debug_line    0x00000fba      0x298 Src\stm32f3xx_hal_msp.o
 .debug_line    0x00001252      0x368 Src\main.o
 .debug_line    0x000015ba      0x201 Src\commands.o
 .debug_line    0x000017bb      0x237 Middlewares\ST\STM32_USB_Device_Library\Core\Src\usbd_ioreq.o
 .debug_line    0x000019f2      0x3f6 Middlewares\ST\STM32_USB_Device_Library\Core\Src\usbd_ctlreq.o
 .debug_line    0x00001de8      0x39c Middlewares\ST\STM32_USB_Device_Library\Core\Src\usbd_core.o
 .debug_line    0x00002184      0x376 Middlewares\ST\STM32_USB_Device_Library\Class\CDC\Src\usbd_cdc.o
 .debug_line    0x000024fa      0x955 Drivers\STM32F3xx_HAL_Driver\Src\stm32f3xx_hal_tim_ex.o
 .debug_line    0x00002e4f     0x1481 Drivers\STM32F3xx_HAL_Driver\Src\stm32f3xx_hal_tim.o
 .debug_line    0x000042d0      0x529 Drivers\STM32F3xx_HAL_Driver\Src\stm32f3xx_hal_rcc_ex.o
 .debug_line    0x000047f9      0xcd1 Drivers\STM32F3xx_HAL_Driver\Src\stm32f3xx_hal_rcc.o
 .debug_line    0x000054ca      0x28b Drivers\STM32F3xx_HAL_Driver\Src\stm32f3xx_hal_pcd_ex.o
 .debug_line    0x00005755      0x7cd Drivers\STM32F3xx_HAL_Driver\Src\stm32f3xx_hal_pcd.o
 .debug_line    0x00005f22      0x394 Drivers\STM32F3xx_HAL_Driver\Src\stm32f3xx_hal_gpio.o
 .debug_line    0x000062b6      0x252 Drivers\STM32F3xx_HAL_Driver\Src\stm32f3xx_hal_crc_ex.o
 .debug_line    0x00006508      0x35a Drivers\STM32F3xx_HAL_Driver\Src\stm32f3xx_hal_crc.o
 .debug_line    0x00006862      0x4d5 Drivers\STM32F3xx_HAL_Driver\Src\stm32f3xx_hal_cortex.o
 .debug_line    0x00006d37      0x354 Drivers\STM32F3xx_HAL_Driver\Src\stm32f3xx_hal.o
 .debug_line    0x0000708b      0x1f3 Drivers\CMSIS\Device\ST\STM32F3xx\Source\Templates\system_stm32f3xx.o
 .debug_line    0x0000727e       0xae Drivers\CMSIS\Device\ST\STM32F3xx\Source\Templates\gcc\startup_stm32f303xc.o

.debug_str      0x00000000     0x42bc
 .debug_str     0x00000000      0x274 hx711\hx711.o
                                0x2e6 (size before relaxing)
 .debug_str     0x00000274      0x21e Src\usbd_desc.o
                                0x3ee (size before relaxing)
 .debug_str     0x00000492      0xc9a Src\usbd_conf.o
                               0x108d (size before relaxing)
 .debug_str     0x0000112c      0x141 Src\usbd_cdc_if.o
                                0x6e4 (size before relaxing)
 .debug_str     0x0000126d       0x30 Src\usb_device.o
                                0x5f3 (size before relaxing)
 .debug_str     0x0000129d       0xc0 Src\stm32f3xx_it.o
                                0x553 (size before relaxing)
 .debug_str     0x0000135d      0x515 Src\stm32f3xx_hal_msp.o
                                0xc71 (size before relaxing)
 .debug_str     0x00001872      0x43f Src\main.o
                               0x1093 (size before relaxing)
 .debug_str     0x00001cb1       0x51 Src\commands.o
                                0x268 (size before relaxing)
 .debug_str     0x00001d02       0xc9 Middlewares\ST\STM32_USB_Device_Library\Core\Src\usbd_ioreq.o
                                0x65f (size before relaxing)
 .debug_str     0x00001dcb      0x133 Middlewares\ST\STM32_USB_Device_Library\Core\Src\usbd_ctlreq.o
                                0x6d7 (size before relaxing)
 .debug_str     0x00001efe      0x1af Middlewares\ST\STM32_USB_Device_Library\Core\Src\usbd_core.o
                                0x751 (size before relaxing)
 .debug_str     0x000020ad      0x1fa Middlewares\ST\STM32_USB_Device_Library\Class\CDC\Src\usbd_cdc.o
                                0x838 (size before relaxing)
 .debug_str     0x000022a7      0x610 Drivers\STM32F3xx_HAL_Driver\Src\stm32f3xx_hal_tim_ex.o
                                0xd4a (size before relaxing)
 .debug_str     0x000028b7      0xb41 Drivers\STM32F3xx_HAL_Driver\Src\stm32f3xx_hal_tim.o
                               0x1310 (size before relaxing)
 .debug_str     0x000033f8      0x13d Drivers\STM32F3xx_HAL_Driver\Src\stm32f3xx_hal_rcc_ex.o
                                0x515 (size before relaxing)
 .debug_str     0x00003535      0x1f5 Drivers\STM32F3xx_HAL_Driver\Src\stm32f3xx_hal_rcc.o
                                0x656 (size before relaxing)
 .debug_str     0x0000372a       0x9f Drivers\STM32F3xx_HAL_Driver\Src\stm32f3xx_hal_pcd_ex.o
                                0x594 (size before relaxing)
 .debug_str     0x000037c9      0x231 Drivers\STM32F3xx_HAL_Driver\Src\stm32f3xx_hal_pcd.o
                                0x863 (size before relaxing)
 .debug_str     0x000039fa      0x163 Drivers\STM32F3xx_HAL_Driver\Src\stm32f3xx_hal_gpio.o
                                0x460 (size before relaxing)
 .debug_str     0x00003b5d       0xbd Drivers\STM32F3xx_HAL_Driver\Src\stm32f3xx_hal_crc_ex.o
                                0x46e (size before relaxing)
 .debug_str     0x00003c1a       0xba Drivers\STM32F3xx_HAL_Driver\Src\stm32f3xx_hal_crc.o
                                0x498 (size before relaxing)
 .debug_str     0x00003cd4      0x3a8 Drivers\STM32F3xx_HAL_Driver\Src\stm32f3xx_hal_cortex.o
                                0xb3c (size before relaxing)
 .debug_str     0x0000407c      0x1c1 Drivers\STM32F3xx_HAL_Driver\Src\stm32f3xx_hal.o
                                0x8a1 (size before relaxing)
 .debug_str     0x0000423d       0x7f Drivers\CMSIS\Device\ST\STM32F3xx\Source\Templates\system_stm32f3xx.o
                                0x329 (size before relaxing)

.comment        0x00000000       0x7e
 .comment       0x00000000       0x7e hx711\hx711.o
                                 0x7f (size before relaxing)
 .comment       0x0000007e       0x7f Src\usbd_desc.o
 .comment       0x0000007e       0x7f Src\usbd_conf.o
 .comment       0x0000007e       0x7f Src\usbd_cdc_if.o
 .comment       0x0000007e       0x7f Src\usb_device.o
 .comment       0x0000007e       0x7f Src\stm32f3xx_it.o
 .comment       0x0000007e       0x7f Src\stm32f3xx_hal_msp.o
 .comment       0x0000007e       0x7f Src\main.o
 .comment       0x0000007e       0x7f Src\commands.o
 .comment       0x0000007e       0x7f Middlewares\ST\STM32_USB_Device_Library\Core\Src\usbd_ioreq.o
 .comment       0x0000007e       0x7f Middlewares\ST\STM32_USB_Device_Library\Core\Src\usbd_ctlreq.o
 .comment       0x0000007e       0x7f Middlewares\ST\STM32_USB_Device_Library\Core\Src\usbd_core.o
 .comment       0x0000007e       0x7f Middlewares\ST\STM32_USB_Device_Library\Class\CDC\Src\usbd_cdc.o
 .comment       0x0000007e       0x7f Drivers\STM32F3xx_HAL_Driver\Src\stm32f3xx_hal_tim_ex.o
 .comment       0x0000007e       0x7f Drivers\STM32F3xx_HAL_Driver\Src\stm32f3xx_hal_tim.o
 .comment       0x0000007e       0x7f Drivers\STM32F3xx_HAL_Driver\Src\stm32f3xx_hal_rcc_ex.o
 .comment       0x0000007e       0x7f Drivers\STM32F3xx_HAL_Driver\Src\stm32f3xx_hal_rcc.o
 .comment       0x0000007e       0x7f Drivers\STM32F3xx_HAL_Driver\Src\stm32f3xx_hal_pcd_ex.o
 .comment       0x0000007e       0x7f Drivers\STM32F3xx_HAL_Driver\Src\stm32f3xx_hal_pcd.o
 .comment       0x0000007e       0x7f Drivers\STM32F3xx_HAL_Driver\Src\stm32f3xx_hal_gpio.o
 .comment       0x0000007e       0x7f Drivers\STM32F3xx_HAL_Driver\Src\stm32f3xx_hal_crc_ex.o
 .comment       0x0000007e       0x7f Drivers\STM32F3xx_HAL_Driver\Src\stm32f3xx_hal_crc.o
 .comment       0x0000007e       0x7f Drivers\STM32F3xx_HAL_Driver\Src\stm32f3xx_hal_cortex.o
 .comment       0x0000007e       0x7f Drivers\STM32F3xx_HAL_Driver\Src\stm32f3xx_hal.o
 .comment       0x0000007e       0x7f Drivers\CMSIS\Device\ST\STM32F3xx\Source\Templates\system_stm32f3xx.o

.debug_frame    0x00000000     0x43d4
 .debug_frame   0x00000000       0xbc hx711\hx711.o
 .debug_frame   0x000000bc      0x114 Src\usbd_desc.o
 .debug_frame   0x000001d0      0x478 Src\usbd_conf.o
 .debug_frame   0x00000648       0xbc Src\usbd_cdc_if.o
 .debug_frame   0x00000704       0x2c Src\usb_device.o
 .debug_frame   0x00000730      0x128 Src\stm32f3xx_it.o
 .debug_frame   0x00000858       0xf8 Src\stm32f3xx_hal_msp.o
 .debug_frame   0x00000950       0xd4 Src\main.o
 .debug_frame   0x00000a24       0x84 Src\commands.o
 .debug_frame   0x00000aa8      0x10c Middlewares\ST\STM32_USB_Device_Library\Core\Src\usbd_ioreq.o
 .debug_frame   0x00000bb4      0x210 Middlewares\ST\STM32_USB_Device_Library\Core\Src\usbd_ctlreq.o
 .debug_frame   0x00000dc4      0x300 Middlewares\ST\STM32_USB_Device_Library\Core\Src\usbd_core.o
 .debug_frame   0x000010c4      0x24c Middlewares\ST\STM32_USB_Device_Library\Class\CDC\Src\usbd_cdc.o
 .debug_frame   0x00001310      0x660 Drivers\STM32F3xx_HAL_Driver\Src\stm32f3xx_hal_tim_ex.o
 .debug_frame   0x00001970      0xfb4 Drivers\STM32F3xx_HAL_Driver\Src\stm32f3xx_hal_tim.o
 .debug_frame   0x00002924       0xb4 Drivers\STM32F3xx_HAL_Driver\Src\stm32f3xx_hal_rcc_ex.o
 .debug_frame   0x000029d8      0x210 Drivers\STM32F3xx_HAL_Driver\Src\stm32f3xx_hal_rcc.o
 .debug_frame   0x00002be8       0xb0 Drivers\STM32F3xx_HAL_Driver\Src\stm32f3xx_hal_pcd_ex.o
 .debug_frame   0x00002c98      0x534 Drivers\STM32F3xx_HAL_Driver\Src\stm32f3xx_hal_pcd.o
 .debug_frame   0x000031cc      0x14c Drivers\STM32F3xx_HAL_Driver\Src\stm32f3xx_hal_gpio.o
 .debug_frame   0x00003318       0x88 Drivers\STM32F3xx_HAL_Driver\Src\stm32f3xx_hal_crc_ex.o
 .debug_frame   0x000033a0      0x168 Drivers\STM32F3xx_HAL_Driver\Src\stm32f3xx_hal_crc.o
 .debug_frame   0x00003508      0x450 Drivers\STM32F3xx_HAL_Driver\Src\stm32f3xx_hal_cortex.o
 .debug_frame   0x00003958      0x270 Drivers\STM32F3xx_HAL_Driver\Src\stm32f3xx_hal.o
 .debug_frame   0x00003bc8       0x58 Drivers\CMSIS\Device\ST\STM32F3xx\Source\Templates\system_stm32f3xx.o
 .debug_frame   0x00003c20       0x2c c:/program files (x86)/atollic/truestudio for arm 5.5.1/armtools/bin/../lib/gcc/arm-atollic-eabi/5.3.1/../../../../arm-atollic-eabi/lib/armv7e-m/fpu\libc.a(lib_a-init.o)
 .debug_frame   0x00003c4c       0x30 c:/program files (x86)/atollic/truestudio for arm 5.5.1/armtools/bin/../lib/gcc/arm-atollic-eabi/5.3.1/../../../../arm-atollic-eabi/lib/armv7e-m/fpu\libc.a(lib_a-malloc.o)
 .debug_frame   0x00003c7c       0x40 c:/program files (x86)/atollic/truestudio for arm 5.5.1/armtools/bin/../lib/gcc/arm-atollic-eabi/5.3.1/../../../../arm-atollic-eabi/lib/armv7e-m/fpu\libc.a(lib_a-mallocr.o)
 .debug_frame   0x00003cbc       0x28 c:/program files (x86)/atollic/truestudio for arm 5.5.1/armtools/bin/../lib/gcc/arm-atollic-eabi/5.3.1/../../../../arm-atollic-eabi/lib/armv7e-m/fpu\libc.a(lib_a-memcpy-stub.o)
 .debug_frame   0x00003ce4       0x30 c:/program files (x86)/atollic/truestudio for arm 5.5.1/armtools/bin/../lib/gcc/arm-atollic-eabi/5.3.1/../../../../arm-atollic-eabi/lib/armv7e-m/fpu\libc.a(lib_a-mlock.o)
 .debug_frame   0x00003d14       0x44 c:/program files (x86)/atollic/truestudio for arm 5.5.1/armtools/bin/../lib/gcc/arm-atollic-eabi/5.3.1/../../../../arm-atollic-eabi/lib/armv7e-m/fpu\libc.a(lib_a-rand.o)